Component: ARM Compiler 5.06 update 6 (build 750) Tool: armlink [4d35ed]

==============================================================================

Section Cross References

    system_lpc17xx.o(.text) refers to lludivv7m.o(.text) for __aeabi_uldivmod
    system_lpc17xx.o(.text) refers to system_lpc17xx.o(.data) for SystemCoreClock
    startup_lpc17xx.o(STACK) refers (Special) to heapauxi.o(.text) for __use_two_region_memory
    startup_lpc17xx.o(HEAP) refers (Special) to heapauxi.o(.text) for __use_two_region_memory
    startup_lpc17xx.o(RESET) refers (Special) to heapauxi.o(.text) for __use_two_region_memory
    startup_lpc17xx.o(RESET) refers to startup_lpc17xx.o(STACK) for __initial_sp
    startup_lpc17xx.o(RESET) refers to startup_lpc17xx.o(.text) for Reset_Handler
    startup_lpc17xx.o(RESET) refers to fnd.o(.text) for TIMER0_IRQHandler
    startup_lpc17xx.o(.ARM.__at_0x02FC) refers (Special) to heapauxi.o(.text) for __use_two_region_memory
    startup_lpc17xx.o(.text) refers (Special) to heapauxi.o(.text) for __use_two_region_memory
    startup_lpc17xx.o(.text) refers to system_lpc17xx.o(.text) for SystemInit
    startup_lpc17xx.o(.text) refers to __main.o(!!!main) for __main
    startup_lpc17xx.o(.text) refers to startup_lpc17xx.o(HEAP) for Heap_Mem
    startup_lpc17xx.o(.text) refers to startup_lpc17xx.o(STACK) for Stack_Mem
    lpc1768_utility.o(.text) refers to lpc17xx_gpio.o(.text) for GPIO_SetDir
    lpc1768_utility.o(.text) refers to lpc1768_utility.o(.data) for ledStatus1
    lpc1768_fnd.o(.text) refers to lpc17xx_gpio.o(.text) for GPIO_SetDir
    lpc17xx_timer.o(.text) refers to lpc17xx_clkpwr.o(.text) for CLKPWR_GetPCLK
    lpc17xx_timer.o(.text) refers to lludivv7m.o(.text) for __aeabi_uldivmod
    lpc17xx_timer.o(.text) refers to lpc17xx_libcfg_default.o(.text) for check_failed
    lpc17xx_clkpwr.o(.text) refers to system_lpc17xx.o(.data) for SystemCoreClock
    debug_frmwrk.o(.text) refers to lpc17xx_uart.o(.text) for UART_Send
    debug_frmwrk.o(.text) refers to lpc17xx_pinsel.o(.text) for PINSEL_ConfigPin
    debug_frmwrk.o(.text) refers to debug_frmwrk.o(.data) for _db_msg
    lpc17xx_adc.o(.text) refers to lpc17xx_libcfg_default.o(.text) for check_failed
    lpc17xx_adc.o(.text) refers to lpc17xx_clkpwr.o(.text) for CLKPWR_ConfigPPWR
    lpc17xx_can.o(.text) refers to lpc17xx_libcfg_default.o(.text) for check_failed
    lpc17xx_can.o(.text) refers to lpc17xx_clkpwr.o(.text) for CLKPWR_GetPCLK
    lpc17xx_can.o(.text) refers to lpc17xx_can.o(.data) for FULLCAN_ENABLE
    lpc17xx_dac.o(.text) refers to lpc17xx_libcfg_default.o(.text) for check_failed
    lpc17xx_emac.o(.text) refers to lpc17xx_clkpwr.o(.text) for CLKPWR_ConfigPPWR
    lpc17xx_emac.o(.text) refers to lpc17xx_emac.o(.bss) for rx_buf
    lpc17xx_emac.o(.text) refers to system_lpc17xx.o(.data) for SystemCoreClock
    lpc17xx_emac.o(.text) refers to lpc17xx_emac.o(.constdata) for EMAC_clkdiv
    lpc17xx_gpdma.o(.text) refers to lpc17xx_clkpwr.o(.text) for CLKPWR_ConfigPPWR
    lpc17xx_gpdma.o(.text) refers to lpc17xx_libcfg_default.o(.text) for check_failed
    lpc17xx_gpdma.o(.text) refers to lpc17xx_gpdma.o(.data) for pGPDMACh
    lpc17xx_gpdma.o(.text) refers to lpc17xx_gpdma.o(.constdata) for GPDMA_LUTPerBurst
    lpc17xx_i2c.o(.text) refers to lpc17xx_libcfg_default.o(.text) for check_failed
    lpc17xx_i2c.o(.text) refers to lpc17xx_clkpwr.o(.text) for CLKPWR_GetPCLK
    lpc17xx_i2c.o(.text) refers to lpc17xx_i2c.o(.bss) for i2cdat
    lpc17xx_i2c.o(.text) refers to lpc17xx_i2c.o(.data) for I2C_MonitorBufferIndex
    lpc17xx_i2s.o(.text) refers to lpc17xx_libcfg_default.o(.text) for check_failed
    lpc17xx_i2s.o(.text) refers to lpc17xx_clkpwr.o(.text) for CLKPWR_ConfigPPWR
    lpc17xx_i2s.o(.text) refers to lludivv7m.o(.text) for __aeabi_uldivmod
    lpc17xx_iap.o(.text) refers to lpc17xx_iap.o(.data) for iap_entry
    lpc17xx_iap.o(.text) refers to system_lpc17xx.o(.data) for SystemCoreClock
    lpc17xx_mcpwm.o(.text) refers to lpc17xx_clkpwr.o(.text) for CLKPWR_ConfigPPWR
    lpc17xx_pwm.o(.text) refers to lpc17xx_libcfg_default.o(.text) for check_failed
    lpc17xx_pwm.o(.text) refers to lpc17xx_clkpwr.o(.text) for CLKPWR_ConfigPPWR
    lpc17xx_pwm.o(.text) refers to lludivv7m.o(.text) for __aeabi_uldivmod
    lpc17xx_qei.o(.text) refers to lpc17xx_libcfg_default.o(.text) for check_failed
    lpc17xx_qei.o(.text) refers to lpc17xx_clkpwr.o(.text) for CLKPWR_ConfigPPWR
    lpc17xx_qei.o(.text) refers to lludivv7m.o(.text) for __aeabi_uldivmod
    lpc17xx_rit.o(.text) refers to lpc17xx_libcfg_default.o(.text) for check_failed
    lpc17xx_rit.o(.text) refers to lpc17xx_clkpwr.o(.text) for CLKPWR_ConfigPPWR
    lpc17xx_rtc.o(.text) refers to lpc17xx_libcfg_default.o(.text) for check_failed
    lpc17xx_rtc.o(.text) refers to lpc17xx_clkpwr.o(.text) for CLKPWR_ConfigPPWR
    lpc17xx_spi.o(.text) refers to lpc17xx_libcfg_default.o(.text) for check_failed
    lpc17xx_spi.o(.text) refers to lpc17xx_clkpwr.o(.text) for CLKPWR_GetPCLK
    lpc17xx_ssp.o(.text) refers to lpc17xx_libcfg_default.o(.text) for check_failed
    lpc17xx_ssp.o(.text) refers to lpc17xx_clkpwr.o(.text) for CLKPWR_GetPCLK
    lpc17xx_systick.o(.text) refers to fflt_clz.o(x$fpl$ffltu) for __aeabi_ui2f
    lpc17xx_systick.o(.text) refers to frleqf.o(x$fpl$frleqf) for __aeabi_cfrcmple
    lpc17xx_systick.o(.text) refers to lpc17xx_libcfg_default.o(.text) for check_failed
    lpc17xx_systick.o(.text) refers to system_lpc17xx.o(.data) for SystemCoreClock
    lpc17xx_systick.o(.text) refers to lpc17xx_systick.o(.conststring) for .conststring
    lpc17xx_uart.o(.text) refers to lpc17xx_clkpwr.o(.text) for CLKPWR_GetPCLK
    lpc17xx_uart.o(.text) refers to lludivv7m.o(.text) for __aeabi_uldivmod
    lpc17xx_uart.o(.text) refers to lpc17xx_libcfg_default.o(.text) for check_failed
    lpc17xx_uart.o(.text) refers to lpc17xx_pinsel.o(.text) for AF_ConfigPin
    lpc17xx_wdt.o(.text) refers to lludivv7m.o(.text) for __aeabi_uldivmod
    lpc17xx_wdt.o(.text) refers to lpc17xx_clkpwr.o(.text) for CLKPWR_SetPCLKDiv
    lpc17xx_wdt.o(.text) refers to lpc17xx_libcfg_default.o(.text) for check_failed
    lpc17xx_wdt.o(.text) refers to system_lpc17xx.o(.data) for SystemCoreClock
    lpc1768_motor.o(.text) refers to lpc17xx_gpio.o(.text) for GPIO_SetDir
    lpc1768_motor.o(.text) refers to lpc1768_utility.o(.text) for Delay
    lpc1768_motor.o(.text) refers to system_lpc17xx.o(.data) for SystemCoreClock
    fnd.o(.text) refers to fnd.o(.data) for ventilation
    fnd.o(.text) refers to lpc17xx_timer.o(.text) for TIM_ClearIntPending
    fnd.o(.text) refers to lpc17xx_adc.o(.text) for ADC_ChannelGetStatus
    fnd.o(.text) refers to lpc17xx_gpio.o(.text) for GPIO_SetDir
    fnd.o(.text) refers to fnd.o(.bss) for TIM_MatchConfigStruct
    fnd.o(.text) refers to lpc1768_utility.o(.text) for Delay
    fnd.o(.text) refers to system_lpc17xx.o(.data) for SystemCoreClock
    fnd.o(.text) refers to lpc17xx_exti.o(.text) for EXTI_ClearEXTIFlag
    fnd.o(.text) refers to lpc17xx_pinsel.o(.text) for AF_ConfigPin
    __main.o(!!!main) refers to __rtentry.o(.ARM.Collect$$rtentry$$00000000) for __rt_entry
    fflt_clz.o(x$fpl$ffltu) refers (Special) to usenofp.o(x$fpl$usenofp) for __I$use$fp
    fflt_clz.o(x$fpl$fflt) refers (Special) to usenofp.o(x$fpl$usenofp) for __I$use$fp
    fflt_clz.o(x$fpl$ffltn) refers (Special) to usenofp.o(x$fpl$usenofp) for __I$use$fp
    frleqf.o(x$fpl$frleqf) refers (Special) to usenofp.o(x$fpl$usenofp) for __I$use$fp
    frleqf.o(x$fpl$frleqf) refers to fleqf.o(x$fpl$fleqf) for __fpl_fcmple_InfNaN
    __rtentry.o(.ARM.Collect$$rtentry$$00000000) refers (Special) to __rtentry2.o(.ARM.Collect$$rtentry$$0000000A) for __rt_entry_li
    __rtentry.o(.ARM.Collect$$rtentry$$00000000) refers (Special) to __rtentry2.o(.ARM.Collect$$rtentry$$0000000D) for __rt_entry_main
    __rtentry.o(.ARM.Collect$$rtentry$$00000000) refers (Special) to __rtentry2.o(.ARM.Collect$$rtentry$$0000000C) for __rt_entry_postli_1
    __rtentry.o(.ARM.Collect$$rtentry$$00000000) refers (Special) to __rtentry2.o(.ARM.Collect$$rtentry$$00000009) for __rt_entry_postsh_1
    __rtentry.o(.ARM.Collect$$rtentry$$00000000) refers (Special) to __rtentry2.o(.ARM.Collect$$rtentry$$00000002) for __rt_entry_presh_1
    __rtentry.o(.ARM.Collect$$rtentry$$00000000) refers (Special) to __rtentry4.o(.ARM.Collect$$rtentry$$00000004) for __rt_entry_sh
    aeabi_ldiv0_sigfpe.o(.text) refers to rt_div0.o(.text) for __rt_div0
    fleqf.o(x$fpl$fleqf) refers (Special) to usenofp.o(x$fpl$usenofp) for __I$use$fp
    fleqf.o(x$fpl$fleqf) refers to fnaninf.o(x$fpl$fnaninf) for __fpl_fnaninf
    fleqf.o(x$fpl$fleqf) refers to fcmpi.o(x$fpl$fcmpinf) for __fpl_fcmp_Inf
    __rtentry2.o(.ARM.Collect$$rtentry$$00000008) refers to boardinit2.o(.text) for _platform_post_stackheap_init
    __rtentry2.o(.ARM.Collect$$rtentry$$0000000A) refers to libinit.o(.ARM.Collect$$libinit$$00000000) for __rt_lib_init
    __rtentry2.o(.ARM.Collect$$rtentry$$0000000B) refers to boardinit3.o(.text) for _platform_post_lib_init
    __rtentry2.o(.ARM.Collect$$rtentry$$0000000D) refers to fnd.o(.text) for main
    __rtentry2.o(.ARM.Collect$$rtentry$$0000000D) refers to exit.o(.text) for exit
    __rtentry2.o(.ARM.exidx) refers to __rtentry2.o(.ARM.Collect$$rtentry$$00000001) for .ARM.Collect$$rtentry$$00000001
    __rtentry2.o(.ARM.exidx) refers to __rtentry2.o(.ARM.Collect$$rtentry$$00000008) for .ARM.Collect$$rtentry$$00000008
    __rtentry2.o(.ARM.exidx) refers to __rtentry2.o(.ARM.Collect$$rtentry$$0000000A) for .ARM.Collect$$rtentry$$0000000A
    __rtentry2.o(.ARM.exidx) refers to __rtentry2.o(.ARM.Collect$$rtentry$$0000000B) for .ARM.Collect$$rtentry$$0000000B
    __rtentry2.o(.ARM.exidx) refers to __rtentry2.o(.ARM.Collect$$rtentry$$0000000D) for .ARM.Collect$$rtentry$$0000000D
    __rtentry4.o(.ARM.Collect$$rtentry$$00000004) refers to sys_stackheap_outer.o(.text) for __user_setup_stackheap
    __rtentry4.o(.ARM.exidx) refers to __rtentry4.o(.ARM.Collect$$rtentry$$00000004) for .ARM.Collect$$rtentry$$00000004
    rt_div0.o(.text) refers to defsig_fpe_outer.o(.text) for __rt_SIGFPE
    fcmpi.o(x$fpl$fcmpinf) refers (Special) to usenofp.o(x$fpl$usenofp) for __I$use$fp
    fnaninf.o(x$fpl$fnaninf) refers (Special) to usenofp.o(x$fpl$usenofp) for __I$use$fp
    sys_stackheap_outer.o(.text) refers to libspace.o(.text) for __user_perproc_libspace
    sys_stackheap_outer.o(.text) refers to startup_lpc17xx.o(.text) for __user_initial_stackheap
    exit.o(.text) refers to rtexit.o(.ARM.Collect$$rtexit$$00000000) for __rt_exit
    defsig_fpe_outer.o(.text) refers to defsig_fpe_inner.o(.text) for __rt_SIGFPE_inner
    defsig_fpe_outer.o(.text) refers to defsig_exit.o(.text) for __sig_exit
    defsig_fpe_formal.o(.text) refers to rt_raise.o(.text) for __rt_raise
    libinit.o(.ARM.Collect$$libinit$$00000000) refers (Special) to libinit2.o(.ARM.Collect$$libinit$$0000002E) for __rt_lib_init_alloca_1
    libinit.o(.ARM.Collect$$libinit$$00000000) refers (Special) to libinit2.o(.ARM.Collect$$libinit$$0000002C) for __rt_lib_init_argv_1
    libinit.o(.ARM.Collect$$libinit$$00000000) refers (Special) to libinit2.o(.ARM.Collect$$libinit$$0000001B) for __rt_lib_init_atexit_1
    libinit.o(.ARM.Collect$$libinit$$00000000) refers (Special) to libinit2.o(.ARM.Collect$$libinit$$00000021) for __rt_lib_init_clock_1
    libinit.o(.ARM.Collect$$libinit$$00000000) refers (Special) to libinit2.o(.ARM.Collect$$libinit$$00000032) for __rt_lib_init_cpp_1
    libinit.o(.ARM.Collect$$libinit$$00000000) refers (Special) to libinit2.o(.ARM.Collect$$libinit$$00000030) for __rt_lib_init_exceptions_1
    libinit.o(.ARM.Collect$$libinit$$00000000) refers (Special) to libinit2.o(.ARM.Collect$$libinit$$00000002) for __rt_lib_init_fp_1
    libinit.o(.ARM.Collect$$libinit$$00000000) refers (Special) to libinit2.o(.ARM.Collect$$libinit$$0000001F) for __rt_lib_init_fp_trap_1
    libinit.o(.ARM.Collect$$libinit$$00000000) refers (Special) to libinit2.o(.ARM.Collect$$libinit$$00000023) for __rt_lib_init_getenv_1
    libinit.o(.ARM.Collect$$libinit$$00000000) refers (Special) to libinit2.o(.ARM.Collect$$libinit$$0000000A) for __rt_lib_init_heap_1
    libinit.o(.ARM.Collect$$libinit$$00000000) refers (Special) to libinit2.o(.ARM.Collect$$libinit$$00000011) for __rt_lib_init_lc_collate_1
    libinit.o(.ARM.Collect$$libinit$$00000000) refers (Special) to libinit2.o(.ARM.Collect$$libinit$$00000013) for __rt_lib_init_lc_ctype_1
    libinit.o(.ARM.Collect$$libinit$$00000000) refers (Special) to libinit2.o(.ARM.Collect$$libinit$$00000015) for __rt_lib_init_lc_monetary_1
    libinit.o(.ARM.Collect$$libinit$$00000000) refers (Special) to libinit2.o(.ARM.Collect$$libinit$$00000017) for __rt_lib_init_lc_numeric_1
    libinit.o(.ARM.Collect$$libinit$$00000000) refers (Special) to libinit2.o(.ARM.Collect$$libinit$$00000019) for __rt_lib_init_lc_time_1
    libinit.o(.ARM.Collect$$libinit$$00000000) refers (Special) to libinit2.o(.ARM.Collect$$libinit$$00000004) for __rt_lib_init_preinit_1
    libinit.o(.ARM.Collect$$libinit$$00000000) refers (Special) to libinit2.o(.ARM.Collect$$libinit$$0000000E) for __rt_lib_init_rand_1
    libinit.o(.ARM.Collect$$libinit$$00000000) refers (Special) to libinit2.o(.ARM.Collect$$libinit$$00000033) for __rt_lib_init_return
    libinit.o(.ARM.Collect$$libinit$$00000000) refers (Special) to libinit2.o(.ARM.Collect$$libinit$$0000001D) for __rt_lib_init_signal_1
    libinit.o(.ARM.Collect$$libinit$$00000000) refers (Special) to libinit2.o(.ARM.Collect$$libinit$$00000025) for __rt_lib_init_stdio_1
    libinit.o(.ARM.Collect$$libinit$$00000000) refers (Special) to libinit2.o(.ARM.Collect$$libinit$$0000000C) for __rt_lib_init_user_alloc_1
    libspace.o(.text) refers to libspace.o(.bss) for __libspace_start
    rtexit.o(.ARM.Collect$$rtexit$$00000000) refers (Special) to rtexit2.o(.ARM.Collect$$rtexit$$00000004) for __rt_exit_exit
    rtexit.o(.ARM.Collect$$rtexit$$00000000) refers (Special) to rtexit2.o(.ARM.Collect$$rtexit$$00000003) for __rt_exit_ls
    rtexit.o(.ARM.Collect$$rtexit$$00000000) refers (Special) to rtexit2.o(.ARM.Collect$$rtexit$$00000002) for __rt_exit_prels_1
    rtexit.o(.ARM.exidx) refers (Special) to rtexit2.o(.ARM.Collect$$rtexit$$00000004) for __rt_exit_exit
    rtexit.o(.ARM.exidx) refers (Special) to rtexit2.o(.ARM.Collect$$rtexit$$00000003) for __rt_exit_ls
    rtexit.o(.ARM.exidx) refers (Special) to rtexit2.o(.ARM.Collect$$rtexit$$00000002) for __rt_exit_prels_1
    rtexit.o(.ARM.exidx) refers to rtexit.o(.ARM.Collect$$rtexit$$00000000) for .ARM.Collect$$rtexit$$00000000
    rt_raise.o(.text) refers to __raise.o(.text) for __raise
    rt_raise.o(.text) refers to sys_exit.o(.text) for _sys_exit
    defsig_exit.o(.text) refers to sys_exit.o(.text) for _sys_exit
    defsig_fpe_inner.o(.text) refers to defsig_general.o(.text) for __default_signal_display
    libinit2.o(.ARM.Collect$$libinit$$00000010) refers to libinit2.o(.ARM.Collect$$libinit$$0000000F) for .ARM.Collect$$libinit$$0000000F
    libinit2.o(.ARM.Collect$$libinit$$00000012) refers to libinit2.o(.ARM.Collect$$libinit$$0000000F) for .ARM.Collect$$libinit$$0000000F
    libinit2.o(.ARM.Collect$$libinit$$00000014) refers to libinit2.o(.ARM.Collect$$libinit$$0000000F) for .ARM.Collect$$libinit$$0000000F
    libinit2.o(.ARM.Collect$$libinit$$00000016) refers to libinit2.o(.ARM.Collect$$libinit$$0000000F) for .ARM.Collect$$libinit$$0000000F
    libinit2.o(.ARM.Collect$$libinit$$00000018) refers to libinit2.o(.ARM.Collect$$libinit$$0000000F) for .ARM.Collect$$libinit$$0000000F
    libinit2.o(.ARM.Collect$$libinit$$00000026) refers to argv_veneer.o(.emb_text) for __ARM_argv_veneer
    libinit2.o(.ARM.Collect$$libinit$$00000027) refers to argv_veneer.o(.emb_text) for __ARM_argv_veneer
    sys_exit.o(.text) refers (Special) to use_no_semi.o(.text) for __I$use$semihosting
    sys_exit.o(.text) refers (Special) to indicate_semi.o(.text) for __semihosting_library_function
    rtexit2.o(.ARM.Collect$$rtexit$$00000003) refers to libshutdown.o(.ARM.Collect$$libshutdown$$00000000) for __rt_lib_shutdown
    rtexit2.o(.ARM.Collect$$rtexit$$00000004) refers to sys_exit.o(.text) for _sys_exit
    rtexit2.o(.ARM.exidx) refers to rtexit2.o(.ARM.Collect$$rtexit$$00000001) for .ARM.Collect$$rtexit$$00000001
    rtexit2.o(.ARM.exidx) refers to rtexit2.o(.ARM.Collect$$rtexit$$00000003) for .ARM.Collect$$rtexit$$00000003
    rtexit2.o(.ARM.exidx) refers to rtexit2.o(.ARM.Collect$$rtexit$$00000004) for .ARM.Collect$$rtexit$$00000004
    __raise.o(.text) refers to defsig.o(CL$$defsig) for __default_signal_handler
    defsig_general.o(.text) refers to sys_wrch.o(.text) for _ttywrch
    argv_veneer.o(.emb_text) refers to no_argv.o(.text) for __ARM_get_argv
    sys_wrch.o(.text) refers (Special) to use_no_semi.o(.text) for __I$use$semihosting
    sys_wrch.o(.text) refers (Special) to indicate_semi.o(.text) for __semihosting_library_function
    defsig.o(CL$$defsig) refers to defsig_fpe_inner.o(.text) for __rt_SIGFPE_inner
    defsig.o(CL$$defsig) refers to defsig_rtmem_inner.o(.text) for __rt_SIGRTMEM_inner
    _get_argv_nomalloc.o(.text) refers (Special) to hrguard.o(.text) for __heap_region$guard
    _get_argv_nomalloc.o(.text) refers to defsig_rtmem_outer.o(.text) for __rt_SIGRTMEM
    _get_argv_nomalloc.o(.text) refers to sys_command.o(.text) for _sys_command_string
    libshutdown.o(.ARM.Collect$$libshutdown$$00000000) refers (Special) to libshutdown2.o(.ARM.Collect$$libshutdown$$00000002) for __rt_lib_shutdown_cpp_1
    libshutdown.o(.ARM.Collect$$libshutdown$$00000000) refers (Special) to libshutdown2.o(.ARM.Collect$$libshutdown$$00000007) for __rt_lib_shutdown_fp_trap_1
    libshutdown.o(.ARM.Collect$$libshutdown$$00000000) refers (Special) to libshutdown2.o(.ARM.Collect$$libshutdown$$0000000F) for __rt_lib_shutdown_heap_1
    libshutdown.o(.ARM.Collect$$libshutdown$$00000000) refers (Special) to libshutdown2.o(.ARM.Collect$$libshutdown$$00000010) for __rt_lib_shutdown_return
    libshutdown.o(.ARM.Collect$$libshutdown$$00000000) refers (Special) to libshutdown2.o(.ARM.Collect$$libshutdown$$0000000A) for __rt_lib_shutdown_signal_1
    libshutdown.o(.ARM.Collect$$libshutdown$$00000000) refers (Special) to libshutdown2.o(.ARM.Collect$$libshutdown$$00000004) for __rt_lib_shutdown_stdio_1
    libshutdown.o(.ARM.Collect$$libshutdown$$00000000) refers (Special) to libshutdown2.o(.ARM.Collect$$libshutdown$$0000000C) for __rt_lib_shutdown_user_alloc_1
    sys_command.o(.text) refers (Special) to use_no_semi.o(.text) for __I$use$semihosting
    sys_command.o(.text) refers (Special) to indicate_semi.o(.text) for __semihosting_library_function
    defsig_abrt_inner.o(.text) refers to defsig_general.o(.text) for __default_signal_display
    defsig_rtred_inner.o(.text) refers to defsig_general.o(.text) for __default_signal_display
    defsig_rtmem_inner.o(.text) refers to defsig_general.o(.text) for __default_signal_display
    defsig_rtmem_outer.o(.text) refers to defsig_rtmem_inner.o(.text) for __rt_SIGRTMEM_inner
    defsig_rtmem_outer.o(.text) refers to defsig_exit.o(.text) for __sig_exit
    defsig_rtmem_formal.o(.text) refers to rt_raise.o(.text) for __rt_raise
    defsig_stak_inner.o(.text) refers to defsig_general.o(.text) for __default_signal_display
    defsig_pvfn_inner.o(.text) refers to defsig_general.o(.text) for __default_signal_display
    defsig_cppl_inner.o(.text) refers to defsig_general.o(.text) for __default_signal_display
    defsig_segv_inner.o(.text) refers to defsig_general.o(.text) for __default_signal_display
    defsig_other.o(.text) refers to defsig_general.o(.text) for __default_signal_display


==============================================================================

Removing Unused input sections from the image.

    Removing system_lpc17xx.o(.rev16_text), (4 bytes).
    Removing system_lpc17xx.o(.revsh_text), (4 bytes).
    Removing lpc17xx_gpio.o(.rev16_text), (4 bytes).
    Removing lpc17xx_gpio.o(.revsh_text), (4 bytes).
    Removing lpc17xx_pinsel.o(.rev16_text), (4 bytes).
    Removing lpc17xx_pinsel.o(.revsh_text), (4 bytes).
    Removing lpc1768_utility.o(.rev16_text), (4 bytes).
    Removing lpc1768_utility.o(.revsh_text), (4 bytes).
    Removing lpc1768_fnd.o(.rev16_text), (4 bytes).
    Removing lpc1768_fnd.o(.revsh_text), (4 bytes).
    Removing lpc1768_fnd.o(.text), (816 bytes).
    Removing lpc17xx_timer.o(.rev16_text), (4 bytes).
    Removing lpc17xx_timer.o(.revsh_text), (4 bytes).
    Removing lpc17xx_clkpwr.o(.rev16_text), (4 bytes).
    Removing lpc17xx_clkpwr.o(.revsh_text), (4 bytes).
    Removing lpc17xx_exti.o(.rev16_text), (4 bytes).
    Removing lpc17xx_exti.o(.revsh_text), (4 bytes).
    Removing debug_frmwrk.o(.rev16_text), (4 bytes).
    Removing debug_frmwrk.o(.revsh_text), (4 bytes).
    Removing debug_frmwrk.o(.text), (1060 bytes).
    Removing debug_frmwrk.o(.data), (40 bytes).
    Removing lpc17xx_adc.o(.rev16_text), (4 bytes).
    Removing lpc17xx_adc.o(.revsh_text), (4 bytes).
    Removing lpc17xx_can.o(.rev16_text), (4 bytes).
    Removing lpc17xx_can.o(.revsh_text), (4 bytes).
    Removing lpc17xx_can.o(.text), (7768 bytes).
    Removing lpc17xx_can.o(.data), (12 bytes).
    Removing lpc17xx_dac.o(.rev16_text), (4 bytes).
    Removing lpc17xx_dac.o(.revsh_text), (4 bytes).
    Removing lpc17xx_dac.o(.text), (276 bytes).
    Removing lpc17xx_emac.o(.rev16_text), (4 bytes).
    Removing lpc17xx_emac.o(.revsh_text), (4 bytes).
    Removing lpc17xx_emac.o(.text), (1704 bytes).
    Removing lpc17xx_emac.o(.bss), (10852 bytes).
    Removing lpc17xx_emac.o(.constdata), (15 bytes).
    Removing lpc17xx_gpdma.o(.rev16_text), (4 bytes).
    Removing lpc17xx_gpdma.o(.revsh_text), (4 bytes).
    Removing lpc17xx_gpdma.o(.text), (1032 bytes).
    Removing lpc17xx_gpdma.o(.constdata), (48 bytes).
    Removing lpc17xx_gpdma.o(.data), (128 bytes).
    Removing lpc17xx_i2c.o(.rev16_text), (4 bytes).
    Removing lpc17xx_i2c.o(.revsh_text), (4 bytes).
    Removing lpc17xx_i2c.o(.text), (2748 bytes).
    Removing lpc17xx_i2c.o(.bss), (48 bytes).
    Removing lpc17xx_i2c.o(.data), (4 bytes).
    Removing lpc17xx_i2s.o(.rev16_text), (4 bytes).
    Removing lpc17xx_i2s.o(.revsh_text), (4 bytes).
    Removing lpc17xx_i2s.o(.text), (2268 bytes).
    Removing lpc17xx_iap.o(.text), (464 bytes).
    Removing lpc17xx_iap.o(.data), (4 bytes).
    Removing lpc17xx_mcpwm.o(.rev16_text), (4 bytes).
    Removing lpc17xx_mcpwm.o(.revsh_text), (4 bytes).
    Removing lpc17xx_mcpwm.o(.text), (1056 bytes).
    Removing lpc17xx_nvic.o(.rev16_text), (4 bytes).
    Removing lpc17xx_nvic.o(.revsh_text), (4 bytes).
    Removing lpc17xx_nvic.o(.text), (156 bytes).
    Removing lpc17xx_pwm.o(.rev16_text), (4 bytes).
    Removing lpc17xx_pwm.o(.revsh_text), (4 bytes).
    Removing lpc17xx_pwm.o(.text), (1944 bytes).
    Removing lpc17xx_qei.o(.rev16_text), (4 bytes).
    Removing lpc17xx_qei.o(.revsh_text), (4 bytes).
    Removing lpc17xx_qei.o(.text), (1436 bytes).
    Removing lpc17xx_rit.o(.rev16_text), (4 bytes).
    Removing lpc17xx_rit.o(.revsh_text), (4 bytes).
    Removing lpc17xx_rit.o(.text), (396 bytes).
    Removing lpc17xx_rtc.o(.rev16_text), (4 bytes).
    Removing lpc17xx_rtc.o(.revsh_text), (4 bytes).
    Removing lpc17xx_rtc.o(.text), (2468 bytes).
    Removing lpc17xx_spi.o(.rev16_text), (4 bytes).
    Removing lpc17xx_spi.o(.revsh_text), (4 bytes).
    Removing lpc17xx_spi.o(.text), (920 bytes).
    Removing lpc17xx_ssp.o(.rev16_text), (4 bytes).
    Removing lpc17xx_ssp.o(.revsh_text), (4 bytes).
    Removing lpc17xx_ssp.o(.text), (1752 bytes).
    Removing lpc17xx_systick.o(.rev16_text), (4 bytes).
    Removing lpc17xx_systick.o(.revsh_text), (4 bytes).
    Removing lpc17xx_systick.o(.text), (356 bytes).
    Removing lpc17xx_systick.o(.conststring), (65 bytes).
    Removing lpc17xx_uart.o(.rev16_text), (4 bytes).
    Removing lpc17xx_uart.o(.revsh_text), (4 bytes).
    Removing lpc17xx_uart.o(.text), (3772 bytes).
    Removing lpc17xx_wdt.o(.rev16_text), (4 bytes).
    Removing lpc17xx_wdt.o(.revsh_text), (4 bytes).
    Removing lpc17xx_wdt.o(.text), (596 bytes).
    Removing lpc1768_motor.o(.rev16_text), (4 bytes).
    Removing lpc1768_motor.o(.revsh_text), (4 bytes).
    Removing lpc1768_motor.o(.text), (312 bytes).
    Removing fnd.o(.rev16_text), (4 bytes).
    Removing fnd.o(.revsh_text), (4 bytes).

89 unused section(s) (total 44748 bytes) removed from the image.

==============================================================================

Image Symbol Table

    Local Symbols

    Symbol Name                              Value     Ov Type        Size  Object(Section)

    RESET                                    0x00000000   Section      204  startup_lpc17xx.o(RESET)
    ../clib/angel/boardlib.s                 0x00000000   Number         0  boardshut.o ABSOLUTE
    ../clib/angel/boardlib.s                 0x00000000   Number         0  boardinit3.o ABSOLUTE
    ../clib/angel/boardlib.s                 0x00000000   Number         0  boardinit2.o ABSOLUTE
    ../clib/angel/boardlib.s                 0x00000000   Number         0  boardinit1.o ABSOLUTE
    ../clib/angel/handlers.s                 0x00000000   Number         0  __scatter_copy.o ABSOLUTE
    ../clib/angel/handlers.s                 0x00000000   Number         0  __scatter_zi.o ABSOLUTE
    ../clib/angel/kernel.s                   0x00000000   Number         0  rtexit2.o ABSOLUTE
    ../clib/angel/kernel.s                   0x00000000   Number         0  __rtentry2.o ABSOLUTE
    ../clib/angel/kernel.s                   0x00000000   Number         0  __rtentry.o ABSOLUTE
    ../clib/angel/kernel.s                   0x00000000   Number         0  rtexit.o ABSOLUTE
    ../clib/angel/kernel.s                   0x00000000   Number         0  __rtentry4.o ABSOLUTE
    ../clib/angel/rt.s                       0x00000000   Number         0  aeabi_ldiv0.o ABSOLUTE
    ../clib/angel/rt.s                       0x00000000   Number         0  aeabi_ldiv0_sigfpe.o ABSOLUTE
    ../clib/angel/rt.s                       0x00000000   Number         0  rt_div0.o ABSOLUTE
    ../clib/angel/rt.s                       0x00000000   Number         0  rt_raise.o ABSOLUTE
    ../clib/angel/scatter.s                  0x00000000   Number         0  __scatter.o ABSOLUTE
    ../clib/angel/startup.s                  0x00000000   Number         0  __main.o ABSOLUTE
    ../clib/angel/sys.s                      0x00000000   Number         0  use_no_semi.o ABSOLUTE
    ../clib/angel/sys.s                      0x00000000   Number         0  sys_stackheap_outer.o ABSOLUTE
    ../clib/angel/sys.s                      0x00000000   Number         0  indicate_semi.o ABSOLUTE
    ../clib/angel/sys.s                      0x00000000   Number         0  libspace.o ABSOLUTE
    ../clib/angel/sysapp.c                   0x00000000   Number         0  sys_wrch.o ABSOLUTE
    ../clib/angel/sysapp.c                   0x00000000   Number         0  sys_command.o ABSOLUTE
    ../clib/angel/sysapp.c                   0x00000000   Number         0  sys_exit.o ABSOLUTE
    ../clib/armsys.c                         0x00000000   Number         0  no_argv.o ABSOLUTE
    ../clib/armsys.c                         0x00000000   Number         0  _get_argv_nomalloc.o ABSOLUTE
    ../clib/armsys.c                         0x00000000   Number         0  argv_veneer.o ABSOLUTE
    ../clib/armsys.c                         0x00000000   Number         0  argv_veneer.o ABSOLUTE
    ../clib/heapalloc.c                      0x00000000   Number         0  hrguard.o ABSOLUTE
    ../clib/heapaux.c                        0x00000000   Number         0  heapauxi.o ABSOLUTE
    ../clib/libinit.s                        0x00000000   Number         0  libshutdown.o ABSOLUTE
    ../clib/libinit.s                        0x00000000   Number         0  libinit.o ABSOLUTE
    ../clib/libinit.s                        0x00000000   Number         0  libshutdown2.o ABSOLUTE
    ../clib/libinit.s                        0x00000000   Number         0  libinit2.o ABSOLUTE
    ../clib/longlong.s                       0x00000000   Number         0  lludivv7m.o ABSOLUTE
    ../clib/signal.c                         0x00000000   Number         0  defsig_general.o ABSOLUTE
    ../clib/signal.c                         0x00000000   Number         0  __raise.o ABSOLUTE
    ../clib/signal.c                         0x00000000   Number         0  defsig_fpe_formal.o ABSOLUTE
    ../clib/signal.c                         0x00000000   Number         0  defsig_fpe_outer.o ABSOLUTE
    ../clib/signal.c                         0x00000000   Number         0  defsig_rtmem_inner.o ABSOLUTE
    ../clib/signal.c                         0x00000000   Number         0  defsig_rtred_inner.o ABSOLUTE
    ../clib/signal.c                         0x00000000   Number         0  defsig_stak_inner.o ABSOLUTE
    ../clib/signal.c                         0x00000000   Number         0  defsig_abrt_inner.o ABSOLUTE
    ../clib/signal.c                         0x00000000   Number         0  defsig_pvfn_inner.o ABSOLUTE
    ../clib/signal.c                         0x00000000   Number         0  defsig_rtmem_outer.o ABSOLUTE
    ../clib/signal.c                         0x00000000   Number         0  defsig_cppl_inner.o ABSOLUTE
    ../clib/signal.c                         0x00000000   Number         0  defsig_segv_inner.o ABSOLUTE
    ../clib/signal.c                         0x00000000   Number         0  defsig_other.o ABSOLUTE
    ../clib/signal.c                         0x00000000   Number         0  defsig_exit.o ABSOLUTE
    ../clib/signal.c                         0x00000000   Number         0  defsig_fpe_inner.o ABSOLUTE
    ../clib/signal.c                         0x00000000   Number         0  defsig_rtmem_formal.o ABSOLUTE
    ../clib/signal.s                         0x00000000   Number         0  defsig.o ABSOLUTE
    ../clib/stdlib.c                         0x00000000   Number         0  exit.o ABSOLUTE
    ../fplib/fcmpi.s                         0x00000000   Number         0  fcmpi.o ABSOLUTE
    ../fplib/fflt.s                          0x00000000   Number         0  fflt_clz.o ABSOLUTE
    ../fplib/fleqf.s                         0x00000000   Number         0  fleqf.o ABSOLUTE
    ../fplib/fnaninf.s                       0x00000000   Number         0  fnaninf.o ABSOLUTE
    ../fplib/fpinit.s                        0x00000000   Number         0  fpinit.o ABSOLUTE
    ../fplib/frleqf.s                        0x00000000   Number         0  frleqf.o ABSOLUTE
    ../fplib/usenofp.s                       0x00000000   Number         0  usenofp.o ABSOLUTE
    ..\..\Huins_NXP_LPC1768_Library\Drivers\source\LPC1768_fnd.c 0x00000000   Number         0  lpc1768_fnd.o ABSOLUTE
    ..\..\Huins_NXP_LPC1768_Library\Drivers\source\LPC1768_motor.c 0x00000000   Number         0  lpc1768_motor.o ABSOLUTE
    ..\..\Huins_NXP_LPC1768_Library\Drivers\source\LPC1768_utility.c 0x00000000   Number         0  lpc1768_utility.o ABSOLUTE
    ..\..\Huins_NXP_LPC1768_Library\Drivers\source\debug_frmwrk.c 0x00000000   Number         0  debug_frmwrk.o ABSOLUTE
    ..\..\Huins_NXP_LPC1768_Library\Drivers\source\lpc17xx_adc.c 0x00000000   Number         0  lpc17xx_adc.o ABSOLUTE
    ..\..\Huins_NXP_LPC1768_Library\Drivers\source\lpc17xx_can.c 0x00000000   Number         0  lpc17xx_can.o ABSOLUTE
    ..\..\Huins_NXP_LPC1768_Library\Drivers\source\lpc17xx_clkpwr.c 0x00000000   Number         0  lpc17xx_clkpwr.o ABSOLUTE
    ..\..\Huins_NXP_LPC1768_Library\Drivers\source\lpc17xx_dac.c 0x00000000   Number         0  lpc17xx_dac.o ABSOLUTE
    ..\..\Huins_NXP_LPC1768_Library\Drivers\source\lpc17xx_emac.c 0x00000000   Number         0  lpc17xx_emac.o ABSOLUTE
    ..\..\Huins_NXP_LPC1768_Library\Drivers\source\lpc17xx_exti.c 0x00000000   Number         0  lpc17xx_exti.o ABSOLUTE
    ..\..\Huins_NXP_LPC1768_Library\Drivers\source\lpc17xx_gpdma.c 0x00000000   Number         0  lpc17xx_gpdma.o ABSOLUTE
    ..\..\Huins_NXP_LPC1768_Library\Drivers\source\lpc17xx_gpio.c 0x00000000   Number         0  lpc17xx_gpio.o ABSOLUTE
    ..\..\Huins_NXP_LPC1768_Library\Drivers\source\lpc17xx_i2c.c 0x00000000   Number         0  lpc17xx_i2c.o ABSOLUTE
    ..\..\Huins_NXP_LPC1768_Library\Drivers\source\lpc17xx_i2s.c 0x00000000   Number         0  lpc17xx_i2s.o ABSOLUTE
    ..\..\Huins_NXP_LPC1768_Library\Drivers\source\lpc17xx_iap.c 0x00000000   Number         0  lpc17xx_iap.o ABSOLUTE
    ..\..\Huins_NXP_LPC1768_Library\Drivers\source\lpc17xx_libcfg_default.c 0x00000000   Number         0  lpc17xx_libcfg_default.o ABSOLUTE
    ..\..\Huins_NXP_LPC1768_Library\Drivers\source\lpc17xx_mcpwm.c 0x00000000   Number         0  lpc17xx_mcpwm.o ABSOLUTE
    ..\..\Huins_NXP_LPC1768_Library\Drivers\source\lpc17xx_nvic.c 0x00000000   Number         0  lpc17xx_nvic.o ABSOLUTE
    ..\..\Huins_NXP_LPC1768_Library\Drivers\source\lpc17xx_pinsel.c 0x00000000   Number         0  lpc17xx_pinsel.o ABSOLUTE
    ..\..\Huins_NXP_LPC1768_Library\Drivers\source\lpc17xx_pwm.c 0x00000000   Number         0  lpc17xx_pwm.o ABSOLUTE
    ..\..\Huins_NXP_LPC1768_Library\Drivers\source\lpc17xx_qei.c 0x00000000   Number         0  lpc17xx_qei.o ABSOLUTE
    ..\..\Huins_NXP_LPC1768_Library\Drivers\source\lpc17xx_rit.c 0x00000000   Number         0  lpc17xx_rit.o ABSOLUTE
    ..\..\Huins_NXP_LPC1768_Library\Drivers\source\lpc17xx_rtc.c 0x00000000   Number         0  lpc17xx_rtc.o ABSOLUTE
    ..\..\Huins_NXP_LPC1768_Library\Drivers\source\lpc17xx_spi.c 0x00000000   Number         0  lpc17xx_spi.o ABSOLUTE
    ..\..\Huins_NXP_LPC1768_Library\Drivers\source\lpc17xx_ssp.c 0x00000000   Number         0  lpc17xx_ssp.o ABSOLUTE
    ..\..\Huins_NXP_LPC1768_Library\Drivers\source\lpc17xx_systick.c 0x00000000   Number         0  lpc17xx_systick.o ABSOLUTE
    ..\..\Huins_NXP_LPC1768_Library\Drivers\source\lpc17xx_timer.c 0x00000000   Number         0  lpc17xx_timer.o ABSOLUTE
    ..\..\Huins_NXP_LPC1768_Library\Drivers\source\lpc17xx_uart.c 0x00000000   Number         0  lpc17xx_uart.o ABSOLUTE
    ..\..\Huins_NXP_LPC1768_Library\Drivers\source\lpc17xx_wdt.c 0x00000000   Number         0  lpc17xx_wdt.o ABSOLUTE
    ..\Src\FND.c                             0x00000000   Number         0  fnd.o ABSOLUTE
    ..\\..\\Huins_NXP_LPC1768_Library\\Drivers\\source\\LPC1768_fnd.c 0x00000000   Number         0  lpc1768_fnd.o ABSOLUTE
    ..\\..\\Huins_NXP_LPC1768_Library\\Drivers\\source\\LPC1768_motor.c 0x00000000   Number         0  lpc1768_motor.o ABSOLUTE
    ..\\..\\Huins_NXP_LPC1768_Library\\Drivers\\source\\LPC1768_utility.c 0x00000000   Number         0  lpc1768_utility.o ABSOLUTE
    ..\\..\\Huins_NXP_LPC1768_Library\\Drivers\\source\\debug_frmwrk.c 0x00000000   Number         0  debug_frmwrk.o ABSOLUTE
    ..\\..\\Huins_NXP_LPC1768_Library\\Drivers\\source\\lpc17xx_adc.c 0x00000000   Number         0  lpc17xx_adc.o ABSOLUTE
    ..\\..\\Huins_NXP_LPC1768_Library\\Drivers\\source\\lpc17xx_can.c 0x00000000   Number         0  lpc17xx_can.o ABSOLUTE
    ..\\..\\Huins_NXP_LPC1768_Library\\Drivers\\source\\lpc17xx_clkpwr.c 0x00000000   Number         0  lpc17xx_clkpwr.o ABSOLUTE
    ..\\..\\Huins_NXP_LPC1768_Library\\Drivers\\source\\lpc17xx_dac.c 0x00000000   Number         0  lpc17xx_dac.o ABSOLUTE
    ..\\..\\Huins_NXP_LPC1768_Library\\Drivers\\source\\lpc17xx_emac.c 0x00000000   Number         0  lpc17xx_emac.o ABSOLUTE
    ..\\..\\Huins_NXP_LPC1768_Library\\Drivers\\source\\lpc17xx_exti.c 0x00000000   Number         0  lpc17xx_exti.o ABSOLUTE
    ..\\..\\Huins_NXP_LPC1768_Library\\Drivers\\source\\lpc17xx_gpdma.c 0x00000000   Number         0  lpc17xx_gpdma.o ABSOLUTE
    ..\\..\\Huins_NXP_LPC1768_Library\\Drivers\\source\\lpc17xx_gpio.c 0x00000000   Number         0  lpc17xx_gpio.o ABSOLUTE
    ..\\..\\Huins_NXP_LPC1768_Library\\Drivers\\source\\lpc17xx_i2c.c 0x00000000   Number         0  lpc17xx_i2c.o ABSOLUTE
    ..\\..\\Huins_NXP_LPC1768_Library\\Drivers\\source\\lpc17xx_i2s.c 0x00000000   Number         0  lpc17xx_i2s.o ABSOLUTE
    ..\\..\\Huins_NXP_LPC1768_Library\\Drivers\\source\\lpc17xx_mcpwm.c 0x00000000   Number         0  lpc17xx_mcpwm.o ABSOLUTE
    ..\\..\\Huins_NXP_LPC1768_Library\\Drivers\\source\\lpc17xx_nvic.c 0x00000000   Number         0  lpc17xx_nvic.o ABSOLUTE
    ..\\..\\Huins_NXP_LPC1768_Library\\Drivers\\source\\lpc17xx_pinsel.c 0x00000000   Number         0  lpc17xx_pinsel.o ABSOLUTE
    ..\\..\\Huins_NXP_LPC1768_Library\\Drivers\\source\\lpc17xx_pwm.c 0x00000000   Number         0  lpc17xx_pwm.o ABSOLUTE
    ..\\..\\Huins_NXP_LPC1768_Library\\Drivers\\source\\lpc17xx_qei.c 0x00000000   Number         0  lpc17xx_qei.o ABSOLUTE
    ..\\..\\Huins_NXP_LPC1768_Library\\Drivers\\source\\lpc17xx_rit.c 0x00000000   Number         0  lpc17xx_rit.o ABSOLUTE
    ..\\..\\Huins_NXP_LPC1768_Library\\Drivers\\source\\lpc17xx_rtc.c 0x00000000   Number         0  lpc17xx_rtc.o ABSOLUTE
    ..\\..\\Huins_NXP_LPC1768_Library\\Drivers\\source\\lpc17xx_spi.c 0x00000000   Number         0  lpc17xx_spi.o ABSOLUTE
    ..\\..\\Huins_NXP_LPC1768_Library\\Drivers\\source\\lpc17xx_ssp.c 0x00000000   Number         0  lpc17xx_ssp.o ABSOLUTE
    ..\\..\\Huins_NXP_LPC1768_Library\\Drivers\\source\\lpc17xx_systick.c 0x00000000   Number         0  lpc17xx_systick.o ABSOLUTE
    ..\\..\\Huins_NXP_LPC1768_Library\\Drivers\\source\\lpc17xx_timer.c 0x00000000   Number         0  lpc17xx_timer.o ABSOLUTE
    ..\\..\\Huins_NXP_LPC1768_Library\\Drivers\\source\\lpc17xx_uart.c 0x00000000   Number         0  lpc17xx_uart.o ABSOLUTE
    ..\\..\\Huins_NXP_LPC1768_Library\\Drivers\\source\\lpc17xx_wdt.c 0x00000000   Number         0  lpc17xx_wdt.o ABSOLUTE
    ..\\Src\\FND.c                           0x00000000   Number         0  fnd.o ABSOLUTE
    dc.s                                     0x00000000   Number         0  dc.o ABSOLUTE
    startup_LPC17xx.s                        0x00000000   Number         0  startup_lpc17xx.o ABSOLUTE
    system_LPC17xx.c                         0x00000000   Number         0  system_lpc17xx.o ABSOLUTE
    system_LPC17xx.c                         0x00000000   Number         0  system_lpc17xx.o ABSOLUTE
    test.c                                   0x00000000   Number         0  test.o ABSOLUTE
    !!!main                                  0x000000cc   Section        8  __main.o(!!!main)
    !!!scatter                               0x000000d4   Section       52  __scatter.o(!!!scatter)
    !!handler_copy                           0x00000108   Section       26  __scatter_copy.o(!!handler_copy)
    !!handler_zi                             0x00000124   Section       28  __scatter_zi.o(!!handler_zi)
    .ARM.Collect$$libinit$$00000000          0x00000140   Section        2  libinit.o(.ARM.Collect$$libinit$$00000000)
    .ARM.Collect$$libinit$$00000002          0x00000142   Section        0  libinit2.o(.ARM.Collect$$libinit$$00000002)
    .ARM.Collect$$libinit$$00000004          0x00000142   Section        0  libinit2.o(.ARM.Collect$$libinit$$00000004)
    .ARM.Collect$$libinit$$0000000A          0x00000142   Section        0  libinit2.o(.ARM.Collect$$libinit$$0000000A)
    .ARM.Collect$$libinit$$0000000C          0x00000142   Section        0  libinit2.o(.ARM.Collect$$libinit$$0000000C)
    .ARM.Collect$$libinit$$0000000E          0x00000142   Section        0  libinit2.o(.ARM.Collect$$libinit$$0000000E)
    .ARM.Collect$$libinit$$00000011          0x00000142   Section        0  libinit2.o(.ARM.Collect$$libinit$$00000011)
    .ARM.Collect$$libinit$$00000013          0x00000142   Section        0  libinit2.o(.ARM.Collect$$libinit$$00000013)
    .ARM.Collect$$libinit$$00000015          0x00000142   Section        0  libinit2.o(.ARM.Collect$$libinit$$00000015)
    .ARM.Collect$$libinit$$00000017          0x00000142   Section        0  libinit2.o(.ARM.Collect$$libinit$$00000017)
    .ARM.Collect$$libinit$$00000019          0x00000142   Section        0  libinit2.o(.ARM.Collect$$libinit$$00000019)
    .ARM.Collect$$libinit$$0000001B          0x00000142   Section        0  libinit2.o(.ARM.Collect$$libinit$$0000001B)
    .ARM.Collect$$libinit$$0000001D          0x00000142   Section        0  libinit2.o(.ARM.Collect$$libinit$$0000001D)
    .ARM.Collect$$libinit$$0000001F          0x00000142   Section        0  libinit2.o(.ARM.Collect$$libinit$$0000001F)
    .ARM.Collect$$libinit$$00000021          0x00000142   Section        0  libinit2.o(.ARM.Collect$$libinit$$00000021)
    .ARM.Collect$$libinit$$00000023          0x00000142   Section        0  libinit2.o(.ARM.Collect$$libinit$$00000023)
    .ARM.Collect$$libinit$$00000025          0x00000142   Section        0  libinit2.o(.ARM.Collect$$libinit$$00000025)
    .ARM.Collect$$libinit$$0000002C          0x00000142   Section        0  libinit2.o(.ARM.Collect$$libinit$$0000002C)
    .ARM.Collect$$libinit$$0000002E          0x00000142   Section        0  libinit2.o(.ARM.Collect$$libinit$$0000002E)
    .ARM.Collect$$libinit$$00000030          0x00000142   Section        0  libinit2.o(.ARM.Collect$$libinit$$00000030)
    .ARM.Collect$$libinit$$00000032          0x00000142   Section        0  libinit2.o(.ARM.Collect$$libinit$$00000032)
    .ARM.Collect$$libinit$$00000033          0x00000142   Section        2  libinit2.o(.ARM.Collect$$libinit$$00000033)
    .ARM.Collect$$libshutdown$$00000000      0x00000144   Section        2  libshutdown.o(.ARM.Collect$$libshutdown$$00000000)
    .ARM.Collect$$libshutdown$$00000002      0x00000146   Section        0  libshutdown2.o(.ARM.Collect$$libshutdown$$00000002)
    .ARM.Collect$$libshutdown$$00000004      0x00000146   Section        0  libshutdown2.o(.ARM.Collect$$libshutdown$$00000004)
    .ARM.Collect$$libshutdown$$00000007      0x00000146   Section        0  libshutdown2.o(.ARM.Collect$$libshutdown$$00000007)
    .ARM.Collect$$libshutdown$$0000000A      0x00000146   Section        0  libshutdown2.o(.ARM.Collect$$libshutdown$$0000000A)
    .ARM.Collect$$libshutdown$$0000000C      0x00000146   Section        0  libshutdown2.o(.ARM.Collect$$libshutdown$$0000000C)
    .ARM.Collect$$libshutdown$$0000000F      0x00000146   Section        0  libshutdown2.o(.ARM.Collect$$libshutdown$$0000000F)
    .ARM.Collect$$libshutdown$$00000010      0x00000146   Section        2  libshutdown2.o(.ARM.Collect$$libshutdown$$00000010)
    .ARM.Collect$$rtentry$$00000000          0x00000148   Section        0  __rtentry.o(.ARM.Collect$$rtentry$$00000000)
    .ARM.Collect$$rtentry$$00000002          0x00000148   Section        0  __rtentry2.o(.ARM.Collect$$rtentry$$00000002)
    .ARM.Collect$$rtentry$$00000004          0x00000148   Section        6  __rtentry4.o(.ARM.Collect$$rtentry$$00000004)
    .ARM.Collect$$rtentry$$00000009          0x0000014e   Section        0  __rtentry2.o(.ARM.Collect$$rtentry$$00000009)
    .ARM.Collect$$rtentry$$0000000A          0x0000014e   Section        4  __rtentry2.o(.ARM.Collect$$rtentry$$0000000A)
    .ARM.Collect$$rtentry$$0000000C          0x00000152   Section        0  __rtentry2.o(.ARM.Collect$$rtentry$$0000000C)
    .ARM.Collect$$rtentry$$0000000D          0x00000152   Section        8  __rtentry2.o(.ARM.Collect$$rtentry$$0000000D)
    .ARM.Collect$$rtexit$$00000000           0x0000015a   Section        2  rtexit.o(.ARM.Collect$$rtexit$$00000000)
    .ARM.Collect$$rtexit$$00000002           0x0000015c   Section        0  rtexit2.o(.ARM.Collect$$rtexit$$00000002)
    .ARM.Collect$$rtexit$$00000003           0x0000015c   Section        4  rtexit2.o(.ARM.Collect$$rtexit$$00000003)
    .ARM.Collect$$rtexit$$00000004           0x00000160   Section        6  rtexit2.o(.ARM.Collect$$rtexit$$00000004)
    .text                                    0x00000168   Section       60  startup_lpc17xx.o(.text)
    .text                                    0x000001a4   Section        0  lpc17xx_pinsel.o(.text)
    set_PinFunc                              0x000001a5   Thumb Code    60  lpc17xx_pinsel.o(.text)
    set_ResistorMode                         0x000001e1   Thumb Code    62  lpc17xx_pinsel.o(.text)
    set_OpenDrainMode                        0x0000021f   Thumb Code    44  lpc17xx_pinsel.o(.text)
    .text                                    0x000002c4   Section        0  lpc17xx_libcfg_default.o(.text)
    .text                                    0x000002c8   Section        0  heapauxi.o(.text)
    .text                                    0x000002ce   Section        0  exit.o(.text)
    .text                                    0x000002e0   Section        8  libspace.o(.text)
    .text                                    0x000002e8   Section        0  sys_exit.o(.text)
    .text                                    0x000002f4   Section        2  use_no_semi.o(.text)
    .text                                    0x000002f6   Section        0  indicate_semi.o(.text)
    .ARM.__at_0x02FC                         0x000002fc   Section        4  startup_lpc17xx.o(.ARM.__at_0x02FC)
    .text                                    0x00000300   Section        0  system_lpc17xx.o(.text)
    .text                                    0x000005ec   Section        0  lpc17xx_gpio.o(.text)
    GPIO_GetPointer                          0x000005ed   Thumb Code    52  lpc17xx_gpio.o(.text)
    FIO_HalfWordGetPointer                   0x00000621   Thumb Code    52  lpc17xx_gpio.o(.text)
    FIO_ByteGetPointer                       0x00000655   Thumb Code    52  lpc17xx_gpio.o(.text)
    .text                                    0x000009f8   Section        0  lpc1768_utility.o(.text)
    .text                                    0x00000db0   Section        0  lpc17xx_timer.o(.text)
    getPClock                                0x00000db1   Thumb Code    66  lpc17xx_timer.o(.text)
    converUSecToVal                          0x00000df3   Thumb Code    50  lpc17xx_timer.o(.text)
    converPtrToTimeNum                       0x00000e25   Thumb Code    46  lpc17xx_timer.o(.text)
    .text                                    0x00001434   Section        0  lpc17xx_clkpwr.o(.text)
    .text                                    0x00001574   Section        0  lpc17xx_exti.o(.text)
    .text                                    0x00001638   Section        0  lpc17xx_adc.o(.text)
    .text                                    0x00001994   Section        0  fnd.o(.text)
    NVIC_EnableIRQ                           0x00002d99   Thumb Code    22  fnd.o(.text)
    .text                                    0x00002dfc   Section      238  lludivv7m.o(.text)
    .text                                    0x00002eea   Section       74  sys_stackheap_outer.o(.text)
    .data                                    0x10000000   Section        4  system_lpc17xx.o(.data)
    .data                                    0x10000004   Section        8  lpc1768_utility.o(.data)
    .data                                    0x1000000c   Section       56  fnd.o(.data)
    .bss                                     0x10000044   Section       12  fnd.o(.bss)
    .bss                                     0x10000050   Section       96  libspace.o(.bss)
    HEAP                                     0x100000b0   Section        0  startup_lpc17xx.o(HEAP)
    STACK                                    0x100000b0   Section      512  startup_lpc17xx.o(STACK)
    Heap_Mem                                 0x100000b0   Data           0  startup_lpc17xx.o(HEAP)
    Stack_Mem                                0x100000b0   Data         512  startup_lpc17xx.o(STACK)
    __initial_sp                             0x100002b0   Data           0  startup_lpc17xx.o(STACK)

    Global Symbols

    Symbol Name                              Value     Ov Type        Size  Object(Section)

    BuildAttributes$$THM_ISAv4$P$D$K$B$S$PE$A:L22UL41UL21$X:L11$S22US41US21$IEEE1$IW$USESV6$~STKCKD$USESV7$~SHL$OSPACE$ROPI$EBA8$UX$STANDARDLIB$REQ8$PRES8$EABIv2 0x00000000   Number         0  anon$$obj.o ABSOLUTE
    __ARM_use_no_argv                        0x00000000   Number         0  fnd.o ABSOLUTE
    __Vectors                                0x00000000   Data           4  startup_lpc17xx.o(RESET)
    __ARM_exceptions_init                     - Undefined Weak Reference
    __alloca_initialize                       - Undefined Weak Reference
    __arm_preinit_                            - Undefined Weak Reference
    __cpp_initialize__aeabi_                  - Undefined Weak Reference
    __cxa_finalize                            - Undefined Weak Reference
    __rt_locale                               - Undefined Weak Reference
    __sigvec_lookup                           - Undefined Weak Reference
    _atexit_init                              - Undefined Weak Reference
    _call_atexit_fns                          - Undefined Weak Reference
    _clock_init                               - Undefined Weak Reference
    _fp_trap_init                             - Undefined Weak Reference
    _fp_trap_shutdown                         - Undefined Weak Reference
    _get_lc_collate                           - Undefined Weak Reference
    _get_lc_ctype                             - Undefined Weak Reference
    _get_lc_monetary                          - Undefined Weak Reference
    _get_lc_numeric                           - Undefined Weak Reference
    _get_lc_time                              - Undefined Weak Reference
    _getenv_init                              - Undefined Weak Reference
    _handle_redirection                       - Undefined Weak Reference
    _init_alloc                               - Undefined Weak Reference
    _init_user_alloc                          - Undefined Weak Reference
    _initio                                   - Undefined Weak Reference
    _rand_init                                - Undefined Weak Reference
    _signal_finish                            - Undefined Weak Reference
    _signal_init                              - Undefined Weak Reference
    _terminate_alloc                          - Undefined Weak Reference
    _terminate_user_alloc                     - Undefined Weak Reference
    _terminateio                              - Undefined Weak Reference
    __main                                   0x000000cd   Thumb Code     8  __main.o(!!!main)
    __scatterload                            0x000000d5   Thumb Code     0  __scatter.o(!!!scatter)
    __scatterload_rt2                        0x000000d5   Thumb Code    44  __scatter.o(!!!scatter)
    __scatterload_rt2_thumb_only             0x000000d5   Thumb Code     0  __scatter.o(!!!scatter)
    __scatterload_null                       0x000000e3   Thumb Code     0  __scatter.o(!!!scatter)
    __scatterload_copy                       0x00000109   Thumb Code    26  __scatter_copy.o(!!handler_copy)
    __scatterload_zeroinit                   0x00000125   Thumb Code    28  __scatter_zi.o(!!handler_zi)
    __rt_lib_init                            0x00000141   Thumb Code     0  libinit.o(.ARM.Collect$$libinit$$00000000)
    __rt_lib_init_alloca_1                   0x00000143   Thumb Code     0  libinit2.o(.ARM.Collect$$libinit$$0000002E)
    __rt_lib_init_argv_1                     0x00000143   Thumb Code     0  libinit2.o(.ARM.Collect$$libinit$$0000002C)
    __rt_lib_init_atexit_1                   0x00000143   Thumb Code     0  libinit2.o(.ARM.Collect$$libinit$$0000001B)
    __rt_lib_init_clock_1                    0x00000143   Thumb Code     0  libinit2.o(.ARM.Collect$$libinit$$00000021)
    __rt_lib_init_cpp_1                      0x00000143   Thumb Code     0  libinit2.o(.ARM.Collect$$libinit$$00000032)
    __rt_lib_init_exceptions_1               0x00000143   Thumb Code     0  libinit2.o(.ARM.Collect$$libinit$$00000030)
    __rt_lib_init_fp_1                       0x00000143   Thumb Code     0  libinit2.o(.ARM.Collect$$libinit$$00000002)
    __rt_lib_init_fp_trap_1                  0x00000143   Thumb Code     0  libinit2.o(.ARM.Collect$$libinit$$0000001F)
    __rt_lib_init_getenv_1                   0x00000143   Thumb Code     0  libinit2.o(.ARM.Collect$$libinit$$00000023)
    __rt_lib_init_heap_1                     0x00000143   Thumb Code     0  libinit2.o(.ARM.Collect$$libinit$$0000000A)
    __rt_lib_init_lc_collate_1               0x00000143   Thumb Code     0  libinit2.o(.ARM.Collect$$libinit$$00000011)
    __rt_lib_init_lc_ctype_1                 0x00000143   Thumb Code     0  libinit2.o(.ARM.Collect$$libinit$$00000013)
    __rt_lib_init_lc_monetary_1              0x00000143   Thumb Code     0  libinit2.o(.ARM.Collect$$libinit$$00000015)
    __rt_lib_init_lc_numeric_1               0x00000143   Thumb Code     0  libinit2.o(.ARM.Collect$$libinit$$00000017)
    __rt_lib_init_lc_time_1                  0x00000143   Thumb Code     0  libinit2.o(.ARM.Collect$$libinit$$00000019)
    __rt_lib_init_preinit_1                  0x00000143   Thumb Code     0  libinit2.o(.ARM.Collect$$libinit$$00000004)
    __rt_lib_init_rand_1                     0x00000143   Thumb Code     0  libinit2.o(.ARM.Collect$$libinit$$0000000E)
    __rt_lib_init_return                     0x00000143   Thumb Code     0  libinit2.o(.ARM.Collect$$libinit$$00000033)
    __rt_lib_init_signal_1                   0x00000143   Thumb Code     0  libinit2.o(.ARM.Collect$$libinit$$0000001D)
    __rt_lib_init_stdio_1                    0x00000143   Thumb Code     0  libinit2.o(.ARM.Collect$$libinit$$00000025)
    __rt_lib_init_user_alloc_1               0x00000143   Thumb Code     0  libinit2.o(.ARM.Collect$$libinit$$0000000C)
    __rt_lib_shutdown                        0x00000145   Thumb Code     0  libshutdown.o(.ARM.Collect$$libshutdown$$00000000)
    __rt_lib_shutdown_cpp_1                  0x00000147   Thumb Code     0  libshutdown2.o(.ARM.Collect$$libshutdown$$00000002)
    __rt_lib_shutdown_fp_trap_1              0x00000147   Thumb Code     0  libshutdown2.o(.ARM.Collect$$libshutdown$$00000007)
    __rt_lib_shutdown_heap_1                 0x00000147   Thumb Code     0  libshutdown2.o(.ARM.Collect$$libshutdown$$0000000F)
    __rt_lib_shutdown_return                 0x00000147   Thumb Code     0  libshutdown2.o(.ARM.Collect$$libshutdown$$00000010)
    __rt_lib_shutdown_signal_1               0x00000147   Thumb Code     0  libshutdown2.o(.ARM.Collect$$libshutdown$$0000000A)
    __rt_lib_shutdown_stdio_1                0x00000147   Thumb Code     0  libshutdown2.o(.ARM.Collect$$libshutdown$$00000004)
    __rt_lib_shutdown_user_alloc_1           0x00000147   Thumb Code     0  libshutdown2.o(.ARM.Collect$$libshutdown$$0000000C)
    __rt_entry                               0x00000149   Thumb Code     0  __rtentry.o(.ARM.Collect$$rtentry$$00000000)
    __rt_entry_presh_1                       0x00000149   Thumb Code     0  __rtentry2.o(.ARM.Collect$$rtentry$$00000002)
    __rt_entry_sh                            0x00000149   Thumb Code     0  __rtentry4.o(.ARM.Collect$$rtentry$$00000004)
    __rt_entry_li                            0x0000014f   Thumb Code     0  __rtentry2.o(.ARM.Collect$$rtentry$$0000000A)
    __rt_entry_postsh_1                      0x0000014f   Thumb Code     0  __rtentry2.o(.ARM.Collect$$rtentry$$00000009)
    __rt_entry_main                          0x00000153   Thumb Code     0  __rtentry2.o(.ARM.Collect$$rtentry$$0000000D)
    __rt_entry_postli_1                      0x00000153   Thumb Code     0  __rtentry2.o(.ARM.Collect$$rtentry$$0000000C)
    __rt_exit                                0x0000015b   Thumb Code     0  rtexit.o(.ARM.Collect$$rtexit$$00000000)
    __rt_exit_ls                             0x0000015d   Thumb Code     0  rtexit2.o(.ARM.Collect$$rtexit$$00000003)
    __rt_exit_prels_1                        0x0000015d   Thumb Code     0  rtexit2.o(.ARM.Collect$$rtexit$$00000002)
    __rt_exit_exit                           0x00000161   Thumb Code     0  rtexit2.o(.ARM.Collect$$rtexit$$00000004)
    Reset_Handler                            0x00000169   Thumb Code     8  startup_lpc17xx.o(.text)
    NMI_Handler                              0x00000171   Thumb Code     2  startup_lpc17xx.o(.text)
    HardFault_Handler                        0x00000173   Thumb Code     2  startup_lpc17xx.o(.text)
    MemManage_Handler                        0x00000175   Thumb Code     2  startup_lpc17xx.o(.text)
    BusFault_Handler                         0x00000177   Thumb Code     2  startup_lpc17xx.o(.text)
    UsageFault_Handler                       0x00000179   Thumb Code     2  startup_lpc17xx.o(.text)
    SVC_Handler                              0x0000017b   Thumb Code     2  startup_lpc17xx.o(.text)
    DebugMon_Handler                         0x0000017d   Thumb Code     2  startup_lpc17xx.o(.text)
    PendSV_Handler                           0x0000017f   Thumb Code     2  startup_lpc17xx.o(.text)
    SysTick_Handler                          0x00000181   Thumb Code     2  startup_lpc17xx.o(.text)
    BOD_IRQHandler                           0x00000183   Thumb Code     0  startup_lpc17xx.o(.text)
    CANActivity_IRQHandler                   0x00000183   Thumb Code     0  startup_lpc17xx.o(.text)
    CAN_IRQHandler                           0x00000183   Thumb Code     0  startup_lpc17xx.o(.text)
    DMA_IRQHandler                           0x00000183   Thumb Code     0  startup_lpc17xx.o(.text)
    EINT1_IRQHandler                         0x00000183   Thumb Code     0  startup_lpc17xx.o(.text)
    EINT2_IRQHandler                         0x00000183   Thumb Code     0  startup_lpc17xx.o(.text)
    EINT3_IRQHandler                         0x00000183   Thumb Code     0  startup_lpc17xx.o(.text)
    ENET_IRQHandler                          0x00000183   Thumb Code     0  startup_lpc17xx.o(.text)
    I2C0_IRQHandler                          0x00000183   Thumb Code     0  startup_lpc17xx.o(.text)
    I2C1_IRQHandler                          0x00000183   Thumb Code     0  startup_lpc17xx.o(.text)
    I2C2_IRQHandler                          0x00000183   Thumb Code     0  startup_lpc17xx.o(.text)
    I2S_IRQHandler                           0x00000183   Thumb Code     0  startup_lpc17xx.o(.text)
    MCPWM_IRQHandler                         0x00000183   Thumb Code     0  startup_lpc17xx.o(.text)
    PLL0_IRQHandler                          0x00000183   Thumb Code     0  startup_lpc17xx.o(.text)
    PLL1_IRQHandler                          0x00000183   Thumb Code     0  startup_lpc17xx.o(.text)
    PWM1_IRQHandler                          0x00000183   Thumb Code     0  startup_lpc17xx.o(.text)
    QEI_IRQHandler                           0x00000183   Thumb Code     0  startup_lpc17xx.o(.text)
    RIT_IRQHandler                           0x00000183   Thumb Code     0  startup_lpc17xx.o(.text)
    RTC_IRQHandler                           0x00000183   Thumb Code     0  startup_lpc17xx.o(.text)
    SPI_IRQHandler                           0x00000183   Thumb Code     0  startup_lpc17xx.o(.text)
    SSP0_IRQHandler                          0x00000183   Thumb Code     0  startup_lpc17xx.o(.text)
    SSP1_IRQHandler                          0x00000183   Thumb Code     0  startup_lpc17xx.o(.text)
    TIMER1_IRQHandler                        0x00000183   Thumb Code     0  startup_lpc17xx.o(.text)
    TIMER2_IRQHandler                        0x00000183   Thumb Code     0  startup_lpc17xx.o(.text)
    TIMER3_IRQHandler                        0x00000183   Thumb Code     0  startup_lpc17xx.o(.text)
    UART0_IRQHandler                         0x00000183   Thumb Code     0  startup_lpc17xx.o(.text)
    UART1_IRQHandler                         0x00000183   Thumb Code     0  startup_lpc17xx.o(.text)
    UART2_IRQHandler                         0x00000183   Thumb Code     0  startup_lpc17xx.o(.text)
    UART3_IRQHandler                         0x00000183   Thumb Code     0  startup_lpc17xx.o(.text)
    USBActivity_IRQHandler                   0x00000183   Thumb Code     0  startup_lpc17xx.o(.text)
    USB_IRQHandler                           0x00000183   Thumb Code     0  startup_lpc17xx.o(.text)
    WDT_IRQHandler                           0x00000183   Thumb Code     0  startup_lpc17xx.o(.text)
    __user_initial_stackheap                 0x00000185   Thumb Code     0  startup_lpc17xx.o(.text)
    PINSEL_ConfigTraceFunc                   0x0000024b   Thumb Code    34  lpc17xx_pinsel.o(.text)
    PINSEL_SetI2C0Pins                       0x0000026d   Thumb Code    16  lpc17xx_pinsel.o(.text)
    PINSEL_ConfigPin                         0x0000027d   Thumb Code    36  lpc17xx_pinsel.o(.text)
    AF_ConfigPin                             0x000002a1   Thumb Code    30  lpc17xx_pinsel.o(.text)
    check_failed                             0x000002c5   Thumb Code     4  lpc17xx_libcfg_default.o(.text)
    __use_two_region_memory                  0x000002c9   Thumb Code     2  heapauxi.o(.text)
    __rt_heap_escrow$2region                 0x000002cb   Thumb Code     2  heapauxi.o(.text)
    __rt_heap_expand$2region                 0x000002cd   Thumb Code     2  heapauxi.o(.text)
    exit                                     0x000002cf   Thumb Code    18  exit.o(.text)
    __user_libspace                          0x000002e1   Thumb Code     8  libspace.o(.text)
    __user_perproc_libspace                  0x000002e1   Thumb Code     0  libspace.o(.text)
    __user_perthread_libspace                0x000002e1   Thumb Code     0  libspace.o(.text)
    _sys_exit                                0x000002e9   Thumb Code     8  sys_exit.o(.text)
    __I$use$semihosting                      0x000002f5   Thumb Code     0  use_no_semi.o(.text)
    __use_no_semihosting_swi                 0x000002f5   Thumb Code     2  use_no_semi.o(.text)
    __semihosting_library_function           0x000002f7   Thumb Code     0  indicate_semi.o(.text)
    SystemCoreClockUpdate                    0x00000301   Thumb Code   408  system_lpc17xx.o(.text)
    SystemInit                               0x00000499   Thumb Code   314  system_lpc17xx.o(.text)
    GPIO_SetDir                              0x00000689   Thumb Code    40  lpc17xx_gpio.o(.text)
    GPIO_SetValue                            0x000006b1   Thumb Code    20  lpc17xx_gpio.o(.text)
    GPIO_ClearValue                          0x000006c5   Thumb Code    20  lpc17xx_gpio.o(.text)
    GPIO_ReadValue                           0x000006d9   Thumb Code    22  lpc17xx_gpio.o(.text)
    GPIO_IntCmd                              0x000006ef   Thumb Code    60  lpc17xx_gpio.o(.text)
    GPIO_GetIntStatus                        0x0000072b   Thumb Code    86  lpc17xx_gpio.o(.text)
    GPIO_ClearInt                            0x00000781   Thumb Code    28  lpc17xx_gpio.o(.text)
    FIO_SetDir                               0x0000079d   Thumb Code    20  lpc17xx_gpio.o(.text)
    FIO_SetValue                             0x000007b1   Thumb Code    16  lpc17xx_gpio.o(.text)
    FIO_ClearValue                           0x000007c1   Thumb Code    16  lpc17xx_gpio.o(.text)
    FIO_ReadValue                            0x000007d1   Thumb Code    12  lpc17xx_gpio.o(.text)
    FIO_IntCmd                               0x000007dd   Thumb Code    20  lpc17xx_gpio.o(.text)
    FIO_GetIntStatus                         0x000007f1   Thumb Code    20  lpc17xx_gpio.o(.text)
    FIO_ClearInt                             0x00000805   Thumb Code    16  lpc17xx_gpio.o(.text)
    FIO_SetMask                              0x00000815   Thumb Code    40  lpc17xx_gpio.o(.text)
    FIO_HalfWordSetDir                       0x0000083d   Thumb Code    62  lpc17xx_gpio.o(.text)
    FIO_HalfWordSetMask                      0x0000087b   Thumb Code    62  lpc17xx_gpio.o(.text)
    FIO_HalfWordSetValue                     0x000008b9   Thumb Code    32  lpc17xx_gpio.o(.text)
    FIO_HalfWordClearValue                   0x000008d9   Thumb Code    32  lpc17xx_gpio.o(.text)
    FIO_HalfWordReadValue                    0x000008f9   Thumb Code    30  lpc17xx_gpio.o(.text)
    FIO_ByteSetDir                           0x00000917   Thumb Code    50  lpc17xx_gpio.o(.text)
    FIO_ByteSetMask                          0x00000949   Thumb Code    66  lpc17xx_gpio.o(.text)
    FIO_ByteSetValue                         0x0000098b   Thumb Code    34  lpc17xx_gpio.o(.text)
    FIO_ByteClearValue                       0x000009ad   Thumb Code    34  lpc17xx_gpio.o(.text)
    FIO_ByteReadValue                        0x000009cf   Thumb Code    42  lpc17xx_gpio.o(.text)
    Delay                                    0x000009f9   Thumb Code    12  lpc1768_utility.o(.text)
    Led_Init                                 0x00000a05   Thumb Code   216  lpc1768_utility.o(.text)
    Led_On                                   0x00000add   Thumb Code   132  lpc1768_utility.o(.text)
    Led_Off                                  0x00000b61   Thumb Code   112  lpc1768_utility.o(.text)
    Led_Toggle                               0x00000bd1   Thumb Code   298  lpc1768_utility.o(.text)
    Led_All_On                               0x00000cfb   Thumb Code    74  lpc1768_utility.o(.text)
    Led_All_Off                              0x00000d45   Thumb Code    74  lpc1768_utility.o(.text)
    TIM_GetIntStatus                         0x00000e53   Thumb Code    92  lpc17xx_timer.o(.text)
    TIM_GetIntCaptureStatus                  0x00000eaf   Thumb Code    94  lpc17xx_timer.o(.text)
    TIM_ClearIntPending                      0x00000f0d   Thumb Code    80  lpc17xx_timer.o(.text)
    TIM_ClearIntCapturePending               0x00000f5d   Thumb Code    82  lpc17xx_timer.o(.text)
    TIM_ConfigStructInit                     0x00000faf   Thumb Code    22  lpc17xx_timer.o(.text)
    TIM_Init                                 0x00000fc5   Thumb Code   272  lpc17xx_timer.o(.text)
    TIM_DeInit                               0x000010d5   Thumb Code   112  lpc17xx_timer.o(.text)
    TIM_Cmd                                  0x00001145   Thumb Code    66  lpc17xx_timer.o(.text)
    TIM_ResetCounter                         0x00001187   Thumb Code    58  lpc17xx_timer.o(.text)
    TIM_ConfigMatch                          0x000011c1   Thumb Code   330  lpc17xx_timer.o(.text)
    TIM_UpdateMatchValue                     0x0000130b   Thumb Code    86  lpc17xx_timer.o(.text)
    TIM_ConfigCapture                        0x00001361   Thumb Code   126  lpc17xx_timer.o(.text)
    TIM_GetCaptureValue                      0x000013df   Thumb Code    74  lpc17xx_timer.o(.text)
    CLKPWR_SetPCLKDiv                        0x00001435   Thumb Code    94  lpc17xx_clkpwr.o(.text)
    CLKPWR_GetPCLKSEL                        0x00001493   Thumb Code    34  lpc17xx_clkpwr.o(.text)
    CLKPWR_GetPCLK                           0x000014b5   Thumb Code    58  lpc17xx_clkpwr.o(.text)
    CLKPWR_ConfigPPWR                        0x000014ef   Thumb Code    46  lpc17xx_clkpwr.o(.text)
    CLKPWR_Sleep                             0x0000151d   Thumb Code    12  lpc17xx_clkpwr.o(.text)
    CLKPWR_DeepSleep                         0x00001529   Thumb Code    18  lpc17xx_clkpwr.o(.text)
    CLKPWR_PowerDown                         0x0000153b   Thumb Code    18  lpc17xx_clkpwr.o(.text)
    CLKPWR_DeepPowerDown                     0x0000154d   Thumb Code    18  lpc17xx_clkpwr.o(.text)
    EXTI_Init                                0x00001575   Thumb Code    20  lpc17xx_exti.o(.text)
    EXTI_DeInit                              0x00001589   Thumb Code     2  lpc17xx_exti.o(.text)
    EXTI_SetPolarity                         0x0000158b   Thumb Code    46  lpc17xx_exti.o(.text)
    EXTI_SetMode                             0x000015b9   Thumb Code    46  lpc17xx_exti.o(.text)
    EXTI_Config                              0x000015e7   Thumb Code    28  lpc17xx_exti.o(.text)
    EXTI_ClearEXTIFlag                       0x00001603   Thumb Code    10  lpc17xx_exti.o(.text)
    EXTI_ConfigPin                           0x0000160d   Thumb Code    36  lpc17xx_exti.o(.text)
    ADC_Init                                 0x00001639   Thumb Code    94  lpc17xx_adc.o(.text)
    ADC_DeInit                               0x00001697   Thumb Code    64  lpc17xx_adc.o(.text)
    ADC_GetData                              0x000016d7   Thumb Code    22  lpc17xx_adc.o(.text)
    ADC_StartCmd                             0x000016ed   Thumb Code    80  lpc17xx_adc.o(.text)
    ADC_BurstCmd                             0x0000173d   Thumb Code    42  lpc17xx_adc.o(.text)
    ADC_PowerdownCmd                         0x00001767   Thumb Code    42  lpc17xx_adc.o(.text)
    ADC_EdgeStartConfig                      0x00001791   Thumb Code    58  lpc17xx_adc.o(.text)
    ADC_IntConfig                            0x000017cb   Thumb Code    92  lpc17xx_adc.o(.text)
    ADC_ChannelCmd                           0x00001827   Thumb Code    74  lpc17xx_adc.o(.text)
    ADC_ChannelGetData                       0x00001871   Thumb Code    44  lpc17xx_adc.o(.text)
    ADC_ChannelGetStatus                     0x0000189d   Thumb Code    84  lpc17xx_adc.o(.text)
    ADC_GlobalGetData                        0x000018f1   Thumb Code    26  lpc17xx_adc.o(.text)
    ADC_GlobalGetStatus                      0x0000190b   Thumb Code    66  lpc17xx_adc.o(.text)
    EXT_IO_init                              0x00001995   Thumb Code    34  fnd.o(.text)
    Keypad_DIR_Output                        0x000019b7   Thumb Code    44  fnd.o(.text)
    Keypad_DIR_Input                         0x000019e3   Thumb Code    54  fnd.o(.text)
    EXT_IO_A_CS                              0x00001a19   Thumb Code    34  fnd.o(.text)
    EXT_IO_B_CS                              0x00001a3b   Thumb Code    34  fnd.o(.text)
    EXT_IO_C_CS                              0x00001a5d   Thumb Code    34  fnd.o(.text)
    Keypad_Output_Row_1                      0x00001a7f   Thumb Code    70  fnd.o(.text)
    Keypad_Output_Row_2                      0x00001ac5   Thumb Code    70  fnd.o(.text)
    Keypad_Output_Row_3                      0x00001b0b   Thumb Code    70  fnd.o(.text)
    Keypad_Output_Row_4                      0x00001b51   Thumb Code    70  fnd.o(.text)
    Keypad_Input                             0x00001b97   Thumb Code   110  fnd.o(.text)
    Keypad                                   0x00001c05   Thumb Code   348  fnd.o(.text)
    custom_EXTI_Init                         0x00001d61   Thumb Code    36  fnd.o(.text)
    custom_Keypad_DIR_Output                 0x00001d85   Thumb Code    44  fnd.o(.text)
    custom_Keypad_Output_Row_1               0x00001db1   Thumb Code    70  fnd.o(.text)
    custom_Keypad_Output_Row_2               0x00001df7   Thumb Code    70  fnd.o(.text)
    custom_Keypad_Output_Row_3               0x00001e3d   Thumb Code    70  fnd.o(.text)
    custom_Keypad_Output_Row_4               0x00001e83   Thumb Code    70  fnd.o(.text)
    custom_Keypad_Input                      0x00001ec9   Thumb Code   110  fnd.o(.text)
    custom_keypad                            0x00001f37   Thumb Code   396  fnd.o(.text)
    custom_Hvac                              0x000020c3   Thumb Code   372  fnd.o(.text)
    timeCheck                                0x00002237   Thumb Code   182  fnd.o(.text)
    custom_Joystick_Init                     0x000022ed   Thumb Code    68  fnd.o(.text)
    custom_Joystick_read                     0x00002331   Thumb Code   332  fnd.o(.text)
    TIMER0_IRQHandler                        0x0000247d   Thumb Code   130  fnd.o(.text)
    TIMER0_Config                            0x000024ff   Thumb Code    34  fnd.o(.text)
    ADC_IRQHandler                           0x00002521   Thumb Code    80  fnd.o(.text)
    custom_Motor_Init                        0x00002571   Thumb Code   124  fnd.o(.text)
    custom_StepMotor_Cycle                   0x000025ed   Thumb Code   278  fnd.o(.text)
    custom_FND_Init                          0x00002703   Thumb Code    48  fnd.o(.text)
    custom_FND_Segment                       0x00002733   Thumb Code   734  fnd.o(.text)
    custom_FND_Present                       0x00002a11   Thumb Code   148  fnd.o(.text)
    custom_Led_Init                          0x00002aa5   Thumb Code    26  fnd.o(.text)
    custom_Led_Present1                      0x00002abf   Thumb Code   210  fnd.o(.text)
    custom_Led_Present2                      0x00002b91   Thumb Code   210  fnd.o(.text)
    EINT0_IRQHandler                         0x00002c63   Thumb Code    26  fnd.o(.text)
    main                                     0x00002c7d   Thumb Code   284  fnd.o(.text)
    __aeabi_uldivmod                         0x00002dfd   Thumb Code     0  lludivv7m.o(.text)
    _ll_udiv                                 0x00002dfd   Thumb Code   238  lludivv7m.o(.text)
    __user_setup_stackheap                   0x00002eeb   Thumb Code    74  sys_stackheap_outer.o(.text)
    Region$$Table$$Base                      0x00002f34   Number         0  anon$$obj.o(Region$$Table)
    Region$$Table$$Limit                     0x00002f54   Number         0  anon$$obj.o(Region$$Table)
    SystemCoreClock                          0x10000000   Data           4  system_lpc17xx.o(.data)
    ledStatus1                               0x10000004   Data           1  lpc1768_utility.o(.data)
    ledStatus2                               0x10000005   Data           1  lpc1768_utility.o(.data)
    ledStatus3                               0x10000006   Data           1  lpc1768_utility.o(.data)
    ledStatus4                               0x10000007   Data           1  lpc1768_utility.o(.data)
    ledStatus5                               0x10000008   Data           1  lpc1768_utility.o(.data)
    ledStatus6                               0x10000009   Data           1  lpc1768_utility.o(.data)
    ledStatus7                               0x1000000a   Data           1  lpc1768_utility.o(.data)
    ledStatus8                               0x1000000b   Data           1  lpc1768_utility.o(.data)
    motor_cnt                                0x1000000c   Data           4  fnd.o(.data)
    ADC                                      0x10000010   Data           4  fnd.o(.data)
    adc_value                                0x10000014   Data           4  fnd.o(.data)
    status                                   0x10000018   Data           1  fnd.o(.data)
    time_10h                                 0x1000001c   Data           4  fnd.o(.data)
    time_1h                                  0x10000020   Data           4  fnd.o(.data)
    time_10m                                 0x10000024   Data           4  fnd.o(.data)
    time_1m                                  0x10000028   Data           4  fnd.o(.data)
    last_joystick                            0x1000002c   Data           1  fnd.o(.data)
    ventilation                              0x1000002d   Data           1  fnd.o(.data)
    compressor                               0x1000002e   Data           1  fnd.o(.data)
    air_direction_up                         0x1000002f   Data           1  fnd.o(.data)
    air_direction_down                       0x10000030   Data           1  fnd.o(.data)
    air_direction                            0x10000031   Data           1  fnd.o(.data)
    defrost_front                            0x10000032   Data           1  fnd.o(.data)
    defrost_back                             0x10000033   Data           1  fnd.o(.data)
    defrost                                  0x10000034   Data           1  fnd.o(.data)
    before_input                             0x10000035   Data           1  fnd.o(.data)
    temperature                              0x10000036   Data           1  fnd.o(.data)
    cooling_mode                             0x10000037   Data           1  fnd.o(.data)
    stop_flag                                0x10000038   Data           1  fnd.o(.data)
    TIM_ConfigStruct                         0x1000003c   Data           8  fnd.o(.data)
    TIM_MatchConfigStruct                    0x10000044   Data          12  fnd.o(.bss)
    __libspace_start                         0x10000050   Data          96  libspace.o(.bss)
    __temporary_stack_top$libspace           0x100000b0   Data           0  libspace.o(.bss)



==============================================================================

Memory Map of the image

  Image Entry point : 0x000000cd

  Load Region LR_IROM1 (Base: 0x00000000, Size: 0x00002f98, Max: 0x00080000, ABSOLUTE)

    Execution Region ER_IROM1 (Exec base: 0x00000000, Load base: 0x00000000, Size: 0x00002f54, Max: 0x00080000, ABSOLUTE)

    Exec Addr    Load Addr    Size         Type   Attr      Idx    E Section Name        Object

    0x00000000   0x00000000   0x000000cc   Data   RO           48    RESET               startup_lpc17xx.o
    0x000000cc   0x000000cc   0x00000008   Code   RO          798  * !!!main             c_w.l(__main.o)
    0x000000d4   0x000000d4   0x00000034   Code   RO          980    !!!scatter          c_w.l(__scatter.o)
    0x00000108   0x00000108   0x0000001a   Code   RO          982    !!handler_copy      c_w.l(__scatter_copy.o)
    0x00000122   0x00000122   0x00000002   PAD
    0x00000124   0x00000124   0x0000001c   Code   RO          984    !!handler_zi        c_w.l(__scatter_zi.o)
    0x00000140   0x00000140   0x00000002   Code   RO          850    .ARM.Collect$$libinit$$00000000  c_w.l(libinit.o)
    0x00000142   0x00000142   0x00000000   Code   RO          863    .ARM.Collect$$libinit$$00000002  c_w.l(libinit2.o)
    0x00000142   0x00000142   0x00000000   Code   RO          865    .ARM.Collect$$libinit$$00000004  c_w.l(libinit2.o)
    0x00000142   0x00000142   0x00000000   Code   RO          868    .ARM.Collect$$libinit$$0000000A  c_w.l(libinit2.o)
    0x00000142   0x00000142   0x00000000   Code   RO          870    .ARM.Collect$$libinit$$0000000C  c_w.l(libinit2.o)
    0x00000142   0x00000142   0x00000000   Code   RO          872    .ARM.Collect$$libinit$$0000000E  c_w.l(libinit2.o)
    0x00000142   0x00000142   0x00000000   Code   RO          875    .ARM.Collect$$libinit$$00000011  c_w.l(libinit2.o)
    0x00000142   0x00000142   0x00000000   Code   RO          877    .ARM.Collect$$libinit$$00000013  c_w.l(libinit2.o)
    0x00000142   0x00000142   0x00000000   Code   RO          879    .ARM.Collect$$libinit$$00000015  c_w.l(libinit2.o)
    0x00000142   0x00000142   0x00000000   Code   RO          881    .ARM.Collect$$libinit$$00000017  c_w.l(libinit2.o)
    0x00000142   0x00000142   0x00000000   Code   RO          883    .ARM.Collect$$libinit$$00000019  c_w.l(libinit2.o)
    0x00000142   0x00000142   0x00000000   Code   RO          885    .ARM.Collect$$libinit$$0000001B  c_w.l(libinit2.o)
    0x00000142   0x00000142   0x00000000   Code   RO          887    .ARM.Collect$$libinit$$0000001D  c_w.l(libinit2.o)
    0x00000142   0x00000142   0x00000000   Code   RO          889    .ARM.Collect$$libinit$$0000001F  c_w.l(libinit2.o)
    0x00000142   0x00000142   0x00000000   Code   RO          891    .ARM.Collect$$libinit$$00000021  c_w.l(libinit2.o)
    0x00000142   0x00000142   0x00000000   Code   RO          893    .ARM.Collect$$libinit$$00000023  c_w.l(libinit2.o)
    0x00000142   0x00000142   0x00000000   Code   RO          895    .ARM.Collect$$libinit$$00000025  c_w.l(libinit2.o)
    0x00000142   0x00000142   0x00000000   Code   RO          899    .ARM.Collect$$libinit$$0000002C  c_w.l(libinit2.o)
    0x00000142   0x00000142   0x00000000   Code   RO          901    .ARM.Collect$$libinit$$0000002E  c_w.l(libinit2.o)
    0x00000142   0x00000142   0x00000000   Code   RO          903    .ARM.Collect$$libinit$$00000030  c_w.l(libinit2.o)
    0x00000142   0x00000142   0x00000000   Code   RO          905    .ARM.Collect$$libinit$$00000032  c_w.l(libinit2.o)
    0x00000142   0x00000142   0x00000002   Code   RO          906    .ARM.Collect$$libinit$$00000033  c_w.l(libinit2.o)
    0x00000144   0x00000144   0x00000002   Code   RO          937    .ARM.Collect$$libshutdown$$00000000  c_w.l(libshutdown.o)
    0x00000146   0x00000146   0x00000000   Code   RO          963    .ARM.Collect$$libshutdown$$00000002  c_w.l(libshutdown2.o)
    0x00000146   0x00000146   0x00000000   Code   RO          965    .ARM.Collect$$libshutdown$$00000004  c_w.l(libshutdown2.o)
    0x00000146   0x00000146   0x00000000   Code   RO          968    .ARM.Collect$$libshutdown$$00000007  c_w.l(libshutdown2.o)
    0x00000146   0x00000146   0x00000000   Code   RO          971    .ARM.Collect$$libshutdown$$0000000A  c_w.l(libshutdown2.o)
    0x00000146   0x00000146   0x00000000   Code   RO          973    .ARM.Collect$$libshutdown$$0000000C  c_w.l(libshutdown2.o)
    0x00000146   0x00000146   0x00000000   Code   RO          976    .ARM.Collect$$libshutdown$$0000000F  c_w.l(libshutdown2.o)
    0x00000146   0x00000146   0x00000002   Code   RO          977    .ARM.Collect$$libshutdown$$00000010  c_w.l(libshutdown2.o)
    0x00000148   0x00000148   0x00000000   Code   RO          808    .ARM.Collect$$rtentry$$00000000  c_w.l(__rtentry.o)
    0x00000148   0x00000148   0x00000000   Code   RO          817    .ARM.Collect$$rtentry$$00000002  c_w.l(__rtentry2.o)
    0x00000148   0x00000148   0x00000006   Code   RO          829    .ARM.Collect$$rtentry$$00000004  c_w.l(__rtentry4.o)
    0x0000014e   0x0000014e   0x00000000   Code   RO          819    .ARM.Collect$$rtentry$$00000009  c_w.l(__rtentry2.o)
    0x0000014e   0x0000014e   0x00000004   Code   RO          820    .ARM.Collect$$rtentry$$0000000A  c_w.l(__rtentry2.o)
    0x00000152   0x00000152   0x00000000   Code   RO          822    .ARM.Collect$$rtentry$$0000000C  c_w.l(__rtentry2.o)
    0x00000152   0x00000152   0x00000008   Code   RO          823    .ARM.Collect$$rtentry$$0000000D  c_w.l(__rtentry2.o)
    0x0000015a   0x0000015a   0x00000002   Code   RO          854    .ARM.Collect$$rtexit$$00000000  c_w.l(rtexit.o)
    0x0000015c   0x0000015c   0x00000000   Code   RO          910    .ARM.Collect$$rtexit$$00000002  c_w.l(rtexit2.o)
    0x0000015c   0x0000015c   0x00000004   Code   RO          911    .ARM.Collect$$rtexit$$00000003  c_w.l(rtexit2.o)
    0x00000160   0x00000160   0x00000006   Code   RO          912    .ARM.Collect$$rtexit$$00000004  c_w.l(rtexit2.o)
    0x00000166   0x00000166   0x00000002   PAD
    0x00000168   0x00000168   0x0000003c   Code   RO           50    .text               startup_lpc17xx.o
    0x000001a4   0x000001a4   0x00000120   Code   RO           91    .text               lpc17xx_pinsel.o
    0x000002c4   0x000002c4   0x00000004   Code   RO          216    .text               lpc17xx_libcfg_default.o
    0x000002c8   0x000002c8   0x00000006   Code   RO          796    .text               c_w.l(heapauxi.o)
    0x000002ce   0x000002ce   0x00000012   Code   RO          839    .text               c_w.l(exit.o)
    0x000002e0   0x000002e0   0x00000008   Code   RO          851    .text               c_w.l(libspace.o)
    0x000002e8   0x000002e8   0x0000000c   Code   RO          907    .text               c_w.l(sys_exit.o)
    0x000002f4   0x000002f4   0x00000002   Code   RO          926    .text               c_w.l(use_no_semi.o)
    0x000002f6   0x000002f6   0x00000000   Code   RO          928    .text               c_w.l(indicate_semi.o)
    0x000002f6   0x000002f6   0x00000006   PAD
    0x000002fc   0x000002fc   0x00000004   Code   RO           49    .ARM.__at_0x02FC    startup_lpc17xx.o
    0x00000300   0x00000300   0x000002ec   Code   RO            3    .text               system_lpc17xx.o
    0x000005ec   0x000005ec   0x0000040c   Code   RO           58    .text               lpc17xx_gpio.o
    0x000009f8   0x000009f8   0x000003b8   Code   RO          114    .text               lpc1768_utility.o
    0x00000db0   0x00000db0   0x00000684   Code   RO          172    .text               lpc17xx_timer.o
    0x00001434   0x00001434   0x00000140   Code   RO          198    .text               lpc17xx_clkpwr.o
    0x00001574   0x00001574   0x000000c4   Code   RO          230    .text               lpc17xx_exti.o
    0x00001638   0x00001638   0x0000035c   Code   RO          279    .text               lpc17xx_adc.o
    0x00001994   0x00001994   0x00001468   Code   RO          757    .text               fnd.o
    0x00002dfc   0x00002dfc   0x000000ee   Code   RO          794    .text               c_w.l(lludivv7m.o)
    0x00002eea   0x00002eea   0x0000004a   Code   RO          837    .text               c_w.l(sys_stackheap_outer.o)
    0x00002f34   0x00002f34   0x00000020   Data   RO          978    Region$$Table       anon$$obj.o


    Execution Region RW_IRAM1 (Exec base: 0x10000000, Load base: 0x00002f54, Size: 0x000002b0, Max: 0x00008000, ABSOLUTE)

    Exec Addr    Load Addr    Size         Type   Attr      Idx    E Section Name        Object

    0x10000000   0x00002f54   0x00000004   Data   RW            4    .data               system_lpc17xx.o
    0x10000004   0x00002f58   0x00000008   Data   RW          115    .data               lpc1768_utility.o
    0x1000000c   0x00002f60   0x00000038   Data   RW          759    .data               fnd.o
    0x10000044        -       0x0000000c   Zero   RW          758    .bss                fnd.o
    0x10000050        -       0x00000060   Zero   RW          852    .bss                c_w.l(libspace.o)
    0x100000b0        -       0x00000000   Zero   RW           47    HEAP                startup_lpc17xx.o
    0x100000b0        -       0x00000200   Zero   RW           46    STACK               startup_lpc17xx.o


==============================================================================

Image component sizes


      Code (inc. data)   RO Data    RW Data    ZI Data      Debug   Object Name

      5224        238          0         56         12      34788   fnd.o
       952         74          0          8          0       3492   lpc1768_utility.o
       860         72          0          0          0       7640   lpc17xx_adc.o
       320         22          0          0          0       1915   lpc17xx_clkpwr.o
       196          8          0          0          0       2152   lpc17xx_exti.o
      1036         28          0          0          0      12003   lpc17xx_gpio.o
         4          0          0          0          0       1035   lpc17xx_libcfg_default.o
       288          6          0          0          0       4666   lpc17xx_pinsel.o
      1668         94          0          0          0       9491   lpc17xx_timer.o
        64         26        204          0        512       1044   startup_lpc17xx.o
       748         26          0          4          0      22945   system_lpc17xx.o

    ----------------------------------------------------------------------
     11360        594        236         68        524     101171   Object Totals
         0          0         32          0          0          0   (incl. Generated)
         0          0          0          0          0          0   (incl. Padding)

    ----------------------------------------------------------------------

      Code (inc. data)   RO Data    RW Data    ZI Data      Debug   Library Member Name

         8          0          0          0          0         68   __main.o
         0          0          0          0          0          0   __rtentry.o
        12          0          0          0          0          0   __rtentry2.o
         6          0          0          0          0          0   __rtentry4.o
        52          8          0          0          0          0   __scatter.o
        26          0          0          0          0          0   __scatter_copy.o
        28          0          0          0          0          0   __scatter_zi.o
        18          0          0          0          0         80   exit.o
         6          0          0          0          0        152   heapauxi.o
         0          0          0          0          0          0   indicate_semi.o
         2          0          0          0          0          0   libinit.o
         2          0          0          0          0          0   libinit2.o
         2          0          0          0          0          0   libshutdown.o
         2          0          0          0          0          0   libshutdown2.o
         8          4          0          0         96         68   libspace.o
       238          0          0          0          0        100   lludivv7m.o
         2          0          0          0          0          0   rtexit.o
        10          0          0          0          0          0   rtexit2.o
        12          4          0          0          0         68   sys_exit.o
        74          0          0          0          0         80   sys_stackheap_outer.o
         2          0          0          0          0         68   use_no_semi.o

    ----------------------------------------------------------------------
       520         16          0          0         96        684   Library Totals
        10          0          0          0          0          0   (incl. Padding)

    ----------------------------------------------------------------------

      Code (inc. data)   RO Data    RW Data    ZI Data      Debug   Library Name

       510         16          0          0         96        684   c_w.l

    ----------------------------------------------------------------------
       520         16          0          0         96        684   Library Totals

    ----------------------------------------------------------------------

==============================================================================


      Code (inc. data)   RO Data    RW Data    ZI Data      Debug   

     11880        610        236         68        620     100811   Grand Totals
     11880        610        236         68        620     100811   ELF Image Totals
     11880        610        236         68          0          0   ROM Totals

==============================================================================

    Total RO  Size (Code + RO Data)                12116 (  11.83kB)
    Total RW  Size (RW Data + ZI Data)               688 (   0.67kB)
    Total ROM Size (Code + RO Data + RW Data)      12184 (  11.90kB)

==============================================================================

