<html>
<body>
<pre>
<h1>µVision Build Log</h1>
<h2>Project:</h2>
D:\WORK\ARM_CortexM3_NXP\ARM_CortexM3_NXP Example\Examples\10. FND\ARM_CortexM3_FND.uvproj
Project File Date:  12/18/2013

<h2>Output:</h2>
Rebuild target 'ARM_CortexM3_NXP'
assembling startup_LPC17xx.s...
compiling system_LPC17xx.c...
compiling core_cm3.c...
compiling ARM_CortexM3_FND.c...
linking...
Program Size: Code=5700 RO-data=440 RW-data=16 ZI-data=608  
".\ARM_CortexM3_FND.axf" - 0 Errors, 0 Warning(s).
Load "D:\\WORK\\ARM_CortexM3_NXP\\ARM_CortexM3_NXP Example\\Examples\\10. FND\\ARM_CortexM3_FND.axf" 
Full Chip Erase Done.
Programming Done.
Verify OK.
Application running ...
