Archive member included to satisfy reference by file (symbol)

RTAOS.lib(ActivateTask.o)     Rte.o (Os_ActivateTask)
RTAOS.lib(CancelAlarm.o)      Rte_Lib.o (Os_CancelAlarm)
RTAOS.lib(ClearEvent.o)       Rte_Lib.o (Os_ClearEvent)
RTAOS.lib(DispatchTask.o)     RTAOS.lib(ActivateTask.o) (Os_Dispatch)
RTAOS.lib(GetEvent.o)         Rte_Lib.o (Os_GetEvent)
RTAOS.lib(GetISRID.o)         Os_ErrorHook.o (Os_GetISRID)
RTAOS.lib(GetResource.o)      Rte_Lib.o (Os_GetResource)
RTAOS.lib(GetTaskID.o)        Os_ErrorHook.o (Os_GetTaskID)
RTAOS.lib(Os_Cfg.o)           RTAOS.lib(ClearEvent.o) (Os_RunningTask)
RTAOS.lib(Os_Cfg_Counters.o)  Rte.o (Os_IncrementCounter_Rte_TOutCounter)
RTAOS.lib(Os_fsb.o)           RTAOS.lib(DispatchTask.o) (@Os_fsb@4)
RTAOS.lib(Os_SetJmp.o)        RTAOS.lib(DispatchTask.o) (Os_SetJmp)
RTAOS.lib(Os_Stack.o)         main.o (Os_GetSP)
RTAOS.lib(ReleaseResource.o)  Rte_Lib.o (Os_ReleaseResource)
RTAOS.lib(ResumeOSInterrupts.o)
                              Rte.o (Os_ResumeOSInterrupts)
RTAOS.lib(SetEvent.o)         Rte_Lib.o (Os_SetEvent)
RTAOS.lib(SetRelAlarm.o)      Rte_Lib.o (Os_SetRelAlarm)
RTAOS.lib(StartOS.o)          main.o (Os_StartOS)
RTAOS.lib(StartScheduleTableRel.o)
                              Rte_Lib.o (Os_StartScheduleTableRel)
RTAOS.lib(StopScheduleTable.o)
                              Rte_Lib.o (Os_StopScheduleTable)
RTAOS.lib(SuspendOSInterrupts.o)
                              Rte.o (Os_SuspendOSInterrupts)
RTAOS.lib(TerminateTask.o)    TAKS_ECU_SPEED.o (Os_TerminateTask)
RTAOS.lib(vrtaAppMain.o)      C:/Program Files/ETAS/ISOLAR-EVE3.0/plugins/com.etas.evetools.toolsfolder_1.4.5/Tools/MinGW/bin/../lib/gcc/i686-w64-mingw32/4.9.2/../../../../i686-w64-mingw32/lib/../lib/crt2.o (main)
RTAOS.lib(vrtaCore.o)         RTAOS.lib(vrtaAppMain.o) (vrtaLoadVM)
RTAOS.lib(vrtaIdleHandling.o)
                              RTAOS.lib(vrtaCore.o) (vrtaRunIdleHandlers)
RTAOS.lib(vrtaLoggerDevice.o)
                              VirtualDevices.o (Logger::Logger(char*))
RTAOS.lib(vrtaOSMonitorDevice.o)
                              RTAOS.lib(vrtaAppMain.o) (EnableOsMonitor)
RTAOS.lib(vrtaSampleDevices.o)
                              EVE_SystemClock.o (vrtaBaseClock::Start())
RTAOS.lib(vrtaSystemClock.o)  RTAOS.lib(vrtaSampleDevices.o) (vrtaSystemClockSubscriber::vrtaSystemClockSubscriber())
RTAOS.lib(vrtaSystemClockDevice.o)
                              RTAOS.lib(vrtaSystemClock.o) (SystemClockTickUpdateNotification(unsigned int))
RTAOS.lib(WaitEvent.o)        Rte_Lib.o (Os_WaitEvent)
RTAOS.lib(DispatchECC.o)      RTAOS.lib(Os_Cfg.o) (Os_DispatchECC)
RTAOS.lib(GetStackValue.o)    RTAOS.lib(Os_Cfg.o) (Os_GetStackValue)
RTAOS.lib(Os_vectors.o)       RTAOS.lib(vrtaAppMain.o) (Os_InterruptVectorTable)
RTAOS.lib(Os_wrapper.o)       RTAOS.lib(Os_vectors.o) (Os_ISRWrapper)
RTAOS.lib(StackOverrunHook.o)
                              RTAOS.lib(WaitEvent.o) (Os_Cbk_StackOverrunHook)
RTAOS.lib(virtualDevice.o)    RTAOS.lib(vrtaOSMonitorDevice.o) (VirtualDevice::EventHandler(vrtaEvent&))
RTAOS.lib(ShutdownOS.o)       RTAOS.lib(StackOverrunHook.o) (Os_ShutdownOS)
RTAOS.lib(InShutdown.o)       RTAOS.lib(ShutdownOS.o) (Os_Cbk_InShutdown)
C:/Program Files/ETAS/ISOLAR-EVE3.0/plugins/com.etas.evetools.toolsfolder_1.4.5/Tools/MinGW/bin/../lib/gcc/i686-w64-mingw32/4.9.2/../../../../i686-w64-mingw32/lib/../lib/libwinmm.a(dasfs00150.o)
                              RTAOS.lib(vrtaSystemClock.o) (_imp__timeSetEvent@20)
C:/Program Files/ETAS/ISOLAR-EVE3.0/plugins/com.etas.evetools.toolsfolder_1.4.5/Tools/MinGW/bin/../lib/gcc/i686-w64-mingw32/4.9.2/../../../../i686-w64-mingw32/lib/../lib/libwinmm.a(dasfs00149.o)
                              RTAOS.lib(vrtaSystemClock.o) (_imp__timeKillEvent@4)
C:/Program Files/ETAS/ISOLAR-EVE3.0/plugins/com.etas.evetools.toolsfolder_1.4.5/Tools/MinGW/bin/../lib/gcc/i686-w64-mingw32/4.9.2/../../../../i686-w64-mingw32/lib/../lib/libwinmm.a(dasfs00144.o)
                              RTAOS.lib(vrtaSystemClock.o) (_imp__timeBeginPeriod@4)
C:/Program Files/ETAS/ISOLAR-EVE3.0/plugins/com.etas.evetools.toolsfolder_1.4.5/Tools/MinGW/bin/../lib/gcc/i686-w64-mingw32/4.9.2/../../../../i686-w64-mingw32/lib/../lib/libwinmm.a(dasfh.o)
                              C:/Program Files/ETAS/ISOLAR-EVE3.0/plugins/com.etas.evetools.toolsfolder_1.4.5/Tools/MinGW/bin/../lib/gcc/i686-w64-mingw32/4.9.2/../../../../i686-w64-mingw32/lib/../lib/libwinmm.a(dasfs00150.o) (_head_lib32_libwinmm_a)
C:/Program Files/ETAS/ISOLAR-EVE3.0/plugins/com.etas.evetools.toolsfolder_1.4.5/Tools/MinGW/bin/../lib/gcc/i686-w64-mingw32/4.9.2/../../../../i686-w64-mingw32/lib/../lib/libwinmm.a(dasft.o)
                              C:/Program Files/ETAS/ISOLAR-EVE3.0/plugins/com.etas.evetools.toolsfolder_1.4.5/Tools/MinGW/bin/../lib/gcc/i686-w64-mingw32/4.9.2/../../../../i686-w64-mingw32/lib/../lib/libwinmm.a(dasfh.o) (_lib32_libwinmm_a_iname)
[...]
Memory Configuration

Name             Origin             Length             Attributes
*default*        0x00000000         0xffffffff

Linker script and memory map

                0x00400000                __image_base__ = 0x400000
                0x00000000                __dll__ = 0x0
                0x00400000                ___ImageBase = 0x400000
                0x00001000                __section_alignment__ = 0x1000
                0x00000200                __file_alignment__ = 0x200
                0x00000004                __major_os_version__ = 0x4
                0x00000000                __minor_os_version__ = 0x0
                0x00000001                __major_image_version__ = 0x1
                0x00000000                __minor_image_version__ = 0x0
                0x00000004                __major_subsystem_version__ = 0x4
                0x00000000                __minor_subsystem_version__ = 0x0
                0x00000003                __subsystem__ = 0x3
                0x00200000                __size_of_stack_reserve__ = 0x200000
                0x00001000                __size_of_stack_commit__ = 0x1000
                0x00100000                __size_of_heap_reserve__ = 0x100000
                0x00001000                __size_of_heap_commit__ = 0x1000
                0x00000000                __loader_flags__ = 0x0
                0x00000000                __dll_characteristics__ = 0x0
LOAD C:/Program Files/ETAS/ISOLAR-EVE3.0/plugins/com.etas.evetools.toolsfolder_1.4.5/Tools/MinGW/bin/../lib/gcc/i686-w64-mingw32/4.9.2/../../../../i686-w64-mingw32/lib/../lib/crt2.o
LOAD C:/Program Files/ETAS/ISOLAR-EVE3.0/plugins/com.etas.evetools.toolsfolder_1.4.5/Tools/MinGW/bin/../lib/gcc/i686-w64-mingw32/4.9.2/crtbegin.o
LOAD BswTasks.o
LOAD EVE_SystemClock.o
LOAD main.o
LOAD Os_ErrorHook.o
LOAD Os_Hooks.o
LOAD Rte.o
LOAD Rte_ACT_HIGHBEAM.o
LOAD Rte_ACT_LEFTRIGHT_MOTOR.o
LOAD Rte_ACT_LOWBEAM.o
LOAD Rte_ACT_UPDOWN_MOTOR.o
LOAD Rte_APP_HIGHBEAM.o
LOAD Rte_APP_LOWBEAM.o
LOAD Rte_APP_MOTOR.o
LOAD Rte_ECU_ABS_AFS.o
LOAD Rte_Lib.o
LOAD Rte_SENSOR_DISTANCE.o
LOAD Rte_SENSOR_LIGHT.o
LOAD Rte_SENSOR_LIGHTMODE.o
LOAD Rte_SENSOR_SPEED.o
LOAD Rte_SENSOR_STEERINGANGLE.o
LOAD TAKS_ECU_SPEED.o
LOAD target.o
LOAD TASK_ACT_HIGHBEAM_RECEIVE.o
LOAD TASK_ACT_HIGHBEAM_SEND.o
LOAD TASK_ACT_LEFTRIGHTANGLE_RECEIVE.o
LOAD TASK_ACT_LEFTRIGHTANGLE_SEND.o
LOAD TASK_ACT_LOWBEAM_RECEIVE.o
LOAD TASK_ACT_LOWBEAM_SEND.o
LOAD TASK_ACT_UPDOWNANGLE_RECEIVE.o
LOAD TASK_ACT_UPDOWNANGLE_SEND.o
LOAD TASK_APP_HIGHBEAM.o
LOAD TASK_APP_LOWBEAM.o
LOAD TASK_APP_MOTOR.o
LOAD TASK_ECU_ACTUATOR.o
LOAD TASK_ECU_DISTANCE.o
LOAD TASK_ECU_LIGHT.o
LOAD TASK_ECU_LIGHTMODE.o
LOAD TASK_EUC_STEERINGANGLE.o
LOAD TASK_SENSOR_DISTANCE.o
LOAD TASK_SENSOR_LIGHT.o
LOAD TASK_SENSOR_LIGHTMODE.o
LOAD TASK_SENSOR_SPEED.o
LOAD TASK_SENSOR_STEERINGANGLE.o
LOAD VECU_SystemClock_ISR.o
LOAD VirtualDevices.o
LOAD Vrta_Cfg.o
LOAD RTAOS.lib
LOAD C:/Program Files/ETAS/ISOLAR-EVE3.0/plugins/com.etas.evetools.toolsfolder_1.4.5/Tools/MinGW/bin/../lib/gcc/i686-w64-mingw32/4.9.2/../../../../i686-w64-mingw32/lib/../lib/libwinmm.a
LOAD C:/Program Files/ETAS/ISOLAR-EVE3.0/plugins/com.etas.evetools.toolsfolder_1.4.5/Tools/MinGW/bin/../lib/gcc/i686-w64-mingw32/4.9.2/../../../../i686-w64-mingw32/lib/../lib/libws2_32.a
LOAD C:/Program Files/ETAS/ISOLAR-EVE3.0/plugins/com.etas.evetools.toolsfolder_1.4.5/Tools/MinGW/bin/../lib/gcc/i686-w64-mingw32/4.9.2\libstdc++.a
LOAD C:/Program Files/ETAS/ISOLAR-EVE3.0/plugins/com.etas.evetools.toolsfolder_1.4.5/Tools/MinGW/bin/../lib/gcc/i686-w64-mingw32/4.9.2/../../../../i686-w64-mingw32/lib/../lib/libmingw32.a
LOAD C:/Program Files/ETAS/ISOLAR-EVE3.0/plugins/com.etas.evetools.toolsfolder_1.4.5/Tools/MinGW/bin/../lib/gcc/i686-w64-mingw32/4.9.2/libgcc.a
LOAD C:/Program Files/ETAS/ISOLAR-EVE3.0/plugins/com.etas.evetools.toolsfolder_1.4.5/Tools/MinGW/bin/../lib/gcc/i686-w64-mingw32/4.9.2/libgcc_eh.a
LOAD C:/Program Files/ETAS/ISOLAR-EVE3.0/plugins/com.etas.evetools.toolsfolder_1.4.5/Tools/MinGW/bin/../lib/gcc/i686-w64-mingw32/4.9.2/../../../../i686-w64-mingw32/lib/../lib/libmoldname.a
LOAD C:/Program Files/ETAS/ISOLAR-EVE3.0/plugins/com.etas.evetools.toolsfolder_1.4.5/Tools/MinGW/bin/../lib/gcc/i686-w64-mingw32/4.9.2/../../../../i686-w64-mingw32/lib/../lib/libmingwex.a
LOAD C:/Program Files/ETAS/ISOLAR-EVE3.0/plugins/com.etas.evetools.toolsfolder_1.4.5/Tools/MinGW/bin/../lib/gcc/i686-w64-mingw32/4.9.2/../../../../i686-w64-mingw32/lib/../lib/libmsvcrt.a
LOAD C:/Program Files/ETAS/ISOLAR-EVE3.0/plugins/com.etas.evetools.toolsfolder_1.4.5/Tools/MinGW/bin/../lib/gcc/i686-w64-mingw32/4.9.2/../../../../i686-w64-mingw32/lib/../lib/libadvapi32.a
LOAD C:/Program Files/ETAS/ISOLAR-EVE3.0/plugins/com.etas.evetools.toolsfolder_1.4.5/Tools/MinGW/bin/../lib/gcc/i686-w64-mingw32/4.9.2/../../../../i686-w64-mingw32/lib/../lib/libshell32.a
LOAD C:/Program Files/ETAS/ISOLAR-EVE3.0/plugins/com.etas.evetools.toolsfolder_1.4.5/Tools/MinGW/bin/../lib/gcc/i686-w64-mingw32/4.9.2/../../../../i686-w64-mingw32/lib/../lib/libuser32.a
LOAD C:/Program Files/ETAS/ISOLAR-EVE3.0/plugins/com.etas.evetools.toolsfolder_1.4.5/Tools/MinGW/bin/../lib/gcc/i686-w64-mingw32/4.9.2/../../../../i686-w64-mingw32/lib/../lib/libkernel32.a
LOAD C:/Program Files/ETAS/ISOLAR-EVE3.0/plugins/com.etas.evetools.toolsfolder_1.4.5/Tools/MinGW/bin/../lib/gcc/i686-w64-mingw32/4.9.2/../../../../i686-w64-mingw32/lib/../lib/libiconv.a
LOAD C:/Program Files/ETAS/ISOLAR-EVE3.0/plugins/com.etas.evetools.toolsfolder_1.4.5/Tools/MinGW/bin/../lib/gcc/i686-w64-mingw32/4.9.2/../../../../i686-w64-mingw32/lib/../lib/libmingw32.a
LOAD C:/Program Files/ETAS/ISOLAR-EVE3.0/plugins/com.etas.evetools.toolsfolder_1.4.5/Tools/MinGW/bin/../lib/gcc/i686-w64-mingw32/4.9.2/libgcc.a
LOAD C:/Program Files/ETAS/ISOLAR-EVE3.0/plugins/com.etas.evetools.toolsfolder_1.4.5/Tools/MinGW/bin/../lib/gcc/i686-w64-mingw32/4.9.2/libgcc_eh.a
LOAD C:/Program Files/ETAS/ISOLAR-EVE3.0/plugins/com.etas.evetools.toolsfolder_1.4.5/Tools/MinGW/bin/../lib/gcc/i686-w64-mingw32/4.9.2/../../../../i686-w64-mingw32/lib/../lib/libmoldname.a
LOAD C:/Program Files/ETAS/ISOLAR-EVE3.0/plugins/com.etas.evetools.toolsfolder_1.4.5/Tools/MinGW/bin/../lib/gcc/i686-w64-mingw32/4.9.2/../../../../i686-w64-mingw32/lib/../lib/libmingwex.a
LOAD C:/Program Files/ETAS/ISOLAR-EVE3.0/plugins/com.etas.evetools.toolsfolder_1.4.5/Tools/MinGW/bin/../lib/gcc/i686-w64-mingw32/4.9.2/../../../../i686-w64-mingw32/lib/../lib/libmsvcrt.a
LOAD C:/Program Files/ETAS/ISOLAR-EVE3.0/plugins/com.etas.evetools.toolsfolder_1.4.5/Tools/MinGW/bin/../lib/gcc/i686-w64-mingw32/4.9.2/crtend.o
                0x000003f8                . = SIZEOF_HEADERS
                0x00001000                . = ALIGN (__section_alignment__)

.text           0x00401000    0x21600
 *(.init)
 *(.text)
 .text          0x00401000      0x500 C:/Program Files/ETAS/ISOLAR-EVE3.0/plugins/com.etas.evetools.toolsfolder_1.4.5/Tools/MinGW/bin/../lib/gcc/i686-w64-mingw32/4.9.2/../../../../i686-w64-mingw32/lib/../lib/crt2.o
                0x004014c0                WinMainCRTStartup
                0x004014e0                mainCRTStartup
 .text          0x00401500      0x110 C:/Program Files/ETAS/ISOLAR-EVE3.0/plugins/com.etas.evetools.toolsfolder_1.4.5/Tools/MinGW/bin/../lib/gcc/i686-w64-mingw32/4.9.2/crtbegin.o
                0x00401500                __gcc_register_frame
                0x004015b0                __gcc_deregister_frame
 .text          0x00401610        0x0 BswTasks.o
 .text          0x00401610      0x1a0 EVE_SystemClock.o
                0x00401610                VECU_SystemClock_Init
                0x0040167c                VECU_SystemClock_Start
                0x004016c0                VECU_SystemClock_GetValue
 .text          0x004017b0       0x4c main.o
                0x004017b0                StartAUTOSAR
                0x004017ea                vrta_app_main
 .text          0x004017fc       0x3c Os_ErrorHook.o
                0x004017fc                ErrorHook
 .text          0x00401838       0x7c Os_Hooks.o
                0x00401838                StartupHook
                0x00401845                ShutdownHook
                0x00401853                Os_Cbk_Idle
                0x0040188c                Os_Cbk_GetStopwatch
                0x0040189f                Os_Cbk_CheckMemoryAccess
 .text          0x004018b4      0x968 Rte.o
                0x004018b4                Rte_DRead_ACT_HIGHBEAM_R_HIGHBEAMMODE_FROM_APP_HIGHBEAM_VDP_APP_TO_ACT
                0x004018d1                Rte_IrvRead_ACT_HIGHBEAM_RE_HIGHBEAM_SEND_Explicit_VariableDataPrototype_0
                0x004018e4                Rte_IrvWrite_ACT_HIGHBEAM_RE_HIGHBEAM_RECEIVE_Explicit_VariableDataPrototype_0
                0x004018f1                Rte_DRead_ACT_LEFTRIGHT_MOTOR_R_LEFTRIGHTANGLE_FROM_APP_MOTOR_VDP_APP_TO_ACT
                0x0040190e                Rte_IrvRead_ACT_LEFTRIGHT_MOTOR_RE_LEFTRIGHTANGLE_SEND_Explicit_VariableDataPrototype_0
                0x00401921                Rte_IrvWrite_ACT_LEFTRIGHT_MOTOR_RE_LEFTRIGHTANGLE_RECEIVE_Explicit_VariableDataPrototype_0
                0x0040192e                Rte_DRead_ACT_LOWBEAM_R_LOWBEAMMODE_FROM_APP_LOWBEAM_VDP_APP_TO_ACT
                0x0040194b                Rte_IrvRead_ACT_LOWBEAM_RE_LOWBEAM_SEND_Explicit_VariableDataPrototype_0
                0x0040195e                Rte_IrvWrite_ACT_LOWBEAM_RE_LOWBEAM_RECEIVE_Explicit_VariableDataPrototype_0
                0x0040196b                Rte_DRead_ACT_UPDOWN_MOTOR_R_UPDOWNANGLE_FROM_APP_MOTOR_VDP_APP_TO_ACT
                0x00401988                Rte_IrvRead_ACT_UPDOWN_MOTOR_RE_UPDOWNANGLE_SEND_Explicit_VariableDataPrototype_0
                0x0040199b                Rte_IrvWrite_ACT_UPDOWN_MOTOR_RE_UPDOWNANGLE_RECEIVE_Explicit_VariableDataPrototype_0
                0x004019a8                Rte_Read_APP_HIGHBEAM_R_DISTANCE_FROM_SENSOR_DISTANCE_VDP_SENSOR_TO_APP
                0x004019c3                Rte_Read_APP_HIGHBEAM_R_LIGHTMODE_FROM_SENSOR_LIGHTMODE_VDP_SENSOR_TO_APP
                0x004019de                Rte_Write_APP_HIGHBEAM_P_HIGHBEAMMODE_TO_ACT_HIGHBEAM_VDP_APP_TO_ACT
                0x00401a20                Rte_DRead_APP_LOWBEAM_R_DISTANCE_FROM_SENSOR_DISTANCE_VDP_SENSOR_TO_APP
                0x00401a3d                Rte_DRead_APP_LOWBEAM_R_LIGHTMODE_FROM_SENSOR_LIGHTMODE_VDP_SENSOR_TO_APP
                0x00401a5a                Rte_DRead_APP_LOWBEAM_R_LIGHT_FROM_SENSOR_LIGHT_VDP_SENSOR_TO_APP
                0x00401a77                Rte_DRead_APP_LOWBEAM_R_SPEED_FROM_SENSOR_SPEED_VDP_SENSOR_TO_APP
                0x00401a94                Rte_Write_APP_LOWBEAM_P_LOWBEAMMODE_TO_ACT_LOWBEAM_VDP_APP_TO_ACT
                0x00401ad6                Rte_DRead_APP_MOTOR_R_SPEED_FROM_SENSOR_SPEED_VDP_SENSOR_TO_APP
                0x00401af3                Rte_DRead_APP_MOTOR_R_STEERING_FROM_SENSOR_STEERINGANGLE_VDP_SENSOR_TO_APP
                0x00401b10                Rte_Write_APP_MOTOR_P_LEFTRIGHTANGLE_TO_ACT_LEFTRIGHT_MOTOR_VDP_APP_TO_ACT
                0x00401b52                Rte_Write_APP_MOTOR_P_UPDOWNANGLE_TO_ACT_UPDOWN_MOTOR_VDP_APP_TO_ACT
                0x00401b94                Rte_Call_ECU_ABS_AFS_R_HIGHBEAMMODE_FROM_ACT_HIGHBEAM_OPER_ACT_TO_ECU
                0x00401bef                Rte_Call_ECU_ABS_AFS_R_LEFTRIGHTANGLE_FROM_ACT_LEFTRIGHT_MOTOR_OPER_ACT_TO_ECU
                0x00401c4a                Rte_Call_ECU_ABS_AFS_R_LOWBEAMMODE_FROM_ACT_LOWBEAM_OPER_ACT_TO_ECU
                0x00401ca5                Rte_Call_ECU_ABS_AFS_R_UPDOWNANGLE_FROM_ACT_UPDOWN_MOTOR_OPER_ACT_TO_ECU
                0x00401d00                Rte_Call_SENSOR_DISTANCE_R_DISTANCE_FROM_ECU_ABS_AFS_OPER_ECU_TO_SENSOR
                0x00401d58                Rte_Result_SENSOR_DISTANCE_R_DISTANCE_FROM_ECU_ABS_AFS_OPER_ECU_TO_SENSOR
                0x00401d88                Rte_Write_SENSOR_DISTANCE_P_DISTANCE_TO_APP_HIGHBEAM_VDP_SENSOR_TO_APP
                0x00401dd4                Rte_Write_SENSOR_DISTANCE_P_DISTANCE_TO_APP_LOWBEAM_VDP_SENSOR_TO_APP
                0x00401e20                Rte_Call_SENSOR_LIGHT_R_LIGHT_FROM_ECU_ABS_AFS_OPER_ECU_TO_SENSOR
                0x00401e78                Rte_Result_SENSOR_LIGHT_R_LIGHT_FROM_ECU_ABS_AFS_OPER_ECU_TO_SENSOR
                0x00401ea8                Rte_Write_SENSOR_LIGHT_P_LIGHT_TO_APP_LOWBEAM_VDP_SENSOR_TO_APP
                0x00401ef4                Rte_Call_SENSOR_LIGHTMODE_R_LIGHTMODE_FROM_ECU_ABS_AFS_OPER_ECU_TO_SENSOR
                0x00401f4c                Rte_Result_SENSOR_LIGHTMODE_R_LIGHTMODE_FROM_ECU_ABS_AFS_OPER_ECU_TO_SENSOR
                0x00401f7c                Rte_Write_SENSOR_LIGHTMODE_P_LIGHTMODE_TO_APP_HIGHBEAM_VDP_SENSOR_TO_APP
                0x00401fc8                Rte_Write_SENSOR_LIGHTMODE_P_LIGHTMODE_TO_APP_LOWBEAM_VDP_SENSOR_TO_APP
                0x00402014                Rte_Call_SENSOR_SPEED_R_SPEED_FROM_ECU_ABS_AFS_OPER_ECU_TO_SENSOR
                0x0040206c                Rte_Result_SENSOR_SPEED_R_SPEED_FROM_ECU_ABS_AFS_OPER_ECU_TO_SENSOR
                0x0040209c                Rte_Write_SENSOR_SPEED_P_SPEED_TO_APP_LOWBEAM_VDP_SENSOR_TO_APP
                0x004020e8                Rte_Write_SENSOR_SPEED_P_SPEED_TO_APP_MOTOR_VDP_SENSOR_TO_APP
                0x00402134                Rte_Call_SENSOR_STEERINGANGLE_R_STEERINGANGLE_FROM_ECU_ABS_AFS_OPER_ECU_TO_SENSOR
                0x0040218c                Rte_Result_SENSOR_STEERINGANGLE_R_STEERINGANGLE_FROM_ECU_ABS_AFS_OPER_ECU_TO_SENSOR
                0x004021bc                Rte_Write_SENSOR_STEERINGANGLE_P_STEERINGANGLE_TO_APP_MOTOR_VDP_SENSOR_TO_APP
                0x00402208                Os_Cbk_Alarm_Rte_NullAlarmCallback
                0x0040220d                Rte_Tick_Timeouts
 .text          0x0040221c       0x30 Rte_ACT_HIGHBEAM.o
                0x0040221c                RE_HIGHBEAM_RECEIVE
                0x00402234                RE_HIGHBEAM_SEND
 .text          0x0040224c       0x30 Rte_ACT_LEFTRIGHT_MOTOR.o
                0x0040224c                RE_LEFTRIGHTANGLE_RECEIVE
                0x00402264                RE_LEFTRIGHTANGLE_SEND
 .text          0x0040227c       0x38 Rte_ACT_LOWBEAM.o
                0x0040227c                RE_LOWBEAM_RECEIVE
                0x0040229b                RE_LOWBEAM_SEND
 .text          0x004022b4       0x30 Rte_ACT_UPDOWN_MOTOR.o
                0x004022b4                RE_UPDOWNANGLE_RECEIVE
                0x004022cc                RE_UPDOWNANGLE_SEND
 .text          0x004022e4       0x68 Rte_APP_HIGHBEAM.o
                0x004022e4                RE_HIGHBEAM
 .text          0x0040234c      0x248 Rte_APP_LOWBEAM.o
                0x0040234c                getVoltage
                0x004023a8                sort
                0x00402414                distance_sort
                0x00402480                RE_LOWBEAM
 .text          0x00402594       0x98 Rte_APP_MOTOR.o
                0x00402594                RE_MOTOR
 .text          0x0040262c      0x204 Rte_ECU_ABS_AFS.o
                0x0040262c                RE_ECU_DISTANCE
                0x00402640                RE_ECU_LIGHT
                0x00402654                RE_ECU_LIGHTMODE
                0x00402668                RE_ECU_SPEED
                0x0040267c                RE_ECU_STEERINGANGLE
                0x00402690                RE_ECU_ACTUATOR
 .text          0x00402830      0x708 Rte_Lib.o
                0x00402830                Rte_ActivateRE
                0x0040287c                Rte_DecrementWaitingCount
                0x00402916                Rte_GetCurrentTaskIndex
                0x0040296b                Rte_MainFunction
                0x00402970                Rte_ReadQueue
                0x00402a81                Rte_SetEvent
                0x00402b1a                Rte_Start
                0x00402b4d                Rte_Stop
                0x00402b78                SchM_Init
                0x00402b8f                SchM_Deinit
                0x00402ba6                Rte_WaitWithTimeout
                0x00402d3b                Rte_WriteQueue
 .text          0x00402f38       0x3c Rte_SENSOR_DISTANCE.o
                0x00402f38                RE_DISTANCE
 .text          0x00402f74       0x30 Rte_SENSOR_LIGHT.o
                0x00402f74                RE_LIGHT
 .text          0x00402fa4       0x3c Rte_SENSOR_LIGHTMODE.o
                0x00402fa4                RE_LIGHTMODE
 .text          0x00402fe0       0x3c Rte_SENSOR_SPEED.o
                0x00402fe0                RE_SPEED
 .text          0x0040301c       0x30 Rte_SENSOR_STEERINGANGLE.o
                0x0040301c                RE_STEERINGANGLE
 .text          0x0040304c       0x5c TAKS_ECU_SPEED.o
                0x0040304c                Os_Entry_TAKS_ECU_SPEED
 .text          0x004030a8       0x78 target.o
                0x004030a8                InitializeDevices()
                0x004030b5                TargetInit
                0x004030c2                TargetEnableInterrupts
                0x00403112                TargetReadClock
 .text          0x00403120       0x24 TASK_ACT_HIGHBEAM_RECEIVE.o
                0x00403120                Os_Entry_TASK_ACT_HIGHBEAM_RECEIVE
 .text          0x00403144       0x54 TASK_ACT_HIGHBEAM_SEND.o
                0x00403144                Os_Entry_TASK_ACT_HIGHBEAM_SEND
 .text          0x00403198       0x24 TASK_ACT_LEFTRIGHTANGLE_RECEIVE.o
                0x00403198                Os_Entry_TASK_ACT_LEFTRIGHTANGLE_RECEIVE
 .text          0x004031bc       0x54 TASK_ACT_LEFTRIGHTANGLE_SEND.o
                0x004031bc                Os_Entry_TASK_ACT_LEFTRIGHTANGLE_SEND
 .text          0x00403210       0x24 TASK_ACT_LOWBEAM_RECEIVE.o
                0x00403210                Os_Entry_TASK_ACT_LOWBEAM_RECEIVE
 .text          0x00403234       0x54 TASK_ACT_LOWBEAM_SEND.o
                0x00403234                Os_Entry_TASK_ACT_LOWBEAM_SEND
 .text          0x00403288       0x24 TASK_ACT_UPDOWNANGLE_RECEIVE.o
                0x00403288                Os_Entry_TASK_ACT_UPDOWNANGLE_RECEIVE
 .text          0x004032ac       0x54 TASK_ACT_UPDOWNANGLE_SEND.o
                0x004032ac                Os_Entry_TASK_ACT_UPDOWNANGLE_SEND
 .text          0x00403300       0x3c TASK_APP_HIGHBEAM.o
                0x00403300                Os_Entry_TASK_APP_HIGHBEAM
 .text          0x0040333c       0x6c TASK_APP_LOWBEAM.o
                0x0040333c                Os_Entry_TASK_APP_LOWBEAM
 .text          0x004033a8       0x3c TASK_APP_MOTOR.o
                0x004033a8                Os_Entry_TASK_APP_MOTOR
 .text          0x004033e4       0x28 TASK_ECU_ACTUATOR.o
                0x004033e4                Os_Entry_TASK_ECU_ACTUATOR
 .text          0x0040340c       0x5c TASK_ECU_DISTANCE.o
                0x0040340c                Os_Entry_TASK_ECU_DISTANCE
 .text          0x00403468       0x5c TASK_ECU_LIGHT.o
                0x00403468                Os_Entry_TASK_ECU_LIGHT
 .text          0x004034c4       0x5c TASK_ECU_LIGHTMODE.o
                0x004034c4                Os_Entry_TASK_ECU_LIGHTMODE
 .text          0x00403520       0x5c TASK_EUC_STEERINGANGLE.o
                0x00403520                Os_Entry_TASK_EUC_STEERINGANGLE
 .text          0x0040357c       0x14 TASK_SENSOR_DISTANCE.o
                0x0040357c                Os_Entry_TASK_SENSOR_DISTANCE
 .text          0x00403590       0x14 TASK_SENSOR_LIGHT.o
                0x00403590                Os_Entry_TASK_SENSOR_LIGHT
 .text          0x004035a4       0x14 TASK_SENSOR_LIGHTMODE.o
                0x004035a4                Os_Entry_TASK_SENSOR_LIGHTMODE
 .text          0x004035b8       0x14 TASK_SENSOR_SPEED.o
                0x004035b8                Os_Entry_TASK_SENSOR_SPEED
 .text          0x004035cc       0x14 TASK_SENSOR_STEERINGANGLE.o
                0x004035cc                Os_Entry_TASK_SENSOR_STEERINGANGLE
 .text          0x004035e0       0x54 VECU_SystemClock_ISR.o
                0x004035e0                Os_Entry_VECU_SystemClock_ISR
 .text          0x00403634      0x25c VirtualDevices.o
                0x00403634                initSensor
                0x004036a0                GetDistanceSensor
                0x004036af                GetSteeringAngleSensor
                0x004036be                GetSpeedSensor
                0x004036cd                GetLightSensor
                0x004036dc                GetLightModeSensor
                0x004036eb                SetUPDOWNMotorActuator
                0x00403706                SetLEFTRIGHTMotorActuator
                0x00403721                SetLowBeamActuator
                0x0040373c                SetHighBeamActuator
                0x00403757                status_printf
 .text          0x00403890       0xd4 Vrta_Cfg.o
                0x00403890                vrtaActionHandler
                0x00403908                EnableVrtaFlash
                0x00403915                EnableVrtaPort
                0x00403922                EnableVrtaAdc
                0x0040392f                EnableVrtaPwm
                0x0040393c                EnableVrtaIcu
                0x00403949                EnableVrtaCan
                0x00403956                EnableVrtaCanTrcv
 *fill*         0x00403964        0xc 
 .text          0x00403970       0xd0 RTAOS.lib(ActivateTask.o)
                0x00403970                Os_ActivateTask
 .text          0x00403a40       0x50 RTAOS.lib(CancelAlarm.o)
                0x00403a40                Os_CancelAlarm
 .text          0x00403a90       0x40 RTAOS.lib(ClearEvent.o)
                0x00403a90                Os_ClearEvent
 .text          0x00403ad0      0x240 RTAOS.lib(DispatchTask.o)
                0x00403ad0                Os_Dispatch
 .text          0x00403d10       0x40 RTAOS.lib(GetEvent.o)
                0x00403d10                Os_GetEvent
 .text          0x00403d50       0x20 RTAOS.lib(GetISRID.o)
                0x00403d50                Os_GetISRID
 .text          0x00403d70       0x80 RTAOS.lib(GetResource.o)
                0x00403d70                Os_GetResource
 .text          0x00403df0       0x20 RTAOS.lib(GetTaskID.o)
                0x00403df0                Os_GetTaskID
 .text          0x00403e10      0x180 RTAOS.lib(Os_Cfg.o)
                0x00403e10                Os_StartOS_DataInit
                0x00403f70                Os_StartOS_StartAuto
 .text          0x00403f90      0x3c0 RTAOS.lib(Os_Cfg_Counters.o)
                0x00403f90                Os_IncrementCounter_Rte_TOutCounter
                0x004040c0                Os_CounterRelativeStart
                0x004040f0                Os_ActivateTaskKL
                0x004042b0                Os_IncrementCounter_Rte_TickCounter
 .text          0x00404350       0x10 RTAOS.lib(Os_fsb.o)
                0x00404350                @Os_fsb@4
 .text          0x00404360       0x40 RTAOS.lib(Os_SetJmp.o)
                0x00404360                Os_SetJmp
                0x00404380                Os_LongJmp
 .text          0x004043a0       0x40 RTAOS.lib(Os_Stack.o)
                0x004043a0                Os_GetSP
                0x004043b0                Os_ExtendStack
 .text          0x004043e0       0x70 RTAOS.lib(ReleaseResource.o)
                0x004043e0                Os_ReleaseResource
 .text          0x00404450       0x50 RTAOS.lib(ResumeOSInterrupts.o)
                0x00404450                Os_ResumeOSInterrupts
 .text          0x004044a0      0x160 RTAOS.lib(SetEvent.o)
                0x004044a0                Os_SetEvent
                0x00404580                Os_SetEventKL
 .text          0x00404600       0xb0 RTAOS.lib(SetRelAlarm.o)
                0x00404600                Os_SetRelAlarm
 .text          0x004046b0       0x90 RTAOS.lib(StartOS.o)
                0x004046b0                Os_StartOS
 .text          0x00404740       0x90 RTAOS.lib(StartScheduleTableRel.o)
                0x00404740                Os_StartScheduleTableRel
 .text          0x004047d0       0x50 RTAOS.lib(StopScheduleTable.o)
                0x004047d0                Os_StopScheduleTable
 .text          0x00404820       0x70 RTAOS.lib(SuspendOSInterrupts.o)
                0x00404820                Os_SuspendOSInterrupts
 .text          0x00404890       0x60 RTAOS.lib(TerminateTask.o)
                0x00404890                Os_TerminateTask
 .text          0x004048f0       0x70 RTAOS.lib(vrtaAppMain.o)
                0x004048f0                vrtaFireISR
 .text          0x00404960     0x1070 RTAOS.lib(vrtaCore.o)
                0x00405210                vrtaDevice::WriteToPersistentStorage(unsigned short*, unsigned char**)
                0x00405260                vrtaDevice::ReadFromPersistentStorage(unsigned short*, unsigned char**)
                0x004052d0                vrtaReadHPTime
                0x00405340                vrtaReadHPCycles
                0x00405370                vrtaLoadVM
                0x00405390                vrtaUnloadVM()
                0x004053a0                vrtaSendAction
                0x004053b0                vrtaRaiseEvent
                0x004053c0                vrtaGetState
                0x004053d0                vrtaEventRegister
                0x004053e0                vrtaEventUnregister
                0x004053f0                vrtaHookEvent
                0x00405410                vrtaHookEventNotifications
                0x00405420                vrtaStart
                0x00405430                vrtaStartCore
                0x00405470                vrtaGetCoreICUID
                0x004054a0                vrtaTerminate
                0x00405510                vrtaReset
                0x00405520                vrtaEnterUninterruptibleSection
                0x00405530                vrtaLeaveUninterruptibleSection
                0x00405540                vrtaEnterGlobalUninterruptibleSection
                0x00405560                vrtaLeaveGlobalUninterruptibleSection
                0x00405580                vrtaIsIdle
                0x004055f0                vrtaLowPowerIdleEnable
                0x00405600                vrtaLowPowerIdleEnabled
                0x00405610                vrtaLowPowerIdle
                0x00405640                vrtaYield
                0x00405670                vrtaSpawnThread
                0x00405680                vrtaInitialize
                0x004056b0                vrtaAddCore
                0x004056e0                vrtaGetCoreID
                0x00405700                vrtaRegisterVirtualDevice
                0x00405710                vrtaIsAppThread
                0x00405720                vrtaIsAppFinished
                0x00405730                vrtaIsAppRunning
                0x00405740                vrtaNoneUserThread
                0x00405750                vrtaCoreCount
                0x00405770                vrtaOSGetUserStackBase
                0x00405780                vrtaOSSetInterruptDeferVar
                0x00405790                vrtaOSSetIPL
                0x004057a0                vrtaOSGetIPL
                0x004057b0                vrtaOSSetIrqMask
                0x004057c0                vrtaOSClearIrqMask
                0x004057d0                vrtaOSSetIrqPending
                0x004057e0                vrtaOSClearIrqPending
                0x004057f0                vrtaOSIsIrqPending
                0x00405800                vrtaDevice::vrtaDevice(char*, char*, char*, char*)
                0x00405800                vrtaDevice::vrtaDevice(char*, char*, char*, char*)
                0x004058a0                vrtaDevice::AssignCore(unsigned short)
                0x004058c0                vrtaDevice::RaiseEvent(vrtaEvent&)
                0x004058e0                vrtaDevice::GetState(unsigned short, vrtaEvent&)
                0x00405900                vrtaDevice::SendAction(unsigned short, vrtaAction&)
                0x00405920                vrtaDevice::RaiseInterrupt(unsigned int)
                0x004059a0                vrtaDevice::SpawnThread(void (*)())
                0x004059c0                vrtaDevice::PersistThroughReset(int)
 .text          0x004059d0       0xb0 RTAOS.lib(vrtaIdleHandling.o)
                0x004059d0                vrtaIdleSubscriber::vrtaIdleSubscriber()
                0x004059d0                vrtaIdleSubscriber::vrtaIdleSubscriber()
                0x004059e0                vrtaIdleSubscriber::Subscribe(vrtaIdleSubscriber*)
                0x00405a00                vrtaRunIdleHandlers
 .text          0x00405a80      0x980 RTAOS.lib(vrtaLoggerDevice.o)
                0x00405a80                Logger::GetPersistentDataSize()
                0x00405a90                Logger::GetPersistentData()
                0x00405aa0                Logger::Starting()
                0x00405bd0                Logger::SetPersistentData(unsigned char*, unsigned short)
                0x00405c00                Logger::AsyncGetState(vrtaEvent*)
                0x00405cd0                Logger::Logger(char*)
                0x00405cd0                Logger::Logger(char*)
                0x00405d50                Logger::Logger(char*, Logger&)
                0x00405d50                Logger::Logger(char*, Logger&)
                0x00405dc0                Logger::setfile(char*)
                0x00405ed0                Logger::Logger(char*, char*)
                0x00405ed0                Logger::Logger(char*, char*)
                0x00405f50                Logger::setduplicate(char*)
                0x00406060                Logger::Logger(char*, char*, char*)
                0x00406060                Logger::Logger(char*, char*, char*)
                0x004060f0                Logger::Stopping()
                0x00406120                Logger::UpdateText()
                0x00406220                Logger::print(char*)
                0x00406290                Logger::OnAction(vrtaAction const*)
                0x004062f0                Logger::print(char*, unsigned int)
                0x00406370                Logger::printf(char*, char*)
                0x004063d0                Logger::printf(char*, ...)
 .text          0x00406400       0x50 RTAOS.lib(vrtaOSMonitorDevice.o)
                0x00406400                OSIdleHandler::Idle(unsigned int)
                0x00406440                EnableOsMonitor
 .text          0x00406450     0x1ba0 RTAOS.lib(vrtaSampleDevices.o)
                0x00406450                vrtaBaseClock::SetPersistentData(unsigned char*, unsigned short)
                0x00406470                vrtaBaseClock::Starting()
                0x00406480                vrtaClock::initialize_clock()
                0x004064a0                vrtaComparable::SetPersistentData(unsigned char*, unsigned short)
                0x004064b0                vrtaCounter::SetPersistentData(unsigned char*, unsigned short)
                0x004064e0                vrtaCounter::Starting()
                0x004064f0                vrtaCounter::Stopping()
                0x00406500                vrtaCompare::SetPersistentData(unsigned char*, unsigned short)
                0x00406510                vrtaCompare::OnAction(vrtaAction const*)
                0x00406550                vrtaSensor::SetPersistentData(unsigned char*, unsigned short)
                0x00406570                vrtaSensor::AsyncGetState(vrtaEvent*)
                0x004065d0                vrtaActuator::SetPersistentData(unsigned char*, unsigned short)
                0x004065f0                vrtaActuator::AsyncGetState(vrtaEvent*)
                0x00406650                vrtaIO::GetPersistentDataSize()
                0x00406660                vrtaIO::GetPersistentData()
                0x00406670                vrtaIO::OnAction(vrtaAction const*)
                0x00406790                vrtaClock::ResetClock()
                0x00406800                vrtaIO::Stopping()
                0x00406830                vrtaIO::SetPersistentData(unsigned char*, unsigned short)
                0x00406870                vrtaIO::AsyncGetState(vrtaEvent*)
                0x00406920                vrtaBaseClock::Tick()
                0x00406940                non-virtual thunk to vrtaBaseClock::Tick()
                0x00406950                vrtaAdaptiveClock::Tick()
                0x00406980                non-virtual thunk to vrtaAdaptiveClock::Tick()
                0x00406990                vrtaClock::Stopping()
                0x004069d0                vrtaIO::Starting()
                0x00406a30                vrtaCounter::AsyncGetState(vrtaEvent*)
                0x00406a90                vrtaCompare::AsyncGetState(vrtaEvent*)
                0x00406af0                vrtaBaseClock::Start()
                0x00406b90                vrtaClock::Stop()
                0x00406c40                vrtaBaseClock::AsyncGetState(vrtaEvent*)
                0x00406cd0                vrtaBaseClock::vrtaBaseClock(char*, unsigned int, char*, char*, char*, bool)
                0x00406cd0                vrtaBaseClock::vrtaBaseClock(char*, unsigned int, char*, char*, char*, bool)
                0x00406d40                vrtaBaseClock::vrtaBaseClock(char*, unsigned int, bool)
                0x00406d40                vrtaBaseClock::vrtaBaseClock(char*, unsigned int, bool)
                0x00406db0                vrtaBaseClock::~vrtaBaseClock()
                0x00406db0                vrtaBaseClock::~vrtaBaseClock()
                0x00406e00                non-virtual thunk to vrtaBaseClock::~vrtaBaseClock()
                0x00406e10                vrtaBaseClock::~vrtaBaseClock()
                0x00406e30                non-virtual thunk to vrtaBaseClock::~vrtaBaseClock()
                0x00406e40                vrtaBaseClock::SetInterval(unsigned int)
                0x00406ee0                vrtaBaseClock::SetScale(unsigned int, unsigned int)
                0x00406fc0                vrtaBaseClock::OnAction(vrtaAction const*)
                0x00407050                vrtaAdaptiveClock::OnAction(vrtaAction const*)
                0x00407090                vrtaClock::vrtaClock(char*, unsigned int, bool)
                0x00407090                vrtaClock::vrtaClock(char*, unsigned int, bool)
                0x004070f0                vrtaClock::vrtaClock(char*, unsigned int, char*, char*, char*, bool)
                0x004070f0                vrtaClock::vrtaClock(char*, unsigned int, char*, char*, char*, bool)
                0x00407160                vrtaAdaptiveClock::vrtaAdaptiveClock(char*, unsigned int, bool)
                0x00407160                vrtaAdaptiveClock::vrtaAdaptiveClock(char*, unsigned int, bool)
                0x004071e0                vrtaAdaptiveClock::InjectTick()
                0x00407230                vrtaCounter::vrtaCounter(char*, char*, vrtaBaseClock&)
                0x00407230                vrtaCounter::vrtaCounter(char*, char*, vrtaBaseClock&)
                0x004072a0                vrtaCounter::Start()
                0x004072b0                vrtaCounter::Stop()
                0x004072c0                vrtaCompare::vrtaCompare(char*, vrtaComparable&, unsigned int, unsigned int)
                0x004072c0                vrtaCompare::vrtaCompare(char*, vrtaComparable&, unsigned int, unsigned int)
                0x00407320                vrtaCompare::SetMatch(unsigned int)
                0x00407330                vrtaCompare::SetVector(unsigned int)
                0x00407340                vrtaCompare::NewValue(unsigned int)
                0x00407420                vrtaComparable::CheckComparators()
                0x00407440                vrtaCounter::SetMin(unsigned int)
                0x004074a0                vrtaCounter::SetMax(unsigned int)
                0x00407500                vrtaCounter::OnAction(vrtaAction const*)
                0x00407610                vrtaCounter::SetVal(unsigned int)
                0x00407670                vrtaUpCounter::Tick()
                0x004076e0                vrtaDownCounter::Tick()
                0x00407750                vrtaSensor::SetVal(unsigned int)
                0x00407800                vrtaActuator::SetVal(unsigned int)
                0x004078b0                vrtaSensor::vrtaSensor(char*)
                0x004078b0                vrtaSensor::vrtaSensor(char*)
                0x00407900                vrtaSensor::vrtaSensor(char*, char*, char*, char*)
                0x00407900                vrtaSensor::vrtaSensor(char*, char*, char*, char*)
                0x00407950                vrtaSensor::SetMax(unsigned int)
                0x00407a70                vrtaSensor::OnAction(vrtaAction const*)
                0x00407ad0                vrtaSensorToggleSwitch::vrtaSensorToggleSwitch(char*)
                0x00407ad0                vrtaSensorToggleSwitch::vrtaSensorToggleSwitch(char*)
                0x00407b20                vrtaSensorMultiwaySwitch::vrtaSensorMultiwaySwitch(char*, unsigned int)
                0x00407b20                vrtaSensorMultiwaySwitch::vrtaSensorMultiwaySwitch(char*, unsigned int)
                0x00407b70                vrtaActuator::vrtaActuator(char*)
                0x00407b70                vrtaActuator::vrtaActuator(char*)
                0x00407bc0                vrtaActuator::vrtaActuator(char*, char*)
                0x00407bc0                vrtaActuator::vrtaActuator(char*, char*)
                0x00407c10                vrtaActuator::SetMax(unsigned int)
                0x00407d30                vrtaActuator::OnAction(vrtaAction const*)
                0x00407d90                vrtaActuatorLight::vrtaActuatorLight(char*)
                0x00407d90                vrtaActuatorLight::vrtaActuatorLight(char*)
                0x00407de0                vrtaActuatorDimmableLight::vrtaActuatorDimmableLight(char*, unsigned int)
                0x00407de0                vrtaActuatorDimmableLight::vrtaActuatorDimmableLight(char*, unsigned int)
                0x00407e30                vrtaActuatorMultiColorLight::vrtaActuatorMultiColorLight(char*, unsigned int)
                0x00407e30                vrtaActuatorMultiColorLight::vrtaActuatorMultiColorLight(char*, unsigned int)
                0x00407e80                vrtaIO::vrtaIO(char*, unsigned int)
                0x00407e80                vrtaIO::vrtaIO(char*, unsigned int)
                0x00407ed0                vrtaIO::vrtaIO(char*, unsigned int, char*, char*, char*)
                0x00407ed0                vrtaIO::vrtaIO(char*, unsigned int, char*, char*, char*)
                0x00407f20                vrtaIO::Init(unsigned int)
                0x00407f40                vrtaIO::SetValue(unsigned int, unsigned int)
                0x00407f60                vrtaIO::SetValues(unsigned int, unsigned int const*, unsigned int)
                0x00407fb0                vrtaIO::GetValue(unsigned int) const
                0x00407fe0                vrtaIO::GetValues() const
 .text          0x00407ff0      0xd40 RTAOS.lib(vrtaSystemClock.o)
                0x004081e0                vrtaSystemClockSubscriber::vrtaSystemClockSubscriber()
                0x004081e0                vrtaSystemClockSubscriber::vrtaSystemClockSubscriber()
                0x00408200                vrtaSystemClockType::vrtaSystemClockType()
                0x00408200                vrtaSystemClockType::vrtaSystemClockType()
                0x004082c0                vrtaSystemClockType::Scale()
                0x004082d0                vrtaSystemClockType::Scale(unsigned int)
                0x00408320                vrtaSystemClockType::Auto()
                0x00408380                vrtaSystemClockType::IsAuto()
                0x004083a0                vrtaSystemClockType::ManualCanDoLowPower(bool)
                0x004083c0                vrtaSystemClockType::ManualCanDoLowPower()
                0x004083e0                vrtaSystemClockType::ManualFreezesOS(bool)
                0x004083f0                vrtaSystemClockType::Manual(unsigned int)
                0x00408430                vrtaSystemClockType::ManualTicksRemaining()
                0x00408440                vrtaSystemClockType::ManualTicksCompleted()
                0x004084b0                vrtaSystemClockType::IsManual()
                0x004084c0                vrtaSystemClockType::IdleTick()
                0x00408520                vrtaSystemClockType::IsIdleTicked()
                0x00408530                vrtaSystemClockType::Tick()
                0x00408550                vrtaSystemClockType::Pause()
                0x00408560                vrtaSystemClockType::IsPaused()
                0x00408570                vrtaSystemClockType::Resume()
                0x00408580                vrtaSystemClockType::MillisecondsCount()
                0x00408590                vrtaSystemClockType::TickCount()
                0x004085a0                vrtaSystemClockType::Unsubscribe(vrtaSystemClockSubscriber*)
                0x00408630                vrtaSystemClockSubscriber::~vrtaSystemClockSubscriber()
                0x00408630                vrtaSystemClockSubscriber::~vrtaSystemClockSubscriber()
                0x00408660                vrtaSystemClockSubscriber::~vrtaSystemClockSubscriber()
                0x00408690                vrtaSystemClockType::Subscribe(vrtaSystemClockSubscriber*)
                0x00408780                vrtaSystemClockType::FavourFixedInterval(int)
                0x004087e0                vrtaSystemClockType::IsFavourFixedInterval()
                0x004087f0                vrtaCustomTickSource::vrtaCustomTickSource(unsigned int)
                0x004087f0                vrtaCustomTickSource::vrtaCustomTickSource(unsigned int)
                0x004088a0                vrtaCustomTickSource::TickCount()
                0x00408960                vrtaThreadWait::vrtaThreadWait(unsigned int)
                0x00408960                vrtaThreadWait::vrtaThreadWait(unsigned int)
                0x00408a60                vrtaThreadWait::WaitForTicks(unsigned int)
                0x00408c30                vrtaSystemClock_Auto
                0x00408c40                vrtaSystemClock_Manual
                0x00408c80                vrtaSystemClock_Pause
                0x00408c90                vrtaSystemClock_Resume
                0x00408ca0                vrtaSystemClock_Tick
                0x00408cc0                vrtaSystemClock_Scale
                0x00408ce0                vrtaSystemClock_FavourFixedInterval
                0x00408d00                vrtaSystemClock_IsFavourFixedInterval
                0x00408d10                vrtaSystemClock_HasFrozenOS
                0x00408d20                vrtaSystemClock_IsIdleTicked
 .text          0x00408d30      0x2b0 RTAOS.lib(vrtaSystemClockDevice.o)
                0x00408d30                CSLThread
                0x00408e70                SystemClockIdleHandler::Idle(unsigned int)
                0x00408fb0                SystemClockTickUpdateNotification(unsigned int)
 .text          0x00408fe0      0x1b0 RTAOS.lib(WaitEvent.o)
                0x00408fe0                Os_WaitEvent
 .text          0x00409190      0x170 RTAOS.lib(DispatchECC.o)
                0x00409190                Os_DispatchECC
 .text          0x00409300       0x20 RTAOS.lib(GetStackValue.o)
                0x00409300                Os_GetStackValue
 .text          0x00409320        0x0 RTAOS.lib(Os_vectors.o)
 .text          0x00409320       0x60 RTAOS.lib(Os_wrapper.o)
                0x00409320                Os_ISRWrapper
 .text          0x00409380       0x10 RTAOS.lib(StackOverrunHook.o)
                0x00409380                Os_Cbk_StackOverrunHook
 .text          0x00409390     0x1900 RTAOS.lib(virtualDevice.o)
                0x00409390                VirtualDevice::StringBuilder::Content()
                0x004093c0                VirtualDevice::EventZero(vrtaEvent const&)
                0x004093d0                VirtualDevice::EventHandler(vrtaEvent&)
                0x00409420                VirtualDevice::GetPersistentDataSize()
                0x00409430                VirtualDevice::GetPersistentData()
                0x00409440                VirtualDevice::SetPersistentData(unsigned char*, unsigned short)
                0x00409450                VirtualDevice::StringBuilder::~StringBuilder()
                0x00409450                VirtualDevice::StringBuilder::~StringBuilder()
                0x00409470                VirtualDevice::StringBuilder::~StringBuilder()
                0x00409510                VirtualDevice::SetValue(vrtaEvent&, void*, unsigned int)
                0x00409570                VECUAutoLock::VECUAutoLock()
                0x00409570                VECUAutoLock::VECUAutoLock()
                0x00409580                VECUAutoLock::~VECUAutoLock()
                0x00409580                VECUAutoLock::~VECUAutoLock()
                0x00409590                VirtualDevice::StringBuilder::StringBuilder(int)
                0x00409590                VirtualDevice::StringBuilder::StringBuilder(int)
                0x004095c0                VirtualDevice::StringBuilder::Append(char const*)
                0x00409640                VirtualDevice::StringBuilder::Length()
                0x00409650                VirtualDevice::OptList::OptList(int)
                0x00409650                VirtualDevice::OptList::OptList(int)
                0x00409690                VirtualDevice::OptList::Add(char const*, char const*)
                0x00409700                VirtualDevice::OptList::Clear()
                0x00409720                VirtualDevice::OptList::Replace(int, char const*, char const*)
                0x00409850                VirtualDevice::Linkable::Linkable()
                0x00409850                VirtualDevice::Linkable::Linkable()
                0x00409860                VirtualDevice::ParameterInfo::ParameterInfo(char const*, char const*, char const*)
                0x00409860                VirtualDevice::ParameterInfo::ParameterInfo(char const*, char const*, char const*)
                0x00409880                VirtualDevice::List::List()
                0x00409880                VirtualDevice::List::List()
                0x00409890                VirtualDevice::List::First()
                0x004098a0                VirtualDevice::List::Append(VirtualDevice::Linkable*)
                0x004098c0                VirtualDevice::List::Replace(int, VirtualDevice::Linkable*)
                0x00409930                VirtualDevice::ActionInfo::ActionInfo(char const*, char const*, char const*)
                0x00409930                VirtualDevice::ActionInfo::ActionInfo(char const*, char const*, char const*)
                0x00409960                VirtualDevice::ActionInfo::AddContent(VirtualDevice::OptList*)
                0x00409aa0                VirtualDevice::ActionList::Content()
                0x00409af0                VirtualDevice::ActionInfo::In(char const*, char const*, char const*)
                0x00409b50                VirtualDevice::EventInfo::EventInfo(char const*, char const*, char const*)
                0x00409b50                VirtualDevice::EventInfo::EventInfo(char const*, char const*, char const*)
                0x00409b90                VirtualDevice::EventInfo::AddContent(VirtualDevice::OptList*)
                0x00409d90                VirtualDevice::EventList::Content()
                0x00409de0                VirtualDevice::EventInfo::Out(char const*, char const*, char const*)
                0x00409e40                VirtualDevice::EventInfo::In(char const*, char const*, char const*)
                0x00409ea0                VirtualDevice::EventList::EventList()
                0x00409ea0                VirtualDevice::EventList::EventList()
                0x00409ef0                VirtualDevice::EventList::Add(char const*, char const*, char const*)
                0x00409f60                VirtualDevice::EventList::Replace(int, char const*, char const*, char const*)
                0x00409fd0                VirtualDevice::EventList::UpdateInfo(VirtualDevice::OptList&)
                0x0040a150                VirtualDevice::ActionList::ActionList()
                0x0040a150                VirtualDevice::ActionList::ActionList()
                0x0040a1a0                VirtualDevice::ActionList::Add(char const*, char const*, char const*)
                0x0040a200                VirtualDevice::ActionList::Replace(int, char const*, char const*, char const*)
                0x0040a270                VirtualDevice::ActionList::UpdateInfo(VirtualDevice::OptList&)
                0x0040a3e0                VirtualDevice::VirtualDevice()
                0x0040a3e0                VirtualDevice::VirtualDevice()
                0x0040a480                VirtualDevice::ActionHandler(vrtaAction const&)
                0x0040a4f0                VirtualDevice::AddActionHandler(unsigned short (VirtualDevice::*)(vrtaAction const&))
                0x0040a580                VirtualDevice::AddEventHandler(unsigned short (VirtualDevice::*)(vrtaEvent const&))
                0x0040a610                VirtualDevice::NullAction(vrtaAction const&)
                0x0040a620                VirtualDevice::NullEvent(vrtaEvent const&)
                0x0040a630                VirtualDevice::RegisterAs(char const*)
                0x0040a7e0                VirtualDevice::~VirtualDevice()
                0x0040a7e0                VirtualDevice::~VirtualDevice()
                0x0040a800                VirtualDevice::~VirtualDevice()
                0x0040a830                VirtualDevice::AssignCore(unsigned short)
                0x0040a850                VirtualDevice::Raise(unsigned short (VirtualDevice::*)(vrtaEvent const&), vrtaEvent&)
                0x0040a8f0                VirtualDevice::Raise(unsigned short (VirtualDevice::*)(vrtaEvent const&))
                0x0040a930                VirtualDevice::Raise(vrtaEvent&)
                0x0040a960                VirtualDevice::SendAction(unsigned short, unsigned short, vrtaAction&)
                0x0040a990                VirtualDevice::RaiseInterrupt(unsigned int)
                0x0040aa00                VirtualDevice::SpawnThread(void (*)())
                0x0040aa20                VirtualDevice::PersistThroughReset(int)
                0x0040aa30                VirtualDevice::ReadFromPersistentStorage(unsigned short*, unsigned char**)
                0x0040aa50                VirtualDevice::WriteToPersistentStorage(unsigned short*, unsigned char**)
                0x0040aaa0                VirtualDevice::LockDevice()
                0x0040aab0                VirtualDevice::ReleaseDevice()
                0x0040aac0                VirtualDevice::DataHasPersisted()
                0x0040aad0                VirtualDevice::DataHasPersisted(int)
                0x0040aae0                VirtualDevice::SetID(unsigned short)
                0x0040aaf0                VirtualDevice::GetID()
                0x0040ab00                VirtualDevice::UnpackData(vrtaAction const&, void*, unsigned int)
                0x0040ab40                VirtualDevice::ActionZero(vrtaAction const&)
                0x0040ac50                VirtualDevice::UnpackData(vrtaEvent const&, void*, unsigned int)
 .text          0x0040ac90       0x70 RTAOS.lib(ShutdownOS.o)
                0x0040ac90                Os_ShutdownOS
 .text          0x0040ad00       0x10 RTAOS.lib(InShutdown.o)
                0x0040ad00                Os_Cbk_InShutdown
 .text          0x0040ad10        0x0 C:/Program Files/ETAS/ISOLAR-EVE3.0/plugins/com.etas.evetools.toolsfolder_1.4.5/Tools/MinGW/bin/../lib/gcc/i686-w64-mingw32/4.9.2/../../../../i686-w64-mingw32/lib/../lib/libwinmm.a(dasfh.o)
 .text          0x0040ad10        0x0 C:/Program Files/ETAS/ISOLAR-EVE3.0/plugins/com.etas.evetools.toolsfolder_1.4.5/Tools/MinGW/bin/../lib/gcc/i686-w64-mingw32/4.9.2/../../../../i686-w64-mingw32/lib/../lib/libwinmm.a(dasft.o)
 .text          0x0040ad10        0x0 C:/Program Files/ETAS/ISOLAR-EVE3.0/plugins/com.etas.evetools.toolsfolder_1.4.5/Tools/MinGW/bin/../lib/gcc/i686-w64-mingw32/4.9.2\libstdc++.a(class_type_info.o)
 .text          0x0040ad10        0x0 C:/Program Files/ETAS/ISOLAR-EVE3.0/plugins/com.etas.evetools.toolsfolder_1.4.5/Tools/MinGW/bin/../lib/gcc/i686-w64-mingw32/4.9.2\libstdc++.a(del_op.o)
 .text          0x0040ad10        0x0 C:/Program Files/ETAS/ISOLAR-EVE3.0/plugins/com.etas.evetools.toolsfolder_1.4.5/Tools/MinGW/bin/../lib/gcc/i686-w64-mingw32/4.9.2\libstdc++.a(del_opv.o)
 .text          0x0040ad10        0x0 C:/Program Files/ETAS/ISOLAR-EVE3.0/plugins/com.etas.evetools.toolsfolder_1.4.5/Tools/MinGW/bin/../lib/gcc/i686-w64-mingw32/4.9.2\libstdc++.a(eh_catch.o)
 .text          0x0040ad10        0x0 C:/Program Files/ETAS/ISOLAR-EVE3.0/plugins/com.etas.evetools.toolsfolder_1.4.5/Tools/MinGW/bin/../lib/gcc/i686-w64-mingw32/4.9.2\libstdc++.a(eh_globals.o)
 .text          0x0040ad10        0x0 C:/Program Files/ETAS/ISOLAR-EVE3.0/plugins/com.etas.evetools.toolsfolder_1.4.5/Tools/MinGW/bin/../lib/gcc/i686-w64-mingw32/4.9.2\libstdc++.a(eh_personality.o)
 .text          0x0040ad10        0x0 C:/Program Files/ETAS/ISOLAR-EVE3.0/plugins/com.etas.evetools.toolsfolder_1.4.5/Tools/MinGW/bin/../lib/gcc/i686-w64-mingw32/4.9.2\libstdc++.a(eh_terminate.o)
 .text          0x0040ad10        0x0 C:/Program Files/ETAS/ISOLAR-EVE3.0/plugins/com.etas.evetools.toolsfolder_1.4.5/Tools/MinGW/bin/../lib/gcc/i686-w64-mingw32/4.9.2\libstdc++.a(eh_term_handler.o)
 .text          0x0040ad10        0x0 C:/Program Files/ETAS/ISOLAR-EVE3.0/plugins/com.etas.evetools.toolsfolder_1.4.5/Tools/MinGW/bin/../lib/gcc/i686-w64-mingw32/4.9.2\libstdc++.a(eh_throw.o)
 .text          0x0040ad10        0x0 C:/Program Files/ETAS/ISOLAR-EVE3.0/plugins/com.etas.evetools.toolsfolder_1.4.5/Tools/MinGW/bin/../lib/gcc/i686-w64-mingw32/4.9.2\libstdc++.a(eh_unex_handler.o)
 .text          0x0040ad10        0x0 C:/Program Files/ETAS/ISOLAR-EVE3.0/plugins/com.etas.evetools.toolsfolder_1.4.5/Tools/MinGW/bin/../lib/gcc/i686-w64-mingw32/4.9.2\libstdc++.a(new_op.o)
 .text          0x0040ad10        0x0 C:/Program Files/ETAS/ISOLAR-EVE3.0/plugins/com.etas.evetools.toolsfolder_1.4.5/Tools/MinGW/bin/../lib/gcc/i686-w64-mingw32/4.9.2\libstdc++.a(new_opv.o)
 .text          0x0040ad10        0x0 C:/Program Files/ETAS/ISOLAR-EVE3.0/plugins/com.etas.evetools.toolsfolder_1.4.5/Tools/MinGW/bin/../lib/gcc/i686-w64-mingw32/4.9.2\libstdc++.a(pure.o)
 .text          0x0040ad10        0x0 C:/Program Files/ETAS/ISOLAR-EVE3.0/plugins/com.etas.evetools.toolsfolder_1.4.5/Tools/MinGW/bin/../lib/gcc/i686-w64-mingw32/4.9.2\libstdc++.a(si_class_type_info.o)
 .text          0x0040ad10        0x0 C:/Program Files/ETAS/ISOLAR-EVE3.0/plugins/com.etas.evetools.toolsfolder_1.4.5/Tools/MinGW/bin/../lib/gcc/i686-w64-mingw32/4.9.2\libstdc++.a(tinfo.o)
 .text          0x0040ad10        0x0 C:/Program Files/ETAS/ISOLAR-EVE3.0/plugins/com.etas.evetools.toolsfolder_1.4.5/Tools/MinGW/bin/../lib/gcc/i686-w64-mingw32/4.9.2\libstdc++.a(vmi_class_type_info.o)
 .text          0x0040ad10        0x0 C:/Program Files/ETAS/ISOLAR-EVE3.0/plugins/com.etas.evetools.toolsfolder_1.4.5/Tools/MinGW/bin/../lib/gcc/i686-w64-mingw32/4.9.2\libstdc++.a(vterminate.o)
 .text          0x0040ad10        0x0 C:/Program Files/ETAS/ISOLAR-EVE3.0/plugins/com.etas.evetools.toolsfolder_1.4.5/Tools/MinGW/bin/../lib/gcc/i686-w64-mingw32/4.9.2\libstdc++.a(bad_alloc.o)
 .text          0x0040ad10     0xb620 C:/Program Files/ETAS/ISOLAR-EVE3.0/plugins/com.etas.evetools.toolsfolder_1.4.5/Tools/MinGW/bin/../lib/gcc/i686-w64-mingw32/4.9.2\libstdc++.a(cp-demangle.o)
                0x004161a0                __cxa_demangle
                0x004162f0                __gcclibcxx_demangle_callback
 .text          0x00416330        0x0 C:/Program Files/ETAS/ISOLAR-EVE3.0/plugins/com.etas.evetools.toolsfolder_1.4.5/Tools/MinGW/bin/../lib/gcc/i686-w64-mingw32/4.9.2\libstdc++.a(eh_alloc.o)
 .text          0x00416330        0x0 C:/Program Files/ETAS/ISOLAR-EVE3.0/plugins/com.etas.evetools.toolsfolder_1.4.5/Tools/MinGW/bin/../lib/gcc/i686-w64-mingw32/4.9.2\libstdc++.a(eh_call.o)
 .text          0x00416330        0x0 C:/Program Files/ETAS/ISOLAR-EVE3.0/plugins/com.etas.evetools.toolsfolder_1.4.5/Tools/MinGW/bin/../lib/gcc/i686-w64-mingw32/4.9.2\libstdc++.a(eh_exception.o)
 .text          0x00416330        0x0 C:/Program Files/ETAS/ISOLAR-EVE3.0/plugins/com.etas.evetools.toolsfolder_1.4.5/Tools/MinGW/bin/../lib/gcc/i686-w64-mingw32/4.9.2\libstdc++.a(eh_type.o)
 .text          0x00416330        0x0 C:/Program Files/ETAS/ISOLAR-EVE3.0/plugins/com.etas.evetools.toolsfolder_1.4.5/Tools/MinGW/bin/../lib/gcc/i686-w64-mingw32/4.9.2\libstdc++.a(new_handler.o)
 .text          0x00416330       0xe0 C:/Program Files/ETAS/ISOLAR-EVE3.0/plugins/com.etas.evetools.toolsfolder_1.4.5/Tools/MinGW/bin/../lib/gcc/i686-w64-mingw32/4.9.2/../../../../i686-w64-mingw32/lib/../lib/libmingw32.a(lib32_libmingw32_a-atonexit.o)
                0x00416330                mingw_onexit
                0x004163f0                atexit
 .text          0x00416410       0xa0 C:/Program Files/ETAS/ISOLAR-EVE3.0/plugins/com.etas.evetools.toolsfolder_1.4.5/Tools/MinGW/bin/../lib/gcc/i686-w64-mingw32/4.9.2/../../../../i686-w64-mingw32/lib/../lib/libmingw32.a(lib32_libmingw32_a-gccmain.o)
                0x00416410                __do_global_dtors
                0x00416440                __do_global_ctors
                0x00416490                __main
 .text          0x004164b0        0x0 C:/Program Files/ETAS/ISOLAR-EVE3.0/plugins/com.etas.evetools.toolsfolder_1.4.5/Tools/MinGW/bin/../lib/gcc/i686-w64-mingw32/4.9.2/../../../../i686-w64-mingw32/lib/../lib/libmingw32.a(lib32_libmingw32_a-natstart.o)
 .text          0x004164b0        0x0 C:/Program Files/ETAS/ISOLAR-EVE3.0/plugins/com.etas.evetools.toolsfolder_1.4.5/Tools/MinGW/bin/../lib/gcc/i686-w64-mingw32/4.9.2/../../../../i686-w64-mingw32/lib/../lib/libmingw32.a(lib32_libmingw32_a-wildcard.o)
 .text          0x004164b0       0x10 C:/Program Files/ETAS/ISOLAR-EVE3.0/plugins/com.etas.evetools.toolsfolder_1.4.5/Tools/MinGW/bin/../lib/gcc/i686-w64-mingw32/4.9.2/../../../../i686-w64-mingw32/lib/../lib/libmingw32.a(lib32_libmingw32_a-charmax.o)
 .text          0x004164c0       0x10 C:/Program Files/ETAS/ISOLAR-EVE3.0/plugins/com.etas.evetools.toolsfolder_1.4.5/Tools/MinGW/bin/../lib/gcc/i686-w64-mingw32/4.9.2/../../../../i686-w64-mingw32/lib/../lib/libmingw32.a(lib32_libmingw32_a-dllargv.o)
                0x004164c0                _setargv
 .text          0x004164d0      0x140 C:/Program Files/ETAS/ISOLAR-EVE3.0/plugins/com.etas.evetools.toolsfolder_1.4.5/Tools/MinGW/bin/../lib/gcc/i686-w64-mingw32/4.9.2/../../../../i686-w64-mingw32/lib/../lib/libmingw32.a(lib32_libmingw32_a-gs_support.o)
                0x004164d0                __security_init_cookie
                0x00416580                __report_gsfailure
 .text          0x00416610        0x0 C:/Program Files/ETAS/ISOLAR-EVE3.0/plugins/com.etas.evetools.toolsfolder_1.4.5/Tools/MinGW/bin/../lib/gcc/i686-w64-mingw32/4.9.2/../../../../i686-w64-mingw32/lib/../lib/libmingw32.a(lib32_libmingw32_a-_newmode.o)
 .text          0x00416610       0xe0 C:/Program Files/ETAS/ISOLAR-EVE3.0/plugins/com.etas.evetools.toolsfolder_1.4.5/Tools/MinGW/bin/../lib/gcc/i686-w64-mingw32/4.9.2/../../../../i686-w64-mingw32/lib/../lib/libmingw32.a(lib32_libmingw32_a-tlssup.o)
                0x00416660                __dyn_tls_init@12
                0x004166e0                __tlregdtor
 .text          0x004166f0        0x0 C:/Program Files/ETAS/ISOLAR-EVE3.0/plugins/com.etas.evetools.toolsfolder_1.4.5/Tools/MinGW/bin/../lib/gcc/i686-w64-mingw32/4.9.2/../../../../i686-w64-mingw32/lib/../lib/libmingw32.a(lib32_libmingw32_a-cinitexe.o)
 .text          0x004166f0       0xc0 C:/Program Files/ETAS/ISOLAR-EVE3.0/plugins/com.etas.evetools.toolsfolder_1.4.5/Tools/MinGW/bin/../lib/gcc/i686-w64-mingw32/4.9.2/../../../../i686-w64-mingw32/lib/../lib/libmingw32.a(lib32_libmingw32_a-merr.o)
                0x004166f0                __mingw_raise_matherr
                0x00416740                __mingw_setusermatherr
                0x00416750                _matherr
 .text          0x004167b0       0x10 C:/Program Files/ETAS/ISOLAR-EVE3.0/plugins/com.etas.evetools.toolsfolder_1.4.5/Tools/MinGW/bin/../lib/gcc/i686-w64-mingw32/4.9.2/../../../../i686-w64-mingw32/lib/../lib/libmingw32.a(lib32_libmingw32_a-CRT_fp10.o)
                0x004167b0                fpreset
                0x004167b0                _fpreset
 .text          0x004167c0       0x20 C:/Program Files/ETAS/ISOLAR-EVE3.0/plugins/com.etas.evetools.toolsfolder_1.4.5/Tools/MinGW/bin/../lib/gcc/i686-w64-mingw32/4.9.2/../../../../i686-w64-mingw32/lib/../lib/libmingw32.a(lib32_libmingw32_a-mingw_helpers.o)
                0x004167c0                _decode_pointer
                0x004167d0                _encode_pointer
 .text          0x004167e0      0x440 C:/Program Files/ETAS/ISOLAR-EVE3.0/plugins/com.etas.evetools.toolsfolder_1.4.5/Tools/MinGW/bin/../lib/gcc/i686-w64-mingw32/4.9.2/../../../../i686-w64-mingw32/lib/../lib/libmingw32.a(lib32_libmingw32_a-pseudo-reloc.o)
                0x00416980                _pei386_runtime_relocator
 .text          0x00416c20        0x0 C:/Program Files/ETAS/ISOLAR-EVE3.0/plugins/com.etas.evetools.toolsfolder_1.4.5/Tools/MinGW/bin/../lib/gcc/i686-w64-mingw32/4.9.2/../../../../i686-w64-mingw32/lib/../lib/libmingw32.a(lib32_libmingw32_a-xtxtmode.o)
 .text          0x00416c20      0x150 C:/Program Files/ETAS/ISOLAR-EVE3.0/plugins/com.etas.evetools.toolsfolder_1.4.5/Tools/MinGW/bin/../lib/gcc/i686-w64-mingw32/4.9.2/../../../../i686-w64-mingw32/lib/../lib/libmingw32.a(lib32_libmingw32_a-crt_handler.o)
                0x00416c20                _gnu_exception_handler@4
 .text          0x00416d70      0x290 C:/Program Files/ETAS/ISOLAR-EVE3.0/plugins/com.etas.evetools.toolsfolder_1.4.5/Tools/MinGW/bin/../lib/gcc/i686-w64-mingw32/4.9.2/../../../../i686-w64-mingw32/lib/../lib/libmingw32.a(lib32_libmingw32_a-tlsthrd.o)
                0x00416df0                ___w64_mingwthr_add_key_dtor
                0x00416e80                ___w64_mingwthr_remove_key_dtor
                0x00416f20                __mingw_TLScallback
 .text          0x00417000        0x0 C:/Program Files/ETAS/ISOLAR-EVE3.0/plugins/com.etas.evetools.toolsfolder_1.4.5/Tools/MinGW/bin/../lib/gcc/i686-w64-mingw32/4.9.2/../../../../i686-w64-mingw32/lib/../lib/libmingw32.a(lib32_libmingw32_a-tlsmcrt.o)
 .text          0x00417000        0x0 C:/Program Files/ETAS/ISOLAR-EVE3.0/plugins/com.etas.evetools.toolsfolder_1.4.5/Tools/MinGW/bin/../lib/gcc/i686-w64-mingw32/4.9.2/../../../../i686-w64-mingw32/lib/../lib/libmingw32.a(lib32_libmingw32_a-pseudo-reloc-list.o)
 .text          0x00417000      0x340 C:/Program Files/ETAS/ISOLAR-EVE3.0/plugins/com.etas.evetools.toolsfolder_1.4.5/Tools/MinGW/bin/../lib/gcc/i686-w64-mingw32/4.9.2/../../../../i686-w64-mingw32/lib/../lib/libmingw32.a(lib32_libmingw32_a-pesect.o)
                0x00417020                _ValidateImageBase
                0x00417040                _FindPESection
                0x00417080                _FindPESectionByName
                0x00417120                __mingw_GetSectionForAddress
                0x00417170                __mingw_GetSectionCount
                0x004171a0                _FindPESectionExec
                0x00417210                _GetPEImageBase
                0x00417240                _IsNonwritableInCurrentImage
                0x004172a0                __mingw_enum_import_library_names
 .text          0x00417340       0x2c C:/Program Files/ETAS/ISOLAR-EVE3.0/plugins/com.etas.evetools.toolsfolder_1.4.5/Tools/MinGW/bin/../lib/gcc/i686-w64-mingw32/4.9.2/libgcc.a(_chkstk_ms.o)
                0x00417340                __chkstk_ms
 .text          0x0041736c        0x0 C:/Program Files/ETAS/ISOLAR-EVE3.0/plugins/com.etas.evetools.toolsfolder_1.4.5/Tools/MinGW/bin/../lib/gcc/i686-w64-mingw32/4.9.2/libgcc.a(_ctors.o)
 *fill*         0x0041736c        0x4 
 .text          0x00417370      0x1a0 C:/Program Files/ETAS/ISOLAR-EVE3.0/plugins/com.etas.evetools.toolsfolder_1.4.5/Tools/MinGW/bin/../lib/gcc/i686-w64-mingw32/4.9.2/libgcc.a(_divdi3.o)
                0x00417370                __divdi3
 .text          0x00417510      0x430 C:/Program Files/ETAS/ISOLAR-EVE3.0/plugins/com.etas.evetools.toolsfolder_1.4.5/Tools/MinGW/bin/../lib/gcc/i686-w64-mingw32/4.9.2/libgcc.a(gthr-win32.o)
                0x00417510                __gthr_win32_once
                0x00417590                __gthr_win32_key_create
                0x004175d0                __gthr_win32_key_delete
                0x00417600                __gthr_win32_getspecific
                0x00417640                __gthr_win32_setspecific
                0x00417670                __gthr_win32_mutex_init_function
                0x004176b0                __gthr_win32_mutex_destroy
                0x004176d0                __gthr_win32_mutex_lock
                0x00417710                __gthr_win32_mutex_trylock
                0x00417730                __gthr_win32_mutex_unlock
                0x00417780                __gthr_win32_recursive_mutex_init_function
                0x004177d0                __gthr_win32_recursive_mutex_lock
                0x00417860                __gthr_win32_recursive_mutex_trylock
                0x004178c0                __gthr_win32_recursive_mutex_unlock
                0x00417920                __gthr_win32_recursive_mutex_destroy
 .text          0x00417940     0x2780 C:/Program Files/ETAS/ISOLAR-EVE3.0/plugins/com.etas.evetools.toolsfolder_1.4.5/Tools/MinGW/bin/../lib/gcc/i686-w64-mingw32/4.9.2/libgcc_eh.a(unwind-dw2.o)
                0x00419a70                _Unwind_GetGR
                0x00419ac0                _Unwind_GetCFA
                0x00419ad0                _Unwind_SetGR
                0x00419b20                _Unwind_GetIP
                0x00419b30                _Unwind_GetIPInfo
                0x00419b50                _Unwind_SetIP
                0x00419b60                _Unwind_GetLanguageSpecificData
                0x00419b70                _Unwind_GetRegionStart
                0x00419b80                _Unwind_FindEnclosingFunction
                0x00419bc0                _Unwind_GetDataRelBase
                0x00419bd0                _Unwind_GetTextRelBase
                0x00419be0                __frame_state_for
                0x00419cd0                _Unwind_RaiseException
                0x00419e30                _Unwind_ForcedUnwind
                0x00419ed0                _Unwind_Resume
                0x00419f70                _Unwind_Resume_or_Rethrow
                0x0041a020                _Unwind_DeleteException
                0x0041a040                _Unwind_Backtrace
 .text          0x0041a0c0     0x17d0 C:/Program Files/ETAS/ISOLAR-EVE3.0/plugins/com.etas.evetools.toolsfolder_1.4.5/Tools/MinGW/bin/../lib/gcc/i686-w64-mingw32/4.9.2/libgcc_eh.a(unwind-dw2-fde.o)
                0x0041b1b0                __register_frame_info_bases
                0x0041b1e0                __register_frame_info
                0x0041b210                __register_frame
                0x0041b250                __register_frame_info_table_bases
                0x0041b3b0                __register_frame_info_table
                0x0041b3e0                __register_frame_table
                0x0041b420                __deregister_frame_info_bases
                0x0041b610                __deregister_frame_info
                0x0041b620                __deregister_frame
                0x0041b650                _Unwind_Find_FDE
 .text          0x0041b890      0x3f0 C:/Program Files/ETAS/ISOLAR-EVE3.0/plugins/com.etas.evetools.toolsfolder_1.4.5/Tools/MinGW/bin/../lib/gcc/i686-w64-mingw32/4.9.2/libgcc_eh.a(emutls.o)
                0x0041b9d0                __emutls_get_address
                0x0041bc40                __emutls_register_common
 .text          0x0041bc80        0x0 C:/Program Files/ETAS/ISOLAR-EVE3.0/plugins/com.etas.evetools.toolsfolder_1.4.5/Tools/MinGW/bin/../lib/gcc/i686-w64-mingw32/4.9.2/../../../../i686-w64-mingw32/lib/../lib/libmingwex.a(lib32_libmingwex_a-mingw_matherr.o)
 .text          0x0041bc80        0x8 C:/Program Files/ETAS/ISOLAR-EVE3.0/plugins/com.etas.evetools.toolsfolder_1.4.5/Tools/MinGW/bin/../lib/gcc/i686-w64-mingw32/4.9.2/../../../../i686-w64-mingw32/lib/../lib/libmsvcrt.a(dcpds01256.o)
                0x0041bc80                vsprintf
 .text          0x0041bc88        0x8 C:/Program Files/ETAS/ISOLAR-EVE3.0/plugins/com.etas.evetools.toolsfolder_1.4.5/Tools/MinGW/bin/../lib/gcc/i686-w64-mingw32/4.9.2/../../../../i686-w64-mingw32/lib/../lib/libmsvcrt.a(dcpds01249.o)
                0x0041bc88                vfprintf
 .text          0x0041bc90        0x8 C:/Program Files/ETAS/ISOLAR-EVE3.0/plugins/com.etas.evetools.toolsfolder_1.4.5/Tools/MinGW/bin/../lib/gcc/i686-w64-mingw32/4.9.2/../../../../i686-w64-mingw32/lib/../lib/libmsvcrt.a(dcpds01217.o)
                0x0041bc90                strncpy
 .text          0x0041bc98        0x8 C:/Program Files/ETAS/ISOLAR-EVE3.0/plugins/com.etas.evetools.toolsfolder_1.4.5/Tools/MinGW/bin/../lib/gcc/i686-w64-mingw32/4.9.2/../../../../i686-w64-mingw32/lib/../lib/libmsvcrt.a(dcpds01216.o)
                0x0041bc98                strncmp
 .text          0x0041bca0        0x8 C:/Program Files/ETAS/ISOLAR-EVE3.0/plugins/com.etas.evetools.toolsfolder_1.4.5/Tools/MinGW/bin/../lib/gcc/i686-w64-mingw32/4.9.2/../../../../i686-w64-mingw32/lib/../lib/libmsvcrt.a(dcpds01213.o)
                0x0041bca0                strlen
 .text          0x0041bca8        0x8 C:/Program Files/ETAS/ISOLAR-EVE3.0/plugins/com.etas.evetools.toolsfolder_1.4.5/Tools/MinGW/bin/../lib/gcc/i686-w64-mingw32/4.9.2/../../../../i686-w64-mingw32/lib/../lib/libmsvcrt.a(dcpds01208.o)
                0x0041bca8                strcpy
 .text          0x0041bcb0        0x8 C:/Program Files/ETAS/ISOLAR-EVE3.0/plugins/com.etas.evetools.toolsfolder_1.4.5/Tools/MinGW/bin/../lib/gcc/i686-w64-mingw32/4.9.2/../../../../i686-w64-mingw32/lib/../lib/libmsvcrt.a(dcpds01206.o)
                0x0041bcb0                strcmp
 .text          0x0041bcb8        0x8 C:/Program Files/ETAS/ISOLAR-EVE3.0/plugins/com.etas.evetools.toolsfolder_1.4.5/Tools/MinGW/bin/../lib/gcc/i686-w64-mingw32/4.9.2/../../../../i686-w64-mingw32/lib/../lib/libmsvcrt.a(dcpds01203.o)
                0x0041bcb8                strcat
 .text          0x0041bcc0        0x8 C:/Program Files/ETAS/ISOLAR-EVE3.0/plugins/com.etas.evetools.toolsfolder_1.4.5/Tools/MinGW/bin/../lib/gcc/i686-w64-mingw32/4.9.2/../../../../i686-w64-mingw32/lib/../lib/libmsvcrt.a(dcpds01198.o)
                0x0041bcc0                sprintf
 .text          0x0041bcc8        0x8 C:/Program Files/ETAS/ISOLAR-EVE3.0/plugins/com.etas.evetools.toolsfolder_1.4.5/Tools/MinGW/bin/../lib/gcc/i686-w64-mingw32/4.9.2/../../../../i686-w64-mingw32/lib/../lib/libmsvcrt.a(dcpds01195.o)
                0x0041bcc8                signal
 .text          0x0041bcd0        0x8 C:/Program Files/ETAS/ISOLAR-EVE3.0/plugins/com.etas.evetools.toolsfolder_1.4.5/Tools/MinGW/bin/../lib/gcc/i686-w64-mingw32/4.9.2/../../../../i686-w64-mingw32/lib/../lib/libmsvcrt.a(dcpds01186.o)
                0x0041bcd0                realloc
 .text          0x0041bcd8        0x8 C:/Program Files/ETAS/ISOLAR-EVE3.0/plugins/com.etas.evetools.toolsfolder_1.4.5/Tools/MinGW/bin/../lib/gcc/i686-w64-mingw32/4.9.2/../../../../i686-w64-mingw32/lib/../lib/libmsvcrt.a(dcpds01170.o)
                0x0041bcd8                memcpy
 .text          0x0041bce0        0x8 C:/Program Files/ETAS/ISOLAR-EVE3.0/plugins/com.etas.evetools.toolsfolder_1.4.5/Tools/MinGW/bin/../lib/gcc/i686-w64-mingw32/4.9.2/../../../../i686-w64-mingw32/lib/../lib/libmsvcrt.a(dcpds01167.o)
                0x0041bce0                memset
 .text          0x0041bce8        0x8 C:/Program Files/ETAS/ISOLAR-EVE3.0/plugins/com.etas.evetools.toolsfolder_1.4.5/Tools/MinGW/bin/../lib/gcc/i686-w64-mingw32/4.9.2/../../../../i686-w64-mingw32/lib/../lib/libmsvcrt.a(dcpds01165.o)
                0x0041bce8                memcmp
 .text          0x0041bcf0        0x8 C:/Program Files/ETAS/ISOLAR-EVE3.0/plugins/com.etas.evetools.toolsfolder_1.4.5/Tools/MinGW/bin/../lib/gcc/i686-w64-mingw32/4.9.2/../../../../i686-w64-mingw32/lib/../lib/libmsvcrt.a(dcpds01159.o)
                0x0041bcf0                malloc
 .text          0x0041bcf8        0x8 C:/Program Files/ETAS/ISOLAR-EVE3.0/plugins/com.etas.evetools.toolsfolder_1.4.5/Tools/MinGW/bin/../lib/gcc/i686-w64-mingw32/4.9.2/../../../../i686-w64-mingw32/lib/../lib/libmsvcrt.a(dcpds01112.o)
                0x0041bcf8                fwrite
 .text          0x0041bd00        0x8 C:/Program Files/ETAS/ISOLAR-EVE3.0/plugins/com.etas.evetools.toolsfolder_1.4.5/Tools/MinGW/bin/../lib/gcc/i686-w64-mingw32/4.9.2/../../../../i686-w64-mingw32/lib/../lib/libmsvcrt.a(dcpds01101.o)
                0x0041bd00                free
 .text          0x0041bd08        0x8 C:/Program Files/ETAS/ISOLAR-EVE3.0/plugins/com.etas.evetools.toolsfolder_1.4.5/Tools/MinGW/bin/../lib/gcc/i686-w64-mingw32/4.9.2/../../../../i686-w64-mingw32/lib/../lib/libmsvcrt.a(dcpds01097.o)
                0x0041bd08                fputs
 .text          0x0041bd10        0x8 C:/Program Files/ETAS/ISOLAR-EVE3.0/plugins/com.etas.evetools.toolsfolder_1.4.5/Tools/MinGW/bin/../lib/gcc/i686-w64-mingw32/4.9.2/../../../../i686-w64-mingw32/lib/../lib/libmsvcrt.a(dcpds01096.o)
                0x0041bd10                fputc
 .text          0x0041bd18        0x8 C:/Program Files/ETAS/ISOLAR-EVE3.0/plugins/com.etas.evetools.toolsfolder_1.4.5/Tools/MinGW/bin/../lib/gcc/i686-w64-mingw32/4.9.2/../../../../i686-w64-mingw32/lib/../lib/libmsvcrt.a(dcpds01094.o)
                0x0041bd18                fprintf
 .text          0x0041bd20        0x8 C:/Program Files/ETAS/ISOLAR-EVE3.0/plugins/com.etas.evetools.toolsfolder_1.4.5/Tools/MinGW/bin/../lib/gcc/i686-w64-mingw32/4.9.2/../../../../i686-w64-mingw32/lib/../lib/libmsvcrt.a(dcpds01092.o)
                0x0041bd20                fopen
 .text          0x0041bd28        0x8 C:/Program Files/ETAS/ISOLAR-EVE3.0/plugins/com.etas.evetools.toolsfolder_1.4.5/Tools/MinGW/bin/../lib/gcc/i686-w64-mingw32/4.9.2/../../../../i686-w64-mingw32/lib/../lib/libmsvcrt.a(dcpds01081.o)
                0x0041bd28                fclose
 .text          0x0041bd30        0x8 C:/Program Files/ETAS/ISOLAR-EVE3.0/plugins/com.etas.evetools.toolsfolder_1.4.5/Tools/MinGW/bin/../lib/gcc/i686-w64-mingw32/4.9.2/../../../../i686-w64-mingw32/lib/../lib/libmsvcrt.a(dcpds01078.o)
                0x0041bd30                exit
 .text          0x0041bd38        0x8 C:/Program Files/ETAS/ISOLAR-EVE3.0/plugins/com.etas.evetools.toolsfolder_1.4.5/Tools/MinGW/bin/../lib/gcc/i686-w64-mingw32/4.9.2/../../../../i686-w64-mingw32/lib/../lib/libmsvcrt.a(dcpds01067.o)
                0x0041bd38                calloc
 .text          0x0041bd40        0x8 C:/Program Files/ETAS/ISOLAR-EVE3.0/plugins/com.etas.evetools.toolsfolder_1.4.5/Tools/MinGW/bin/../lib/gcc/i686-w64-mingw32/4.9.2/../../../../i686-w64-mingw32/lib/../lib/libmsvcrt.a(dcpds01063.o)
                0x0041bd40                atoi
 .text          0x0041bd48        0x8 C:/Program Files/ETAS/ISOLAR-EVE3.0/plugins/com.etas.evetools.toolsfolder_1.4.5/Tools/MinGW/bin/../lib/gcc/i686-w64-mingw32/4.9.2/../../../../i686-w64-mingw32/lib/../lib/libmsvcrt.a(dcpds01055.o)
                0x0041bd48                abort
 .text          0x0041bd50        0x8 C:/Program Files/ETAS/ISOLAR-EVE3.0/plugins/com.etas.evetools.toolsfolder_1.4.5/Tools/MinGW/bin/../lib/gcc/i686-w64-mingw32/4.9.2/../../../../i686-w64-mingw32/lib/../lib/libmsvcrt.a(dcpds01013.o)
                0x0041bd50                write
 .text          0x0041bd58        0x8 C:/Program Files/ETAS/ISOLAR-EVE3.0/plugins/com.etas.evetools.toolsfolder_1.4.5/Tools/MinGW/bin/../lib/gcc/i686-w64-mingw32/4.9.2/../../../../i686-w64-mingw32/lib/../lib/libmsvcrt.a(dcpds00840.o)
                0x0041bd58                _unlock
 .text          0x0041bd60        0x0 C:/Program Files/ETAS/ISOLAR-EVE3.0/plugins/com.etas.evetools.toolsfolder_1.4.5/Tools/MinGW/bin/../lib/gcc/i686-w64-mingw32/4.9.2/../../../../i686-w64-mingw32/lib/../lib/libmsvcrt.a(dcpds00627.o)
 .text          0x0041bd60        0x8 C:/Program Files/ETAS/ISOLAR-EVE3.0/plugins/com.etas.evetools.toolsfolder_1.4.5/Tools/MinGW/bin/../lib/gcc/i686-w64-mingw32/4.9.2/../../../../i686-w64-mingw32/lib/../lib/libmsvcrt.a(dcpds00460.o)
                0x0041bd60                _lock
 .text          0x0041bd68        0x0 C:/Program Files/ETAS/ISOLAR-EVE3.0/plugins/com.etas.evetools.toolsfolder_1.4.5/Tools/MinGW/bin/../lib/gcc/i686-w64-mingw32/4.9.2/../../../../i686-w64-mingw32/lib/../lib/libmsvcrt.a(dcpds00354.o)
 .text          0x0041bd68        0x8 C:/Program Files/ETAS/ISOLAR-EVE3.0/plugins/com.etas.evetools.toolsfolder_1.4.5/Tools/MinGW/bin/../lib/gcc/i686-w64-mingw32/4.9.2/../../../../i686-w64-mingw32/lib/../lib/libmsvcrt.a(dcpds00350.o)
                0x0041bd68                _initterm
 .text          0x0041bd70        0x0 C:/Program Files/ETAS/ISOLAR-EVE3.0/plugins/com.etas.evetools.toolsfolder_1.4.5/Tools/MinGW/bin/../lib/gcc/i686-w64-mingw32/4.9.2/../../../../i686-w64-mingw32/lib/../lib/libmsvcrt.a(dcpds00275.o)
 .text          0x0041bd70        0x8 C:/Program Files/ETAS/ISOLAR-EVE3.0/plugins/com.etas.evetools.toolsfolder_1.4.5/Tools/MinGW/bin/../lib/gcc/i686-w64-mingw32/4.9.2/../../../../i686-w64-mingw32/lib/../lib/libmsvcrt.a(dcpds00163.o)
                0x0041bd70                _cexit
 .text          0x0041bd78        0x8 C:/Program Files/ETAS/ISOLAR-EVE3.0/plugins/com.etas.evetools.toolsfolder_1.4.5/Tools/MinGW/bin/../lib/gcc/i686-w64-mingw32/4.9.2/../../../../i686-w64-mingw32/lib/../lib/libmsvcrt.a(dcpds00145.o)
                0x0041bd78                _amsg_exit
 .text          0x0041bd80        0x0 C:/Program Files/ETAS/ISOLAR-EVE3.0/plugins/com.etas.evetools.toolsfolder_1.4.5/Tools/MinGW/bin/../lib/gcc/i686-w64-mingw32/4.9.2/../../../../i686-w64-mingw32/lib/../lib/libmsvcrt.a(dcpds00123.o)
 .text          0x0041bd80        0x8 C:/Program Files/ETAS/ISOLAR-EVE3.0/plugins/com.etas.evetools.toolsfolder_1.4.5/Tools/MinGW/bin/../lib/gcc/i686-w64-mingw32/4.9.2/../../../../i686-w64-mingw32/lib/../lib/libmsvcrt.a(dcpds00108.o)
                0x0041bd80                __setusermatherr
 .text          0x0041bd88        0x8 C:/Program Files/ETAS/ISOLAR-EVE3.0/plugins/com.etas.evetools.toolsfolder_1.4.5/Tools/MinGW/bin/../lib/gcc/i686-w64-mingw32/4.9.2/../../../../i686-w64-mingw32/lib/../lib/libmsvcrt.a(dcpds00105.o)
                0x0041bd88                __set_app_type
 .text          0x0041bd90        0x0 C:/Program Files/ETAS/ISOLAR-EVE3.0/plugins/com.etas.evetools.toolsfolder_1.4.5/Tools/MinGW/bin/../lib/gcc/i686-w64-mingw32/4.9.2/../../../../i686-w64-mingw32/lib/../lib/libmsvcrt.a(dcpds00059.o)
 .text          0x0041bd90        0x8 C:/Program Files/ETAS/ISOLAR-EVE3.0/plugins/com.etas.evetools.toolsfolder_1.4.5/Tools/MinGW/bin/../lib/gcc/i686-w64-mingw32/4.9.2/../../../../i686-w64-mingw32/lib/../lib/libmsvcrt.a(dcpds00058.o)
                0x0041bd90                __getmainargs
 .text          0x0041bd98        0x8 C:/Program Files/ETAS/ISOLAR-EVE3.0/plugins/com.etas.evetools.toolsfolder_1.4.5/Tools/MinGW/bin/../lib/gcc/i686-w64-mingw32/4.9.2/../../../../i686-w64-mingw32/lib/../lib/libmsvcrt.a(dcpds00055.o)
                0x0041bd98                __dllonexit
 .text          0x0041bda0       0x20 C:/Program Files/ETAS/ISOLAR-EVE3.0/plugins/com.etas.evetools.toolsfolder_1.4.5/Tools/MinGW/bin/../lib/gcc/i686-w64-mingw32/4.9.2/../../../../i686-w64-mingw32/lib/../lib/libmsvcrt.a(lib32_libmsvcrt_a-invalid_parameter_handler.o)
                0x0041bda0                _get_invalid_parameter_handler
                0x0041bdb0                _set_invalid_parameter_handler
 .text          0x0041bdc0        0x0 C:/Program Files/ETAS/ISOLAR-EVE3.0/plugins/com.etas.evetools.toolsfolder_1.4.5/Tools/MinGW/bin/../lib/gcc/i686-w64-mingw32/4.9.2/../../../../i686-w64-mingw32/lib/../lib/libmsvcrt.a(dcpdh.o)
 .text          0x0041bdc0        0x0 C:/Program Files/ETAS/ISOLAR-EVE3.0/plugins/com.etas.evetools.toolsfolder_1.4.5/Tools/MinGW/bin/../lib/gcc/i686-w64-mingw32/4.9.2/../../../../i686-w64-mingw32/lib/../lib/libmsvcrt.a(dcpdt.o)
 .text          0x0041bdc0        0x0 C:/Program Files/ETAS/ISOLAR-EVE3.0/plugins/com.etas.evetools.toolsfolder_1.4.5/Tools/MinGW/bin/../lib/gcc/i686-w64-mingw32/4.9.2/../../../../i686-w64-mingw32/lib/../lib/libuser32.a(diqeh.o)
 .text          0x0041bdc0        0x0 C:/Program Files/ETAS/ISOLAR-EVE3.0/plugins/com.etas.evetools.toolsfolder_1.4.5/Tools/MinGW/bin/../lib/gcc/i686-w64-mingw32/4.9.2/../../../../i686-w64-mingw32/lib/../lib/libuser32.a(diqet.o)
 .text          0x0041bdc0        0x0 C:/Program Files/ETAS/ISOLAR-EVE3.0/plugins/com.etas.evetools.toolsfolder_1.4.5/Tools/MinGW/bin/../lib/gcc/i686-w64-mingw32/4.9.2/../../../../i686-w64-mingw32/lib/../lib/libkernel32.a(dkxh.o)
 .text          0x0041bdc0        0x0 C:/Program Files/ETAS/ISOLAR-EVE3.0/plugins/com.etas.evetools.toolsfolder_1.4.5/Tools/MinGW/bin/../lib/gcc/i686-w64-mingw32/4.9.2/../../../../i686-w64-mingw32/lib/../lib/libkernel32.a(dkxt.o)
 .text          0x0041bdc0       0x30 C:/Program Files/ETAS/ISOLAR-EVE3.0/plugins/com.etas.evetools.toolsfolder_1.4.5/Tools/MinGW/bin/../lib/gcc/i686-w64-mingw32/4.9.2/../../../../i686-w64-mingw32/lib/../lib/libmingw32.a(lib32_libmingw32_a-tlsmthread.o)
                0x0041bdc0                __mingwthr_remove_key_dtor
                0x0041bdd0                __mingwthr_key_dtor
 .text          0x0041bdf0        0x0 C:/Program Files/ETAS/ISOLAR-EVE3.0/plugins/com.etas.evetools.toolsfolder_1.4.5/Tools/MinGW/bin/../lib/gcc/i686-w64-mingw32/4.9.2/crtend.o
 *(SORT(.text$*))
 .text$_ZL12read_sleb128PKhPl
                0x0041bdf0       0x40 C:/Program Files/ETAS/ISOLAR-EVE3.0/plugins/com.etas.evetools.toolsfolder_1.4.5/Tools/MinGW/bin/../lib/gcc/i686-w64-mingw32/4.9.2\libstdc++.a(eh_personality.o)
 .text$_ZL15get_ttype_entryP16lsda_header_infom
                0x0041be30       0x80 C:/Program Files/ETAS/ISOLAR-EVE3.0/plugins/com.etas.evetools.toolsfolder_1.4.5/Tools/MinGW/bin/../lib/gcc/i686-w64-mingw32/4.9.2\libstdc++.a(eh_personality.o)
 .text$_ZL16get_adjusted_ptrPKSt9type_infoS1_PPv
                0x0041beb0       0x60 C:/Program Files/ETAS/ISOLAR-EVE3.0/plugins/com.etas.evetools.toolsfolder_1.4.5/Tools/MinGW/bin/../lib/gcc/i686-w64-mingw32/4.9.2\libstdc++.a(eh_personality.o)
 .text$_ZL17parse_lsda_headerP15_Unwind_ContextPKhP16lsda_header_info
                0x0041bf10       0xf0 C:/Program Files/ETAS/ISOLAR-EVE3.0/plugins/com.etas.evetools.toolsfolder_1.4.5/Tools/MinGW/bin/../lib/gcc/i686-w64-mingw32/4.9.2\libstdc++.a(eh_personality.o)
 .text$_ZL20check_exception_specP16lsda_header_infoPKSt9type_infoPvl
                0x0041c000       0x70 C:/Program Files/ETAS/ISOLAR-EVE3.0/plugins/com.etas.evetools.toolsfolder_1.4.5/Tools/MinGW/bin/../lib/gcc/i686-w64-mingw32/4.9.2\libstdc++.a(eh_personality.o)
 .text$_ZL21base_of_encoded_valuehP15_Unwind_Context
                0x0041c070       0x70 C:/Program Files/ETAS/ISOLAR-EVE3.0/plugins/com.etas.evetools.toolsfolder_1.4.5/Tools/MinGW/bin/../lib/gcc/i686-w64-mingw32/4.9.2\libstdc++.a(eh_personality.o)
 .text$_ZL23__gxx_exception_cleanup19_Unwind_Reason_CodeP17_Unwind_Exception
                0x0041c0e0       0x50 C:/Program Files/ETAS/ISOLAR-EVE3.0/plugins/com.etas.evetools.toolsfolder_1.4.5/Tools/MinGW/bin/../lib/gcc/i686-w64-mingw32/4.9.2\libstdc++.a(eh_throw.o)
 .text$_ZL28read_encoded_value_with_basehjPKhPj
                0x0041c130       0xf0 C:/Program Files/ETAS/ISOLAR-EVE3.0/plugins/com.etas.evetools.toolsfolder_1.4.5/Tools/MinGW/bin/../lib/gcc/i686-w64-mingw32/4.9.2\libstdc++.a(eh_personality.o)
 .text$_ZN10__cxxabiv111__terminateEPFvvE
                0x0041c220       0x40 C:/Program Files/ETAS/ISOLAR-EVE3.0/plugins/com.etas.evetools.toolsfolder_1.4.5/Tools/MinGW/bin/../lib/gcc/i686-w64-mingw32/4.9.2\libstdc++.a(eh_terminate.o)
                0x0041c220                __cxxabiv1::__terminate(void (*)())
 .text$_ZN10__cxxabiv112__unexpectedEPFvvE
                0x0041c260       0x10 C:/Program Files/ETAS/ISOLAR-EVE3.0/plugins/com.etas.evetools.toolsfolder_1.4.5/Tools/MinGW/bin/../lib/gcc/i686-w64-mingw32/4.9.2\libstdc++.a(eh_terminate.o)
                0x0041c260                __cxxabiv1::__unexpected(void (*)())
 .text$_ZN10__cxxabiv115__forced_unwindD0Ev
                0x0041c270       0x10 C:/Program Files/ETAS/ISOLAR-EVE3.0/plugins/com.etas.evetools.toolsfolder_1.4.5/Tools/MinGW/bin/../lib/gcc/i686-w64-mingw32/4.9.2\libstdc++.a(eh_exception.o)
                0x0041c270                __cxxabiv1::__forced_unwind::~__forced_unwind()
 .text$_ZN10__cxxabiv115__forced_unwindD2Ev
                0x0041c280       0x10 C:/Program Files/ETAS/ISOLAR-EVE3.0/plugins/com.etas.evetools.toolsfolder_1.4.5/Tools/MinGW/bin/../lib/gcc/i686-w64-mingw32/4.9.2\libstdc++.a(eh_exception.o)
                0x0041c280                __cxxabiv1::__forced_unwind::~__forced_unwind()
                0x0041c280                __cxxabiv1::__forced_unwind::~__forced_unwind()
 .text$_ZN10__cxxabiv117__class_type_infoD0Ev
                0x0041c290       0x20 C:/Program Files/ETAS/ISOLAR-EVE3.0/plugins/com.etas.evetools.toolsfolder_1.4.5/Tools/MinGW/bin/../lib/gcc/i686-w64-mingw32/4.9.2\libstdc++.a(class_type_info.o)
                0x0041c290                __cxxabiv1::__class_type_info::~__class_type_info()
 .text$_ZN10__cxxabiv117__class_type_infoD2Ev
                0x0041c2b0       0x10 C:/Program Files/ETAS/ISOLAR-EVE3.0/plugins/com.etas.evetools.toolsfolder_1.4.5/Tools/MinGW/bin/../lib/gcc/i686-w64-mingw32/4.9.2\libstdc++.a(class_type_info.o)
                0x0041c2b0                __cxxabiv1::__class_type_info::~__class_type_info()
                0x0041c2b0                __cxxabiv1::__class_type_info::~__class_type_info()
 .text$_ZN10__cxxabiv119__foreign_exceptionD0Ev
                0x0041c2c0       0x10 C:/Program Files/ETAS/ISOLAR-EVE3.0/plugins/com.etas.evetools.toolsfolder_1.4.5/Tools/MinGW/bin/../lib/gcc/i686-w64-mingw32/4.9.2\libstdc++.a(eh_exception.o)
                0x0041c2c0                __cxxabiv1::__foreign_exception::~__foreign_exception()
 .text$_ZN10__cxxabiv119__foreign_exceptionD2Ev
                0x0041c2d0       0x10 C:/Program Files/ETAS/ISOLAR-EVE3.0/plugins/com.etas.evetools.toolsfolder_1.4.5/Tools/MinGW/bin/../lib/gcc/i686-w64-mingw32/4.9.2\libstdc++.a(eh_exception.o)
                0x0041c2d0                __cxxabiv1::__foreign_exception::~__foreign_exception()
                0x0041c2d0                __cxxabiv1::__foreign_exception::~__foreign_exception()
 .text$_ZN10__cxxabiv120__si_class_type_infoD0Ev
                0x0041c2e0       0x20 C:/Program Files/ETAS/ISOLAR-EVE3.0/plugins/com.etas.evetools.toolsfolder_1.4.5/Tools/MinGW/bin/../lib/gcc/i686-w64-mingw32/4.9.2\libstdc++.a(si_class_type_info.o)
                0x0041c2e0                __cxxabiv1::__si_class_type_info::~__si_class_type_info()
 .text$_ZN10__cxxabiv120__si_class_type_infoD2Ev
                0x0041c300       0x10 C:/Program Files/ETAS/ISOLAR-EVE3.0/plugins/com.etas.evetools.toolsfolder_1.4.5/Tools/MinGW/bin/../lib/gcc/i686-w64-mingw32/4.9.2\libstdc++.a(si_class_type_info.o)
                0x0041c300                __cxxabiv1::__si_class_type_info::~__si_class_type_info()
                0x0041c300                __cxxabiv1::__si_class_type_info::~__si_class_type_info()
 .text$_ZN10__cxxabiv121__vmi_class_type_infoD0Ev
                0x0041c310       0x20 C:/Program Files/ETAS/ISOLAR-EVE3.0/plugins/com.etas.evetools.toolsfolder_1.4.5/Tools/MinGW/bin/../lib/gcc/i686-w64-mingw32/4.9.2\libstdc++.a(vmi_class_type_info.o)
                0x0041c310                __cxxabiv1::__vmi_class_type_info::~__vmi_class_type_info()
 .text$_ZN10__cxxabiv121__vmi_class_type_infoD2Ev
                0x0041c330       0x10 C:/Program Files/ETAS/ISOLAR-EVE3.0/plugins/com.etas.evetools.toolsfolder_1.4.5/Tools/MinGW/bin/../lib/gcc/i686-w64-mingw32/4.9.2\libstdc++.a(vmi_class_type_info.o)
                0x0041c330                __cxxabiv1::__vmi_class_type_info::~__vmi_class_type_info()
                0x0041c330                __cxxabiv1::__vmi_class_type_info::~__vmi_class_type_info()
 .text$_ZN10vrtaDevice17GetPersistentDataEv
                0x0041c340       0x10 RTAOS.lib(vrtaCore.o)
                0x0041c340                vrtaDevice::GetPersistentData()
 .text$_ZN10vrtaDevice17SetPersistentDataEPht
                0x0041c350       0x10 RTAOS.lib(vrtaCore.o)
                0x0041c350                vrtaDevice::SetPersistentData(unsigned char*, unsigned short)
 .text$_ZN10vrtaDevice21GetPersistentDataSizeEv
                0x0041c360       0x10 RTAOS.lib(vrtaCore.o)
                0x0041c360                vrtaDevice::GetPersistentDataSize()
 .text$_ZN10vrtaSensor17GetPersistentDataEv
                0x0041c370       0x40 RTAOS.lib(vrtaSampleDevices.o)
                0x0041c370                vrtaSensor::GetPersistentData()
 .text$_ZN10vrtaSensor21GetPersistentDataSizeEv
                0x0041c3b0       0x10 RTAOS.lib(vrtaSampleDevices.o)
                0x0041c3b0                vrtaSensor::GetPersistentDataSize()
 .text$_ZN10vrtaSensor8StartingEv
                0x0041c3c0       0x10 RTAOS.lib(vrtaSampleDevices.o)
                0x0041c3c0                vrtaSensor::Starting()
 .text$_ZN10vrtaSensor8StoppingEv
                0x0041c3d0       0x10 RTAOS.lib(vrtaSampleDevices.o)
                0x0041c3d0                vrtaSensor::Stopping()
 .text$_ZN11vrtaCompare17GetPersistentDataEv
                0x0041c3e0       0x10 RTAOS.lib(vrtaSampleDevices.o)
                0x0041c3e0                vrtaCompare::GetPersistentData()
 .text$_ZN11vrtaCompare21GetPersistentDataSizeEv
                0x0041c3f0       0x10 RTAOS.lib(vrtaSampleDevices.o)
                0x0041c3f0                vrtaCompare::GetPersistentDataSize()
 .text$_ZN11vrtaCompare8StartingEv
                0x0041c400       0x10 RTAOS.lib(vrtaSampleDevices.o)
                0x0041c400                vrtaCompare::Starting()
 .text$_ZN11vrtaCompare8StoppingEv
                0x0041c410       0x10 RTAOS.lib(vrtaSampleDevices.o)
                0x0041c410                vrtaCompare::Stopping()
 .text$_ZN11vrtaCounter17GetPersistentDataEv
                0x0041c420       0x40 RTAOS.lib(vrtaSampleDevices.o)
                0x0041c420                vrtaCounter::GetPersistentData()
 .text$_ZN11vrtaCounter21GetPersistentDataSizeEv
                0x0041c460       0x10 RTAOS.lib(vrtaSampleDevices.o)
                0x0041c460                vrtaCounter::GetPersistentDataSize()
 .text$_ZN12vrtaActuator17GetPersistentDataEv
                0x0041c470       0x40 RTAOS.lib(vrtaSampleDevices.o)
                0x0041c470                vrtaActuator::GetPersistentData()
 .text$_ZN12vrtaActuator21GetPersistentDataSizeEv
                0x0041c4b0       0x10 RTAOS.lib(vrtaSampleDevices.o)
                0x0041c4b0                vrtaActuator::GetPersistentDataSize()
 .text$_ZN12vrtaActuator8StartingEv
                0x0041c4c0       0x10 RTAOS.lib(vrtaSampleDevices.o)
                0x0041c4c0                vrtaActuator::Starting()
 .text$_ZN12vrtaActuator8StoppingEv
                0x0041c4d0       0x10 RTAOS.lib(vrtaSampleDevices.o)
                0x0041c4d0                vrtaActuator::Stopping()
 .text$_ZN13VirtualDevice10ActionListD0Ev
                0x0041c4e0       0x30 RTAOS.lib(virtualDevice.o)
                0x0041c4e0                VirtualDevice::ActionList::~ActionList()
 .text$_ZN13VirtualDevice10ActionListD1Ev
                0x0041c510       0x20 RTAOS.lib(virtualDevice.o)
                0x0041c510                VirtualDevice::ActionList::~ActionList()
 .text$_ZN13VirtualDevice7OptListD0Ev
                0x0041c530       0x30 RTAOS.lib(virtualDevice.o)
                0x0041c530                VirtualDevice::OptList::~OptList()
 .text$_ZN13VirtualDevice7OptListD1Ev
                0x0041c560       0x20 RTAOS.lib(virtualDevice.o)
                0x0041c560                VirtualDevice::OptList::~OptList()
 .text$_ZN13VirtualDevice8StartingEv
                0x0041c580       0x10 RTAOS.lib(vrtaOSMonitorDevice.o)
                0x0041c580                VirtualDevice::Starting()
 .text$_ZN13VirtualDevice8StoppingEv
                0x0041c590       0x10 RTAOS.lib(vrtaOSMonitorDevice.o)
                0x0041c590                VirtualDevice::Stopping()
 .text$_ZN13VirtualDevice9EventListD0Ev
                0x0041c5a0       0x30 RTAOS.lib(virtualDevice.o)
                0x0041c5a0                VirtualDevice::EventList::~EventList()
 .text$_ZN13VirtualDevice9EventListD1Ev
                0x0041c5d0       0x20 RTAOS.lib(virtualDevice.o)
                0x0041c5d0                VirtualDevice::EventList::~EventList()
 .text$_ZN13vrtaBaseClock17GetPersistentDataEv
                0x0041c5f0       0x20 RTAOS.lib(vrtaSampleDevices.o)
                0x0041c5f0                vrtaBaseClock::GetPersistentData()
 .text$_ZN13vrtaBaseClock21GetPersistentDataSizeEv
                0x0041c610       0x10 RTAOS.lib(vrtaSampleDevices.o)
                0x0041c610                vrtaBaseClock::GetPersistentDataSize()
 .text$_ZN13vrtaBaseClock4StopEv
                0x0041c620       0x10 RTAOS.lib(vrtaSampleDevices.o)
                0x0041c620                vrtaBaseClock::Stop()
 .text$_ZN13vrtaBaseClock8StoppingEv
                0x0041c630       0x10 RTAOS.lib(vrtaSampleDevices.o)
                0x0041c630                vrtaBaseClock::Stopping()
 .text$_ZN13vrtaUpCounterC1EPcR13vrtaBaseClock
                0x0041c640       0x38 EVE_SystemClock.o
                0x0041c640                vrtaUpCounter::vrtaUpCounter(char*, vrtaBaseClock&)
 *fill*         0x0041c678        0x8 
 .text$_ZN14vrtaComparable17GetPersistentDataEv
                0x0041c680       0x10 RTAOS.lib(vrtaSampleDevices.o)
                0x0041c680                vrtaComparable::GetPersistentData()