<html>
<body>
<pre>
<h1>µVision Build Log</h1>
<h2>Tool Versions:</h2>
IDE-Version: •ÏVision V5.25.2.0
Copyright (C) 2018 ARM Ltd and ARM Germany GmbH. All rights reserved.
License Information: Oh Seungmin, Ajou Univ., LIC=----
 
Tool Versions:
Toolchain:       MDK-Lite  Version: 5.25.2.0
Toolchain Path:  E:\Programs\ARM\ARMCC\Bin
C Compiler:      Armcc.exe V5.06 update 6 (build 750)
Assembler:       Armasm.exe V5.06 update 6 (build 750)
Linker/Locator:  ArmLink.exe V5.06 update 6 (build 750)
Library Manager: ArmAr.exe V5.06 update 6 (build 750)
Hex Converter:   FromElf.exe V5.06 update 6 (build 750)
CPU DLL:         SARMCM3.DLL V5.25.2.0
Dialog DLL:      DARMP1.DLL V1.27.0.0
Target DLL:      UL2CM3.DLL V1.160.12.0
Dialog DLL:      TARMP1.DLL V1.26.0.0
 
<h2>Project:</h2>
C:\Users\Rhcsky\Desktop\Bare Metal Programming\Cortex-M3\source_code\Example\10_FND\MDK-ARM\ARM_CortexM3_FND.uvproj
Project File Date:  09/11/2020

<h2>Output:</h2>
*** Using Compiler 'V5.06 update 6 (build 750)', folder: 'E:\Programs\ARM\ARMCC\Bin'
Rebuild target 'ARM_CortexM3_NXP'
assembling startup_LPC17xx.s...
compiling system_LPC17xx.c...
compiling lpc17xx_pinsel.c...
compiling LPC1768_utility.c...
..\..\Huins_NXP_LPC1768_Library\Drivers\source\LPC1768_utility.c(75): warning:  #61-D: integer operation result is out of range
  			GPIO_SetDir(GPIO_PORT_1, (1<<28) | (1<<29) | (1<<31), OUTPUT); 
..\..\Huins_NXP_LPC1768_Library\Drivers\source\LPC1768_utility.c(126): warning:  #61-D: integer operation result is out of range
  			GPIO_SetValue(GPIO_PORT_1, (1<<28) | (1<<29) | (1<<31));
..\..\Huins_NXP_LPC1768_Library\Drivers\source\LPC1768_utility.c: 2 warnings, 0 errors
compiling lpc17xx_gpio.c...
compiling LPC1768_fnd.c...
compiling lpc17xx_timer.c...
compiling lpc17xx_libcfg_default.c...
compiling lpc17xx_clkpwr.c...
compiling lpc17xx_exti.c...
compiling debug_frmwrk.c...
compiling lpc17xx_adc.c...
compiling lpc17xx_dac.c...
compiling lpc17xx_emac.c...
compiling lpc17xx_iap.c...
compiling lpc17xx_gpdma.c...
compiling lpc17xx_can.c...
compiling lpc17xx_i2s.c...
compiling lpc17xx_i2c.c...
compiling lpc17xx_mcpwm.c...
compiling lpc17xx_nvic.c...
compiling lpc17xx_pwm.c...
compiling lpc17xx_qei.c...
compiling lpc17xx_rit.c...
compiling lpc17xx_spi.c...
compiling lpc17xx_rtc.c...
compiling lpc17xx_ssp.c...
compiling lpc17xx_systick.c...
compiling test.c...
compiling lpc17xx_wdt.c...
compiling LPC1768_motor.c...
compiling lpc17xx_uart.c...
compiling FND.c...
..\Src\FND.c(336): warning:  #177-D: variable "temp"  was declared but never referenced
    uint8_t temp = 0;
..\Src\FND.c(337): warning:  #177-D: variable "temp_time"  was declared but never referenced
    uint8_t temp_time = 0;
..\Src\FND.c(648): warning:  #61-D: integer operation result is out of range
    GPIO_SetDir(GPIO_PORT_1, (1 << 28) | (1 << 29) | (1 << 31), OUTPUT);
..\Src\FND.c(823): warning:  #1-D: last line of file ends without a newline
  }
..\Src\FND.c(765): warning:  #177-D: variable "i"  was declared but never referenced
    uint8_t i;
..\Src\FND.c: 5 warnings, 0 errors
linking...
Program Size: Code=11880 RO-data=236 RW-data=68 ZI-data=620  
FromELF: creating hex file...
".\Obj\FND.axf" - 0 Error(s), 7 Warning(s).
Build Time Elapsed:  00:00:02
</pre>
</body>
</html>
